
===========================================================================
report_checks -unconstrained
============================================================================
Startpoint: _72481_ (rising edge-triggered flip-flop clocked by clk)
Endpoint: _72480_ (rising edge-triggered flip-flop clocked by clk)
Path Group: clk
Path Type: max

Fanout     Cap    Slew   Delay    Time   Description
-----------------------------------------------------------------------------
                          0.00    0.00   clock clk (rise edge)
                          0.00    0.00   clock source latency
                  0.63    0.51    0.51 ^ clk (in)
     1    0.14                           clk (net)
                  0.66    0.00    0.51 ^ clkbuf_0_clk/A (sky130_fd_sc_hd__clkbuf_16)
                  0.10    0.33    0.84 ^ clkbuf_0_clk/X (sky130_fd_sc_hd__clkbuf_16)
     2    0.08                           clknet_0_clk (net)
                  0.10    0.00    0.84 ^ clkbuf_1_1_0_clk/A (sky130_fd_sc_hd__clkbuf_8)
                  0.11    0.20    1.04 ^ clkbuf_1_1_0_clk/X (sky130_fd_sc_hd__clkbuf_8)
     2    0.06                           clknet_1_1_0_clk (net)
                  0.11    0.01    1.05 ^ clkbuf_2_3_0_clk/A (sky130_fd_sc_hd__clkbuf_8)
                  0.09    0.19    1.25 ^ clkbuf_2_3_0_clk/X (sky130_fd_sc_hd__clkbuf_8)
     2    0.05                           clknet_2_3_0_clk (net)
                  0.09    0.01    1.26 ^ clkbuf_2_3_1_clk/A (sky130_fd_sc_hd__clkbuf_8)
                  0.16    0.24    1.50 ^ clkbuf_2_3_1_clk/X (sky130_fd_sc_hd__clkbuf_8)
     4    0.09                           clknet_2_3_1_clk (net)
                  0.16    0.01    1.51 ^ clkbuf_4_13_0_clk/A (sky130_fd_sc_hd__clkbuf_8)
                  0.10    0.22    1.73 ^ clkbuf_4_13_0_clk/X (sky130_fd_sc_hd__clkbuf_8)
     4    0.05                           clknet_4_13_0_clk (net)
                  0.10    0.00    1.73 ^ clkbuf_5_26_0_clk/A (sky130_fd_sc_hd__clkbuf_8)
                  0.18    0.26    1.99 ^ clkbuf_5_26_0_clk/X (sky130_fd_sc_hd__clkbuf_8)
     8    0.10                           clknet_5_26_0_clk (net)
                  0.18    0.00    1.99 ^ clkbuf_8_208_0_clk/A (sky130_fd_sc_hd__clkbuf_8)
                  0.15    0.27    2.26 ^ clkbuf_8_208_0_clk/X (sky130_fd_sc_hd__clkbuf_8)
     8    0.08                           clknet_8_208_0_clk (net)
                  0.15    0.00    2.26 ^ clkbuf_leaf_1650_clk/A (sky130_fd_sc_hd__clkbuf_16)
                  0.03    0.16    2.42 ^ clkbuf_leaf_1650_clk/X (sky130_fd_sc_hd__clkbuf_16)
     2    0.01                           clknet_leaf_1650_clk (net)
                  0.03    0.00    2.42 ^ _72481_/CLK (sky130_fd_sc_hd__dfxtp_4)
                  0.17    0.45    2.87 ^ _72481_/Q (sky130_fd_sc_hd__dfxtp_4)
    10    0.06                           isl_blksiz.cek.arka_taraf_dut.coz_yazmacoku_dut.yrt_deger2_o[0] (net)
                  0.17    0.00    2.87 ^ _33526_/A (sky130_fd_sc_hd__clkbuf_4)
                  0.14    0.26    3.14 ^ _33526_/X (sky130_fd_sc_hd__clkbuf_4)
    10    0.04                           _05780_ (net)
                  0.14    0.00    3.14 ^ _33527_/A (sky130_fd_sc_hd__clkbuf_4)
                  0.15    0.26    3.40 ^ _33527_/X (sky130_fd_sc_hd__clkbuf_4)
    10    0.05                           _05781_ (net)
                  0.15    0.00    3.40 ^ _33528_/A (sky130_fd_sc_hd__clkbuf_4)
                  0.14    0.25    3.65 ^ _33528_/X (sky130_fd_sc_hd__clkbuf_4)
    10    0.04                           _05782_ (net)
                  0.14    0.00    3.65 ^ _33529_/A (sky130_fd_sc_hd__clkbuf_4)
                  0.12    0.24    3.89 ^ _33529_/X (sky130_fd_sc_hd__clkbuf_4)
    10    0.04                           _05783_ (net)
                  0.12    0.00    3.89 ^ _33629_/A (sky130_fd_sc_hd__clkbuf_4)
                  0.14    0.25    4.14 ^ _33629_/X (sky130_fd_sc_hd__clkbuf_4)
    10    0.04                           _05882_ (net)
                  0.14    0.00    4.14 ^ _33814_/A (sky130_fd_sc_hd__clkbuf_4)
                  0.14    0.25    4.39 ^ _33814_/X (sky130_fd_sc_hd__clkbuf_4)
    10    0.04                           _06062_ (net)
                  0.14    0.00    4.39 ^ _35267_/S (sky130_fd_sc_hd__mux2_1)
                  0.08    0.39    4.78 v _35267_/X (sky130_fd_sc_hd__mux2_1)
     3    0.01                           _07457_ (net)
                  0.08    0.00    4.78 v _36148_/A1 (sky130_fd_sc_hd__mux4_1)
                  0.10    0.56    5.34 v _36148_/X (sky130_fd_sc_hd__mux4_1)
     1    0.01                           _08276_ (net)
                  0.10    0.00    5.34 v _36149_/B1 (sky130_fd_sc_hd__a22oi_1)
                  0.20    0.20    5.54 ^ _36149_/Y (sky130_fd_sc_hd__a22oi_1)
     1    0.01                           _08277_ (net)
                  0.20    0.00    5.54 ^ _36150_/A (sky130_fd_sc_hd__inv_2)
                  0.05    0.07    5.60 v _36150_/Y (sky130_fd_sc_hd__inv_2)
     2    0.01                           _08278_ (net)
                  0.05    0.00    5.60 v _36151_/B1 (sky130_fd_sc_hd__a21o_1)
                  0.04    0.16    5.77 v _36151_/X (sky130_fd_sc_hd__a21o_1)
     1    0.00                           _08279_ (net)
                  0.04    0.00    5.77 v _36153_/B1 (sky130_fd_sc_hd__a22o_1)
                  0.04    0.18    5.95 v _36153_/X (sky130_fd_sc_hd__a22o_1)
     1    0.00                           _08281_ (net)
                  0.04    0.00    5.95 v _36156_/A2 (sky130_fd_sc_hd__o211a_1)
                  0.05    0.22    6.17 v _36156_/X (sky130_fd_sc_hd__o211a_1)
     1    0.01                           _08284_ (net)
                  0.05    0.00    6.18 v _36157_/B1 (sky130_fd_sc_hd__a31o_1)
                  0.07    0.23    6.40 v _36157_/X (sky130_fd_sc_hd__a31o_1)
     2    0.01                           _08285_ (net)
                  0.07    0.00    6.40 v _36163_/A3 (sky130_fd_sc_hd__a31o_1)
                  0.05    0.25    6.65 v _36163_/X (sky130_fd_sc_hd__a31o_1)
     1    0.01                           _08291_ (net)
                  0.05    0.00    6.65 v _36164_/A2_N (sky130_fd_sc_hd__a2bb2o_4)
                  0.22    0.33    6.99 ^ _36164_/X (sky130_fd_sc_hd__a2bb2o_4)
     4    0.07                           _08292_ (net)
                  0.22    0.02    7.01 ^ max_cap7036/A (sky130_fd_sc_hd__buf_6)
                  0.11    0.20    7.21 ^ max_cap7036/X (sky130_fd_sc_hd__buf_6)
     5    0.05                           net7036 (net)
                  0.11    0.01    7.22 ^ _36505_/A0 (sky130_fd_sc_hd__mux2_1)
                  0.05    0.15    7.37 ^ _36505_/X (sky130_fd_sc_hd__mux2_1)
     1    0.00                           _08601_ (net)
                  0.05    0.00    7.37 ^ _36506_/A (sky130_fd_sc_hd__buf_4)
                  0.16    0.21    7.58 ^ _36506_/X (sky130_fd_sc_hd__buf_4)
     1    0.06                           isl_blksiz.veri_onbellegi_denetleyici_dut.yol_A0[0] (net)
                  0.16    0.01    7.58 ^ fanout5749/A (sky130_fd_sc_hd__buf_12)
                  0.30    0.28    7.87 ^ fanout5749/X (sky130_fd_sc_hd__buf_12)
     7    0.27                           net5749 (net)
                  0.30    0.00    7.87 ^ fanout5557/A (sky130_fd_sc_hd__buf_12)
                  0.14    0.23    8.11 ^ fanout5557/X (sky130_fd_sc_hd__buf_12)
     6    0.11                           net5557 (net)
                  0.14    0.01    8.12 ^ fanout5497/A (sky130_fd_sc_hd__buf_6)
                  0.14    0.20    8.32 ^ fanout5497/X (sky130_fd_sc_hd__buf_6)
     5    0.07                           net5497 (net)
                  0.14    0.01    8.34 ^ fanout5480/A (sky130_fd_sc_hd__buf_4)
                  0.15    0.24    8.57 ^ fanout5480/X (sky130_fd_sc_hd__buf_4)
     7    0.05                           net5480 (net)
                  0.15    0.00    8.57 ^ fanout5469/A (sky130_fd_sc_hd__buf_2)
                  0.17    0.25    8.82 ^ fanout5469/X (sky130_fd_sc_hd__buf_2)
     6    0.03                           net5469 (net)
                  0.17    0.00    8.82 ^ fanout5468/A (sky130_fd_sc_hd__clkbuf_4)
                  0.13    0.25    9.08 ^ fanout5468/X (sky130_fd_sc_hd__clkbuf_4)
     7    0.04                           net5468 (net)
                  0.13    0.00    9.08 ^ fanout5467/A (sky130_fd_sc_hd__buf_4)
                  0.15    0.23    9.31 ^ fanout5467/X (sky130_fd_sc_hd__buf_4)
    10    0.05                           net5467 (net)
                  0.15    0.00    9.31 ^ vffram_t1_0.REGF[0].RAM32x8_ASYNC_dut.m0.m7.m0.m1.m0/S0 (sky130_fd_sc_hd__mux4_1)
                  0.08    0.58    9.89 v vffram_t1_0.REGF[0].RAM32x8_ASYNC_dut.m0.m7.m0.m1.m0/X (sky130_fd_sc_hd__mux4_1)
     1    0.00                           vffram_t1_0.REGF[0].RAM32x8_ASYNC_dut.m0.m7.m0.m1.tmp0 (net)
                  0.08    0.00    9.89 v vffram_t1_0.REGF[0].RAM32x8_ASYNC_dut.m0.m7.m0.m1.m2/A0 (sky130_fd_sc_hd__mux2_1)
                  0.08    0.33   10.23 v vffram_t1_0.REGF[0].RAM32x8_ASYNC_dut.m0.m7.m0.m1.m2/X (sky130_fd_sc_hd__mux2_1)
     1    0.01                           vffram_t1_0.REGF[0].RAM32x8_ASYNC_dut.m0.m7.m0.m1.X (net)
                  0.08    0.00   10.23 v vffram_t1_0.REGF[0].RAM32x8_ASYNC_dut.m0.m7.m0.m2/A1 (sky130_fd_sc_hd__mux2_1)
                  0.10    0.37   10.60 v vffram_t1_0.REGF[0].RAM32x8_ASYNC_dut.m0.m7.m0.m2/X (sky130_fd_sc_hd__mux2_1)
     2    0.01                           vffram_t1_0.REGF[0].RAM32x8_ASYNC_dut.m0.m7.m0.X (net)
                  0.10    0.00   10.60 v vffram_t1_0.REGF[0].RAM32x8_ASYNC_dut.m0.m7.m2/A0 (sky130_fd_sc_hd__mux2_2)
                  0.10    0.36   10.96 v vffram_t1_0.REGF[0].RAM32x8_ASYNC_dut.m0.m7.m2/X (sky130_fd_sc_hd__mux2_2)
     1    0.02                           vffram_t1_0.REGF[0].RAM32x8_ASYNC_dut.m0.m7.X (net)
                  0.10    0.00   10.96 v vffram_t1_0.m0.m7.m0/A0 (sky130_fd_sc_hd__mux4_2)
                  0.17    0.63   11.60 v vffram_t1_0.m0.m7.m0/X (sky130_fd_sc_hd__mux4_2)
     2    0.04                           vffram_t1_0.m0.m7.tmp0 (net)
                  0.17    0.01   11.61 v vffram_t1_0.m0.m7.m2/A0 (sky130_fd_sc_hd__mux2_4)
                  0.11    0.41   12.02 v vffram_t1_0.m0.m7.m2/X (sky130_fd_sc_hd__mux2_4)
     2    0.05                           vffram_t1_0.m0.m7.X (net)
                  0.11    0.00   12.02 v _34002_/A (sky130_fd_sc_hd__xor2_1)
                  0.11    0.18   12.20 ^ _34002_/X (sky130_fd_sc_hd__xor2_1)
     1    0.00                           _06247_ (net)
                  0.11    0.00   12.20 ^ _34003_/B1 (sky130_fd_sc_hd__o21ai_1)
                  0.05    0.08   12.28 v _34003_/Y (sky130_fd_sc_hd__o21ai_1)
     1    0.00                           _06248_ (net)
                  0.05    0.00   12.28 v _34004_/C1 (sky130_fd_sc_hd__a221o_1)
                  0.06    0.27   12.55 v _34004_/X (sky130_fd_sc_hd__a221o_1)
     1    0.00                           _06249_ (net)
                  0.06    0.00   12.55 v _34011_/A (sky130_fd_sc_hd__or4_1)
                  0.10    0.57   13.12 v _34011_/X (sky130_fd_sc_hd__or4_1)
     1    0.01                           _06256_ (net)
                  0.10    0.00   13.12 v _34012_/D1 (sky130_fd_sc_hd__a2111o_4)
                  0.13    0.46   13.58 v _34012_/X (sky130_fd_sc_hd__a2111o_4)
     2    0.04                           _06257_ (net)
                  0.13    0.01   13.59 v _35977_/A (sky130_fd_sc_hd__buf_4)
                  0.07    0.22   13.81 v _35977_/X (sky130_fd_sc_hd__buf_4)
    10    0.04                           _08134_ (net)
                  0.07    0.00   13.82 v _43044_/A2 (sky130_fd_sc_hd__o22a_1)
                  0.09    0.26   14.08 v _43044_/X (sky130_fd_sc_hd__o22a_1)
     1    0.01                           _13249_ (net)
                  0.09    0.00   14.08 v _43045_/B1 (sky130_fd_sc_hd__o22a_1)
                  0.04    0.20   14.28 v _43045_/X (sky130_fd_sc_hd__o22a_1)
     1    0.00                           _13250_ (net)
                  0.04    0.00   14.28 v _43047_/A2 (sky130_fd_sc_hd__o21a_1)
                  0.05    0.18   14.47 v _43047_/X (sky130_fd_sc_hd__o21a_1)
     2    0.01                           _13252_ (net)
                  0.05    0.00   14.47 v _43051_/A0 (sky130_fd_sc_hd__mux2_2)
                  0.10    0.35   14.81 v _43051_/X (sky130_fd_sc_hd__mux2_2)
     3    0.03                           _13256_ (net)
                  0.10    0.00   14.82 v _43060_/A0 (sky130_fd_sc_hd__mux2_1)
                  0.06    0.32   15.14 v _43060_/X (sky130_fd_sc_hd__mux2_1)
     1    0.00                           _13265_ (net)
                  0.06    0.00   15.14 v _43069_/A2 (sky130_fd_sc_hd__o21ai_1)
                  0.10    0.12   15.26 ^ _43069_/Y (sky130_fd_sc_hd__o21ai_1)
     1    0.00                           _13274_ (net)
                  0.10    0.00   15.26 ^ _43079_/A0 (sky130_fd_sc_hd__mux2_2)
                  0.10    0.22   15.48 ^ _43079_/X (sky130_fd_sc_hd__mux2_2)
     3    0.02                           _13284_ (net)
                  0.10    0.00   15.48 ^ _43081_/A (sky130_fd_sc_hd__or2b_2)
                  0.11    0.19   15.67 ^ _43081_/X (sky130_fd_sc_hd__or2b_2)
     3    0.02                           _13286_ (net)
                  0.11    0.00   15.67 ^ _43082_/B (sky130_fd_sc_hd__nand2_4)
                  0.08    0.10   15.77 v _43082_/Y (sky130_fd_sc_hd__nand2_4)
     9    0.03                           _13287_ (net)
                  0.08    0.00   15.78 v _43574_/A (sky130_fd_sc_hd__or2_1)
                  0.09    0.30   16.07 v _43574_/X (sky130_fd_sc_hd__or2_1)
     4    0.01                           _13770_ (net)
                  0.09    0.00   16.07 v _43595_/B1 (sky130_fd_sc_hd__a21o_1)
                  0.05    0.19   16.26 v _43595_/X (sky130_fd_sc_hd__a21o_1)
     1    0.01                           _13790_ (net)
                  0.05    0.00   16.26 v _43615_/A2 (sky130_fd_sc_hd__a31o_1)
                  0.04    0.21   16.47 v _43615_/X (sky130_fd_sc_hd__a31o_1)
     1    0.00                           _13810_ (net)
                  0.04    0.00   16.47 v _43616_/A1 (sky130_fd_sc_hd__mux2_1)
                  0.08    0.33   16.81 v _43616_/X (sky130_fd_sc_hd__mux2_1)
     2    0.01                           _13811_ (net)
                  0.08    0.00   16.81 v _43617_/A1 (sky130_fd_sc_hd__mux2_2)
                  0.08    0.34   17.14 v _43617_/X (sky130_fd_sc_hd__mux2_2)
     2    0.02                           _13812_ (net)
                  0.08    0.00   17.14 v _57646_/A1 (sky130_fd_sc_hd__o221a_2)
                  0.09    0.37   17.51 v _57646_/X (sky130_fd_sc_hd__o221a_2)
     3    0.02                           _24465_ (net)
                  0.09    0.00   17.51 v _58860_/A (sky130_fd_sc_hd__inv_2)
                  0.04    0.07   17.58 ^ _58860_/Y (sky130_fd_sc_hd__inv_2)
     2    0.01                           _25624_ (net)
                  0.04    0.00   17.58 ^ _58864_/B1 (sky130_fd_sc_hd__o22a_1)
                  0.07    0.15   17.73 ^ _58864_/X (sky130_fd_sc_hd__o22a_1)
     2    0.01                           _25628_ (net)
                  0.07    0.00   17.73 ^ _58866_/C (sky130_fd_sc_hd__and4_1)
                  0.06    0.20   17.93 ^ _58866_/X (sky130_fd_sc_hd__and4_1)
     1    0.00                           _25630_ (net)
                  0.06    0.00   17.93 ^ _58867_/D (sky130_fd_sc_hd__and4_1)
                  0.06    0.20   18.13 ^ _58867_/X (sky130_fd_sc_hd__and4_1)
     1    0.00                           _25631_ (net)
                  0.06    0.00   18.14 ^ _58868_/D (sky130_fd_sc_hd__and4_1)
                  0.05    0.19   18.33 ^ _58868_/X (sky130_fd_sc_hd__and4_1)
     1    0.00                           _25632_ (net)
                  0.05    0.00   18.33 ^ _58869_/C (sky130_fd_sc_hd__and3b_1)
                  0.06    0.17   18.50 ^ _58869_/X (sky130_fd_sc_hd__and3b_1)
     1    0.00                           _25633_ (net)
                  0.06    0.00   18.50 ^ _58872_/C_N (sky130_fd_sc_hd__or4bb_1)
                  0.10    0.53   19.02 v _58872_/X (sky130_fd_sc_hd__or4bb_1)
     2    0.01                           _25636_ (net)
                  0.10    0.00   19.02 v _58898_/A_N (sky130_fd_sc_hd__and4b_1)
                  0.05    0.27   19.29 ^ _58898_/X (sky130_fd_sc_hd__and4b_1)
     1    0.00                           _25662_ (net)
                  0.05    0.00   19.29 ^ _58899_/C (sky130_fd_sc_hd__and3_1)
                  0.06    0.17   19.46 ^ _58899_/X (sky130_fd_sc_hd__and3_1)
     1    0.00                           _25663_ (net)
                  0.06    0.00   19.46 ^ _58900_/A4 (sky130_fd_sc_hd__a41o_2)
                  0.13    0.28   19.74 ^ _58900_/X (sky130_fd_sc_hd__a41o_2)
     3    0.02                           _25664_ (net)
                  0.13    0.00   19.74 ^ _58930_/A (sky130_fd_sc_hd__or2b_1)
                  0.06    0.13   19.87 ^ _58930_/X (sky130_fd_sc_hd__or2b_1)
     1    0.01                           _25692_ (net)
                  0.06    0.00   19.87 ^ _58931_/B1 (sky130_fd_sc_hd__a31o_1)
                  0.15    0.18   20.06 ^ _58931_/X (sky130_fd_sc_hd__a31o_1)
     1    0.02                           _25693_ (net)
                  0.15    0.00   20.06 ^ _58932_/A2 (sky130_fd_sc_hd__a21oi_1)
                  0.05    0.09   20.14 v _58932_/Y (sky130_fd_sc_hd__a21oi_1)
     1    0.00                           _05192_ (net)
                  0.05    0.00   20.14 v _72480_/D (sky130_fd_sc_hd__dfxtp_1)
                                 20.14   data arrival time

                         25.00   25.00   clock clk (rise edge)
                          0.00   25.00   clock source latency
                  0.63    0.46   25.46 ^ clk (in)
     1    0.14                           clk (net)
                  0.66    0.00   25.46 ^ clkbuf_0_clk/A (sky130_fd_sc_hd__clkbuf_16)
                  0.10    0.30   25.76 ^ clkbuf_0_clk/X (sky130_fd_sc_hd__clkbuf_16)
     2    0.08                           clknet_0_clk (net)
                  0.10    0.01   25.77 ^ clkbuf_1_0_0_clk/A (sky130_fd_sc_hd__clkbuf_8)
                  0.10    0.18   25.94 ^ clkbuf_1_0_0_clk/X (sky130_fd_sc_hd__clkbuf_8)
     2    0.05                           clknet_1_0_0_clk (net)
                  0.10    0.01   25.95 ^ clkbuf_2_1_0_clk/A (sky130_fd_sc_hd__clkbuf_8)
                  0.09    0.17   26.12 ^ clkbuf_2_1_0_clk/X (sky130_fd_sc_hd__clkbuf_8)
     1    0.04                           clknet_2_1_0_clk (net)
                  0.09    0.01   26.13 ^ clkbuf_2_1_1_clk/A (sky130_fd_sc_hd__clkbuf_8)
                  0.18    0.23   26.36 ^ clkbuf_2_1_1_clk/X (sky130_fd_sc_hd__clkbuf_8)
     6    0.10                           clknet_2_1_1_clk (net)
                  0.18    0.01   26.37 ^ clkbuf_4_6_0_clk/A (sky130_fd_sc_hd__clkbuf_8)
                  0.10    0.20   26.57 ^ clkbuf_4_6_0_clk/X (sky130_fd_sc_hd__clkbuf_8)
     2    0.05                           clknet_4_6_0_clk (net)
                  0.10    0.00   26.57 ^ clkbuf_5_13_0_clk/A (sky130_fd_sc_hd__clkbuf_8)
                  0.19    0.24   26.81 ^ clkbuf_5_13_0_clk/X (sky130_fd_sc_hd__clkbuf_8)
     8    0.10                           clknet_5_13_0_clk (net)
                  0.19    0.00   26.82 ^ clkbuf_8_109_0_clk/A (sky130_fd_sc_hd__clkbuf_8)
                  0.35    0.38   27.19 ^ clkbuf_8_109_0_clk/X (sky130_fd_sc_hd__clkbuf_8)
    20    0.21                           clknet_8_109_0_clk (net)
                  0.35    0.01   27.20 ^ clkbuf_leaf_1355_clk/A (sky130_fd_sc_hd__clkbuf_16)
                  0.05    0.20   27.40 ^ clkbuf_leaf_1355_clk/X (sky130_fd_sc_hd__clkbuf_16)
     6    0.02                           clknet_leaf_1355_clk (net)
                  0.05    0.00   27.40 ^ _72480_/CLK (sky130_fd_sc_hd__dfxtp_1)
                         -0.25   27.15   clock uncertainty
                          0.08   27.23   clock reconvergence pessimism
                         -0.11   27.12   library setup time
                                 27.12   data required time
-----------------------------------------------------------------------------
                                 27.12   data required time
                                -20.14   data arrival time
-----------------------------------------------------------------------------
                                  6.98   slack (MET)



===========================================================================
report_checks --slack_max -0.01
============================================================================
No paths found.
