
===========================================================================
report_checks -unconstrained
============================================================================
Startpoint: _72481_ (rising edge-triggered flip-flop clocked by clk)
Endpoint: vffram_combined.REGF[1].RAM32x8_ASYNC_dut.REGF[0].RFW.BIT[3].FF
          (rising edge-triggered flip-flop clocked by clk)
Path Group: clk
Path Type: max

Fanout     Cap    Slew   Delay    Time   Description
-----------------------------------------------------------------------------
                  0.15    0.00    0.00   clock clk (rise edge)
                          0.00    0.00   clock network delay (ideal)
                  0.15    0.00    0.00 ^ _72481_/CLK (sky130_fd_sc_hd__dfxtp_2)
                  0.24    0.53    0.53 ^ _72481_/Q (sky130_fd_sc_hd__dfxtp_2)
    10    0.05                           isl_blksiz.cek.arka_taraf_dut.coz_yazmacoku_dut.yrt_deger2_o[0] (net)
                  0.24    0.00    0.53 ^ _33526_/A (sky130_fd_sc_hd__buf_1)
                  0.53    0.48    1.01 ^ _33526_/X (sky130_fd_sc_hd__buf_1)
    10    0.05                           _05780_ (net)
                  0.53    0.00    1.01 ^ _33527_/A (sky130_fd_sc_hd__buf_1)
                  0.55    0.52    1.53 ^ _33527_/X (sky130_fd_sc_hd__buf_1)
    10    0.05                           _05781_ (net)
                  0.55    0.00    1.53 ^ _33528_/A (sky130_fd_sc_hd__buf_1)
                  0.47    0.46    1.99 ^ _33528_/X (sky130_fd_sc_hd__buf_1)
    10    0.04                           _05782_ (net)
                  0.47    0.00    1.99 ^ _33529_/A (sky130_fd_sc_hd__buf_1)
                  0.46    0.45    2.44 ^ _33529_/X (sky130_fd_sc_hd__buf_1)
    10    0.04                           _05783_ (net)
                  0.46    0.00    2.44 ^ _33629_/A (sky130_fd_sc_hd__buf_1)
                  0.60    0.55    2.99 ^ _33629_/X (sky130_fd_sc_hd__buf_1)
    10    0.05                           _05882_ (net)
                  0.60    0.00    2.99 ^ _33814_/A (sky130_fd_sc_hd__buf_1)
                  0.49    0.48    3.48 ^ _33814_/X (sky130_fd_sc_hd__buf_1)
    10    0.04                           _06062_ (net)
                  0.49    0.00    3.48 ^ _33815_/A (sky130_fd_sc_hd__buf_1)
                  0.63    0.58    4.05 ^ _33815_/X (sky130_fd_sc_hd__buf_1)
    10    0.05                           _06063_ (net)
                  0.63    0.00    4.06 ^ _36584_/A (sky130_fd_sc_hd__buf_1)
                  0.80    0.70    4.76 ^ _36584_/X (sky130_fd_sc_hd__buf_1)
    10    0.07                           _08647_ (net)
                  0.80    0.01    4.77 ^ _36585_/A (sky130_fd_sc_hd__buf_1)
                  0.75    0.68    5.45 ^ _36585_/X (sky130_fd_sc_hd__buf_1)
    10    0.07                           _08648_ (net)
                  0.75    0.00    5.45 ^ _36586_/A (sky130_fd_sc_hd__xnor2_2)
                  0.18    0.22    5.67 v _36586_/Y (sky130_fd_sc_hd__xnor2_2)
     4    0.01                           isl_blksiz.cek.arka_taraf_dut.yurut_dut.amb.deger2_top[1] (net)
                  0.18    0.00    5.67 v isl_blksiz.cek.arka_taraf_dut.yurut_dut.amb.sklanksy_toplayici.U0.U236/B (sky130_fd_sc_hd__xor2_1)
                  0.09    0.19    5.86 v isl_blksiz.cek.arka_taraf_dut.yurut_dut.amb.sklanksy_toplayici.U0.U236/X (sky130_fd_sc_hd__xor2_1)
     1    0.00                           isl_blksiz.cek.arka_taraf_dut.yurut_dut.amb.sklanksy_toplayici.U0.n125_tree_32 (net)
                  0.09    0.00    5.86 v isl_blksiz.cek.arka_taraf_dut.yurut_dut.amb.sklanksy_toplayici.U0.U68/A2 (sky130_fd_sc_hd__a21o_1)
                  0.07    0.24    6.10 v isl_blksiz.cek.arka_taraf_dut.yurut_dut.amb.sklanksy_toplayici.U0.U68/X (sky130_fd_sc_hd__a21o_1)
     4    0.01                           isl_blksiz.cek.arka_taraf_dut.yurut_dut.amb.sklanksy_toplayici.U0.n122_tree_32 (net)
                  0.07    0.00    6.10 v isl_blksiz.cek.arka_taraf_dut.yurut_dut.amb.sklanksy_toplayici.U29.U286/A1 (sky130_fd_sc_hd__a21o_1)
                  0.04    0.17    6.28 v isl_blksiz.cek.arka_taraf_dut.yurut_dut.amb.sklanksy_toplayici.U29.U286/X (sky130_fd_sc_hd__a21o_1)
     1    0.00                           isl_blksiz.cek.arka_taraf_dut.yurut_dut.amb.sklanksy_toplayici.U29.n3_tree_3 (net)
                  0.04    0.00    6.28 v isl_blksiz.cek.arka_taraf_dut.yurut_dut.amb.sklanksy_toplayici.U29.U262/S (sky130_fd_sc_hd__mux2_1)
                  0.16    0.29    6.57 ^ isl_blksiz.cek.arka_taraf_dut.yurut_dut.amb.sklanksy_toplayici.U29.U262/X (sky130_fd_sc_hd__mux2_1)
     1    0.02                           isl_blksiz.cek.arka_taraf_dut.yurut_dut.amb.sklanksy_toplayici.U29.sum (net)
                  0.16    0.00    6.57 ^ _36164_/B1 (sky130_fd_sc_hd__a2bb2o_2)
                  0.49    0.52    7.09 ^ _36164_/X (sky130_fd_sc_hd__a2bb2o_2)
     8    0.10                           _08292_ (net)
                  0.49    0.03    7.13 ^ _36505_/A0 (sky130_fd_sc_hd__mux2_2)
                  0.05    0.25    7.38 ^ _36505_/X (sky130_fd_sc_hd__mux2_2)
     1    0.00                           _08601_ (net)
                  0.05    0.00    7.38 ^ _36506_/A (sky130_fd_sc_hd__buf_1)
                356.73  245.48  252.86 ^ _36506_/X (sky130_fd_sc_hd__buf_1)
  5920   31.13                           isl_blksiz.veri_onbellegi_denetleyici_dut.yol_A0[0] (net)
                358.20   19.74  272.60 ^ vffram_t1_0.REGF[6].RAM32x8_ASYNC_dut.m0.m4.m0.m1.m1/S0 (sky130_fd_sc_hd__mux4_1)
                  6.26   52.89  325.49 ^ vffram_t1_0.REGF[6].RAM32x8_ASYNC_dut.m0.m4.m0.m1.m1/X (sky130_fd_sc_hd__mux4_1)
     1    0.01                           vffram_t1_0.REGF[6].RAM32x8_ASYNC_dut.m0.m4.m0.m1.tmp1 (net)
                  6.26    0.00  325.49 ^ vffram_t1_0.REGF[6].RAM32x8_ASYNC_dut.m0.m4.m0.m1.m2/A1 (sky130_fd_sc_hd__mux2_1)
                  3.10    0.49  325.99 ^ vffram_t1_0.REGF[6].RAM32x8_ASYNC_dut.m0.m4.m0.m1.m2/X (sky130_fd_sc_hd__mux2_1)
     1    0.00                           vffram_t1_0.REGF[6].RAM32x8_ASYNC_dut.m0.m4.m0.m1.X (net)
                  3.10    0.00  325.99 ^ vffram_t1_0.REGF[6].RAM32x8_ASYNC_dut.m0.m4.m0.m2/A1 (sky130_fd_sc_hd__mux2_1)
                  1.30    0.42  326.41 ^ vffram_t1_0.REGF[6].RAM32x8_ASYNC_dut.m0.m4.m0.m2/X (sky130_fd_sc_hd__mux2_1)
     1    0.01                           vffram_t1_0.REGF[6].RAM32x8_ASYNC_dut.m0.m4.m0.X (net)
                  1.30    0.00  326.41 ^ vffram_t1_0.REGF[6].RAM32x8_ASYNC_dut.m0.m4.m2/A0 (sky130_fd_sc_hd__mux2_1)
                  0.49    0.40  326.81 ^ vffram_t1_0.REGF[6].RAM32x8_ASYNC_dut.m0.m4.m2/X (sky130_fd_sc_hd__mux2_1)
     1    0.02                           vffram_t1_0.REGF[6].RAM32x8_ASYNC_dut.m0.m4.X (net)
                  0.49    0.00  326.81 ^ vffram_t1_0.m0.m4.m1/A2 (sky130_fd_sc_hd__mux4_1)
                  0.46    0.35  327.16 ^ vffram_t1_0.m0.m4.m1/X (sky130_fd_sc_hd__mux4_1)
     1    0.00                           vffram_t1_0.m0.m4.tmp1 (net)
                  0.46    0.00  327.16 ^ vffram_t1_0.m0.m4.m2/A1 (sky130_fd_sc_hd__mux2_1)
                  0.46    0.51  327.67 ^ vffram_t1_0.m0.m4.m2/X (sky130_fd_sc_hd__mux2_1)
     3    0.05                           vffram_t1_0.m0.m4.X (net)
                  0.46    0.01  327.69 ^ _34009_/A (sky130_fd_sc_hd__or2_2)
                  0.06    0.21  327.90 ^ _34009_/X (sky130_fd_sc_hd__or2_2)
     1    0.00                           _06254_ (net)
                  0.06    0.00  327.90 ^ _34010_/C1 (sky130_fd_sc_hd__o221ai_2)
                  1.91    0.08  327.97 v _34010_/Y (sky130_fd_sc_hd__o221ai_2)
     1    0.00                           _06255_ (net)
                  1.91    0.00  327.97 v _34011_/D (sky130_fd_sc_hd__or4_2)
                  0.12    1.28  329.25 v _34011_/X (sky130_fd_sc_hd__or4_2)
     1    0.00                           _06256_ (net)
                  0.12    0.00  329.25 v _34012_/D1 (sky130_fd_sc_hd__a2111o_2)
                  0.16    0.51  329.77 v _34012_/X (sky130_fd_sc_hd__a2111o_2)
     2    0.04                           _06257_ (net)
                  0.16    0.01  329.77 v _35977_/A (sky130_fd_sc_hd__buf_1)
                  0.22    0.30  330.07 v _35977_/X (sky130_fd_sc_hd__buf_1)
    10    0.04                           _08134_ (net)
                  0.22    0.00  330.08 v _35978_/A (sky130_fd_sc_hd__buf_1)
                  0.17    0.28  330.36 v _35978_/X (sky130_fd_sc_hd__buf_1)
    10    0.03                           _08135_ (net)
                  0.17    0.00  330.36 v _35979_/A (sky130_fd_sc_hd__buf_1)
                  0.21    0.29  330.65 v _35979_/X (sky130_fd_sc_hd__buf_1)
    10    0.04                           _08136_ (net)
                  0.21    0.00  330.66 v _35980_/A (sky130_fd_sc_hd__buf_1)
                  0.26    0.35  331.00 v _35980_/X (sky130_fd_sc_hd__buf_1)
    10    0.05                           _08137_ (net)
                  0.26    0.00  331.00 v _35981_/C (sky130_fd_sc_hd__and4b_2)
                  0.05    0.34  331.34 v _35981_/X (sky130_fd_sc_hd__and4b_2)
     1    0.00                           _08138_ (net)
                  0.05    0.00  331.34 v _35982_/B (sky130_fd_sc_hd__nor2_2)
                  0.06    0.07  331.41 ^ _35982_/Y (sky130_fd_sc_hd__nor2_2)
     1    0.00                           _08139_ (net)
                  0.06    0.00  331.41 ^ _35985_/A1_N (sky130_fd_sc_hd__a2bb2o_2)
                  0.07    0.31  331.73 v _35985_/X (sky130_fd_sc_hd__a2bb2o_2)
     4    0.01                           _08142_ (net)
                  0.07    0.00  331.73 v _35987_/B (sky130_fd_sc_hd__nor2_2)
                  1.94    1.49  333.21 ^ _35987_/Y (sky130_fd_sc_hd__nor2_2)
     6    0.19                           _08143_ (net)
                  1.94    0.05  333.27 ^ _36004_/A (sky130_fd_sc_hd__nand2_2)
                  0.56    0.61  333.87 v _36004_/Y (sky130_fd_sc_hd__nand2_2)
     9    0.06                           _08158_ (net)
                  0.56    0.00  333.88 v _36005_/S (sky130_fd_sc_hd__mux2_2)
                  0.09    0.40  334.28 ^ _36005_/X (sky130_fd_sc_hd__mux2_2)
     1    0.00                           _08159_ (net)
                  0.09    0.00  334.28 ^ _36006_/A (sky130_fd_sc_hd__buf_1)
                 11.16    7.93  342.21 ^ _36006_/X (sky130_fd_sc_hd__buf_1)
   256    0.98                           vffram_combined.Di0[3] (net)
                 11.17    0.34  342.55 ^ vffram_combined.REGF[1].RAM32x8_ASYNC_dut.REGF[0].RFW.BIT[3].FF/D (sky130_fd_sc_hd__dfxtp_4)
                                342.55   data arrival time

                  0.15   25.00   25.00   clock clk (rise edge)
                          0.00   25.00   clock network delay (ideal)
                         -0.25   24.75   clock uncertainty
                          0.00   24.75   clock reconvergence pessimism
                                 24.75 ^ vffram_combined.REGF[1].RAM32x8_ASYNC_dut.REGF[0].RFW.BIT[3].FF/CLK (sky130_fd_sc_hd__dfxtp_4)
                         -0.98   23.77   library setup time
                                 23.77   data required time
-----------------------------------------------------------------------------
                                 23.77   data required time
                               -342.55   data arrival time
-----------------------------------------------------------------------------
                               -318.79   slack (VIOLATED)



===========================================================================
report_checks --slack_max -0.01
============================================================================
Startpoint: _72481_ (rising edge-triggered flip-flop clocked by clk)
Endpoint: vffram_combined.REGF[1].RAM32x8_ASYNC_dut.REGF[0].RFW.BIT[3].FF
          (rising edge-triggered flip-flop clocked by clk)
Path Group: clk
Path Type: max

Fanout     Cap    Slew   Delay    Time   Description
-----------------------------------------------------------------------------
                  0.15    0.00    0.00   clock clk (rise edge)
                          0.00    0.00   clock network delay (ideal)
                  0.15    0.00    0.00 ^ _72481_/CLK (sky130_fd_sc_hd__dfxtp_2)
                  0.24    0.53    0.53 ^ _72481_/Q (sky130_fd_sc_hd__dfxtp_2)
    10    0.05                           isl_blksiz.cek.arka_taraf_dut.coz_yazmacoku_dut.yrt_deger2_o[0] (net)
                  0.24    0.00    0.53 ^ _33526_/A (sky130_fd_sc_hd__buf_1)
                  0.53    0.48    1.01 ^ _33526_/X (sky130_fd_sc_hd__buf_1)
    10    0.05                           _05780_ (net)
                  0.53    0.00    1.01 ^ _33527_/A (sky130_fd_sc_hd__buf_1)
                  0.55    0.52    1.53 ^ _33527_/X (sky130_fd_sc_hd__buf_1)
    10    0.05                           _05781_ (net)
                  0.55    0.00    1.53 ^ _33528_/A (sky130_fd_sc_hd__buf_1)
                  0.47    0.46    1.99 ^ _33528_/X (sky130_fd_sc_hd__buf_1)
    10    0.04                           _05782_ (net)
                  0.47    0.00    1.99 ^ _33529_/A (sky130_fd_sc_hd__buf_1)
                  0.46    0.45    2.44 ^ _33529_/X (sky130_fd_sc_hd__buf_1)
    10    0.04                           _05783_ (net)
                  0.46    0.00    2.44 ^ _33629_/A (sky130_fd_sc_hd__buf_1)
                  0.60    0.55    2.99 ^ _33629_/X (sky130_fd_sc_hd__buf_1)
    10    0.05                           _05882_ (net)
                  0.60    0.00    2.99 ^ _33814_/A (sky130_fd_sc_hd__buf_1)
                  0.49    0.48    3.48 ^ _33814_/X (sky130_fd_sc_hd__buf_1)
    10    0.04                           _06062_ (net)
                  0.49    0.00    3.48 ^ _33815_/A (sky130_fd_sc_hd__buf_1)
                  0.63    0.58    4.05 ^ _33815_/X (sky130_fd_sc_hd__buf_1)
    10    0.05                           _06063_ (net)
                  0.63    0.00    4.06 ^ _36584_/A (sky130_fd_sc_hd__buf_1)
                  0.80    0.70    4.76 ^ _36584_/X (sky130_fd_sc_hd__buf_1)
    10    0.07                           _08647_ (net)
                  0.80    0.01    4.77 ^ _36585_/A (sky130_fd_sc_hd__buf_1)
                  0.75    0.68    5.45 ^ _36585_/X (sky130_fd_sc_hd__buf_1)
    10    0.07                           _08648_ (net)
                  0.75    0.00    5.45 ^ _36586_/A (sky130_fd_sc_hd__xnor2_2)
                  0.18    0.22    5.67 v _36586_/Y (sky130_fd_sc_hd__xnor2_2)
     4    0.01                           isl_blksiz.cek.arka_taraf_dut.yurut_dut.amb.deger2_top[1] (net)
                  0.18    0.00    5.67 v isl_blksiz.cek.arka_taraf_dut.yurut_dut.amb.sklanksy_toplayici.U0.U236/B (sky130_fd_sc_hd__xor2_1)
                  0.09    0.19    5.86 v isl_blksiz.cek.arka_taraf_dut.yurut_dut.amb.sklanksy_toplayici.U0.U236/X (sky130_fd_sc_hd__xor2_1)
     1    0.00                           isl_blksiz.cek.arka_taraf_dut.yurut_dut.amb.sklanksy_toplayici.U0.n125_tree_32 (net)
                  0.09    0.00    5.86 v isl_blksiz.cek.arka_taraf_dut.yurut_dut.amb.sklanksy_toplayici.U0.U68/A2 (sky130_fd_sc_hd__a21o_1)
                  0.07    0.24    6.10 v isl_blksiz.cek.arka_taraf_dut.yurut_dut.amb.sklanksy_toplayici.U0.U68/X (sky130_fd_sc_hd__a21o_1)
     4    0.01                           isl_blksiz.cek.arka_taraf_dut.yurut_dut.amb.sklanksy_toplayici.U0.n122_tree_32 (net)
                  0.07    0.00    6.10 v isl_blksiz.cek.arka_taraf_dut.yurut_dut.amb.sklanksy_toplayici.U29.U286/A1 (sky130_fd_sc_hd__a21o_1)
                  0.04    0.17    6.28 v isl_blksiz.cek.arka_taraf_dut.yurut_dut.amb.sklanksy_toplayici.U29.U286/X (sky130_fd_sc_hd__a21o_1)
     1    0.00                           isl_blksiz.cek.arka_taraf_dut.yurut_dut.amb.sklanksy_toplayici.U29.n3_tree_3 (net)
                  0.04    0.00    6.28 v isl_blksiz.cek.arka_taraf_dut.yurut_dut.amb.sklanksy_toplayici.U29.U262/S (sky130_fd_sc_hd__mux2_1)
                  0.16    0.29    6.57 ^ isl_blksiz.cek.arka_taraf_dut.yurut_dut.amb.sklanksy_toplayici.U29.U262/X (sky130_fd_sc_hd__mux2_1)
     1    0.02                           isl_blksiz.cek.arka_taraf_dut.yurut_dut.amb.sklanksy_toplayici.U29.sum (net)
                  0.16    0.00    6.57 ^ _36164_/B1 (sky130_fd_sc_hd__a2bb2o_2)
                  0.49    0.52    7.09 ^ _36164_/X (sky130_fd_sc_hd__a2bb2o_2)
     8    0.10                           _08292_ (net)
                  0.49    0.03    7.13 ^ _36505_/A0 (sky130_fd_sc_hd__mux2_2)
                  0.05    0.25    7.38 ^ _36505_/X (sky130_fd_sc_hd__mux2_2)
     1    0.00                           _08601_ (net)
                  0.05    0.00    7.38 ^ _36506_/A (sky130_fd_sc_hd__buf_1)
                356.73  245.48  252.86 ^ _36506_/X (sky130_fd_sc_hd__buf_1)
  5920   31.13                           isl_blksiz.veri_onbellegi_denetleyici_dut.yol_A0[0] (net)
                358.20   19.74  272.60 ^ vffram_t1_0.REGF[6].RAM32x8_ASYNC_dut.m0.m4.m0.m1.m1/S0 (sky130_fd_sc_hd__mux4_1)
                  6.26   52.89  325.49 ^ vffram_t1_0.REGF[6].RAM32x8_ASYNC_dut.m0.m4.m0.m1.m1/X (sky130_fd_sc_hd__mux4_1)
     1    0.01                           vffram_t1_0.REGF[6].RAM32x8_ASYNC_dut.m0.m4.m0.m1.tmp1 (net)
                  6.26    0.00  325.49 ^ vffram_t1_0.REGF[6].RAM32x8_ASYNC_dut.m0.m4.m0.m1.m2/A1 (sky130_fd_sc_hd__mux2_1)
                  3.10    0.49  325.99 ^ vffram_t1_0.REGF[6].RAM32x8_ASYNC_dut.m0.m4.m0.m1.m2/X (sky130_fd_sc_hd__mux2_1)
     1    0.00                           vffram_t1_0.REGF[6].RAM32x8_ASYNC_dut.m0.m4.m0.m1.X (net)
                  3.10    0.00  325.99 ^ vffram_t1_0.REGF[6].RAM32x8_ASYNC_dut.m0.m4.m0.m2/A1 (sky130_fd_sc_hd__mux2_1)
                  1.30    0.42  326.41 ^ vffram_t1_0.REGF[6].RAM32x8_ASYNC_dut.m0.m4.m0.m2/X (sky130_fd_sc_hd__mux2_1)
     1    0.01                           vffram_t1_0.REGF[6].RAM32x8_ASYNC_dut.m0.m4.m0.X (net)
                  1.30    0.00  326.41 ^ vffram_t1_0.REGF[6].RAM32x8_ASYNC_dut.m0.m4.m2/A0 (sky130_fd_sc_hd__mux2_1)
                  0.49    0.40  326.81 ^ vffram_t1_0.REGF[6].RAM32x8_ASYNC_dut.m0.m4.m2/X (sky130_fd_sc_hd__mux2_1)
     1    0.02                           vffram_t1_0.REGF[6].RAM32x8_ASYNC_dut.m0.m4.X (net)
                  0.49    0.00  326.81 ^ vffram_t1_0.m0.m4.m1/A2 (sky130_fd_sc_hd__mux4_1)
                  0.46    0.35  327.16 ^ vffram_t1_0.m0.m4.m1/X (sky130_fd_sc_hd__mux4_1)
     1    0.00                           vffram_t1_0.m0.m4.tmp1 (net)
                  0.46    0.00  327.16 ^ vffram_t1_0.m0.m4.m2/A1 (sky130_fd_sc_hd__mux2_1)
                  0.46    0.51  327.67 ^ vffram_t1_0.m0.m4.m2/X (sky130_fd_sc_hd__mux2_1)
     3    0.05                           vffram_t1_0.m0.m4.X (net)
                  0.46    0.01  327.69 ^ _34009_/A (sky130_fd_sc_hd__or2_2)
                  0.06    0.21  327.90 ^ _34009_/X (sky130_fd_sc_hd__or2_2)
     1    0.00                           _06254_ (net)
                  0.06    0.00  327.90 ^ _34010_/C1 (sky130_fd_sc_hd__o221ai_2)
                  1.91    0.08  327.97 v _34010_/Y (sky130_fd_sc_hd__o221ai_2)
     1    0.00                           _06255_ (net)
                  1.91    0.00  327.97 v _34011_/D (sky130_fd_sc_hd__or4_2)
                  0.12    1.28  329.25 v _34011_/X (sky130_fd_sc_hd__or4_2)
     1    0.00                           _06256_ (net)
                  0.12    0.00  329.25 v _34012_/D1 (sky130_fd_sc_hd__a2111o_2)
                  0.16    0.51  329.77 v _34012_/X (sky130_fd_sc_hd__a2111o_2)
     2    0.04                           _06257_ (net)
                  0.16    0.01  329.77 v _35977_/A (sky130_fd_sc_hd__buf_1)
                  0.22    0.30  330.07 v _35977_/X (sky130_fd_sc_hd__buf_1)
    10    0.04                           _08134_ (net)
                  0.22    0.00  330.08 v _35978_/A (sky130_fd_sc_hd__buf_1)
                  0.17    0.28  330.36 v _35978_/X (sky130_fd_sc_hd__buf_1)
    10    0.03                           _08135_ (net)
                  0.17    0.00  330.36 v _35979_/A (sky130_fd_sc_hd__buf_1)
                  0.21    0.29  330.65 v _35979_/X (sky130_fd_sc_hd__buf_1)
    10    0.04                           _08136_ (net)
                  0.21    0.00  330.66 v _35980_/A (sky130_fd_sc_hd__buf_1)
                  0.26    0.35  331.00 v _35980_/X (sky130_fd_sc_hd__buf_1)
    10    0.05                           _08137_ (net)
                  0.26    0.00  331.00 v _35981_/C (sky130_fd_sc_hd__and4b_2)
                  0.05    0.34  331.34 v _35981_/X (sky130_fd_sc_hd__and4b_2)
     1    0.00                           _08138_ (net)
                  0.05    0.00  331.34 v _35982_/B (sky130_fd_sc_hd__nor2_2)
                  0.06    0.07  331.41 ^ _35982_/Y (sky130_fd_sc_hd__nor2_2)
     1    0.00                           _08139_ (net)
                  0.06    0.00  331.41 ^ _35985_/A1_N (sky130_fd_sc_hd__a2bb2o_2)
                  0.07    0.31  331.73 v _35985_/X (sky130_fd_sc_hd__a2bb2o_2)
     4    0.01                           _08142_ (net)
                  0.07    0.00  331.73 v _35987_/B (sky130_fd_sc_hd__nor2_2)
                  1.94    1.49  333.21 ^ _35987_/Y (sky130_fd_sc_hd__nor2_2)
     6    0.19                           _08143_ (net)
                  1.94    0.05  333.27 ^ _36004_/A (sky130_fd_sc_hd__nand2_2)
                  0.56    0.61  333.87 v _36004_/Y (sky130_fd_sc_hd__nand2_2)
     9    0.06                           _08158_ (net)
                  0.56    0.00  333.88 v _36005_/S (sky130_fd_sc_hd__mux2_2)
                  0.09    0.40  334.28 ^ _36005_/X (sky130_fd_sc_hd__mux2_2)
     1    0.00                           _08159_ (net)
                  0.09    0.00  334.28 ^ _36006_/A (sky130_fd_sc_hd__buf_1)
                 11.16    7.93  342.21 ^ _36006_/X (sky130_fd_sc_hd__buf_1)
   256    0.98                           vffram_combined.Di0[3] (net)
                 11.17    0.34  342.55 ^ vffram_combined.REGF[1].RAM32x8_ASYNC_dut.REGF[0].RFW.BIT[3].FF/D (sky130_fd_sc_hd__dfxtp_4)
                                342.55   data arrival time

                  0.15   25.00   25.00   clock clk (rise edge)
                          0.00   25.00   clock network delay (ideal)
                         -0.25   24.75   clock uncertainty
                          0.00   24.75   clock reconvergence pessimism
                                 24.75 ^ vffram_combined.REGF[1].RAM32x8_ASYNC_dut.REGF[0].RFW.BIT[3].FF/CLK (sky130_fd_sc_hd__dfxtp_4)
                         -0.98   23.77   library setup time
                                 23.77   data required time
-----------------------------------------------------------------------------
                                 23.77   data required time
                               -342.55   data arrival time
-----------------------------------------------------------------------------
                               -318.79   slack (VIOLATED)


