
===========================================================================
report_checks -path_delay max (Setup)
============================================================================
Startpoint: _72481_ (rising edge-triggered flip-flop clocked by clk)
Endpoint: _72480_ (rising edge-triggered flip-flop clocked by clk)
Path Group: clk
Path Type: max

Fanout     Cap    Slew   Delay    Time   Description
-----------------------------------------------------------------------------
                  0.15    0.00    0.00   clock clk (rise edge)
                          0.00    0.00   clock network delay (ideal)
                  0.15    0.00    0.00 ^ _72481_/CLK (sky130_fd_sc_hd__dfxtp_4)
                  0.16    0.49    0.49 ^ _72481_/Q (sky130_fd_sc_hd__dfxtp_4)
    10    0.05                           isl_blksiz.cek.arka_taraf_dut.coz_yazmacoku_dut.yrt_deger2_o[0] (net)
                  0.16    0.00    0.49 ^ _33526_/A (sky130_fd_sc_hd__clkbuf_4)
                  0.13    0.25    0.75 ^ _33526_/X (sky130_fd_sc_hd__clkbuf_4)
    10    0.04                           _05780_ (net)
                  0.13    0.00    0.75 ^ _33527_/A (sky130_fd_sc_hd__clkbuf_4)
                  0.13    0.24    0.99 ^ _33527_/X (sky130_fd_sc_hd__clkbuf_4)
    10    0.04                           _05781_ (net)
                  0.13    0.00    0.99 ^ _33528_/A (sky130_fd_sc_hd__clkbuf_4)
                  0.13    0.24    1.23 ^ _33528_/X (sky130_fd_sc_hd__clkbuf_4)
    10    0.04                           _05782_ (net)
                  0.13    0.00    1.23 ^ _33529_/A (sky130_fd_sc_hd__buf_2)
                  0.17    0.24    1.48 ^ _33529_/X (sky130_fd_sc_hd__buf_2)
    10    0.03                           _05783_ (net)
                  0.17    0.00    1.48 ^ _33629_/A (sky130_fd_sc_hd__clkbuf_4)
                  0.13    0.26    1.74 ^ _33629_/X (sky130_fd_sc_hd__clkbuf_4)
    10    0.04                           _05882_ (net)
                  0.13    0.00    1.74 ^ _33814_/A (sky130_fd_sc_hd__clkbuf_4)
                  0.13    0.24    1.98 ^ _33814_/X (sky130_fd_sc_hd__clkbuf_4)
    10    0.04                           _06062_ (net)
                  0.13    0.00    1.98 ^ _35267_/S (sky130_fd_sc_hd__mux2_1)
                  0.07    0.37    2.35 v _35267_/X (sky130_fd_sc_hd__mux2_1)
     3    0.01                           _07457_ (net)
                  0.07    0.00    2.35 v _36148_/A1 (sky130_fd_sc_hd__mux4_1)
                  0.10    0.55    2.90 v _36148_/X (sky130_fd_sc_hd__mux4_1)
     1    0.01                           _08276_ (net)
                  0.10    0.00    2.90 v _36149_/B1 (sky130_fd_sc_hd__a22oi_1)
                  0.20    0.20    3.10 ^ _36149_/Y (sky130_fd_sc_hd__a22oi_1)
     1    0.01                           _08277_ (net)
                  0.20    0.00    3.10 ^ _36150_/A (sky130_fd_sc_hd__inv_2)
                  0.05    0.06    3.17 v _36150_/Y (sky130_fd_sc_hd__inv_2)
     2    0.01                           _08278_ (net)
                  0.05    0.00    3.17 v _36151_/B1 (sky130_fd_sc_hd__a21o_1)
                  0.03    0.16    3.32 v _36151_/X (sky130_fd_sc_hd__a21o_1)
     1    0.00                           _08279_ (net)
                  0.03    0.00    3.32 v _36153_/B1 (sky130_fd_sc_hd__a22o_1)
                  0.04    0.18    3.50 v _36153_/X (sky130_fd_sc_hd__a22o_1)
     1    0.00                           _08281_ (net)
                  0.04    0.00    3.50 v _36156_/A2 (sky130_fd_sc_hd__o211a_1)
                  0.05    0.22    3.72 v _36156_/X (sky130_fd_sc_hd__o211a_1)
     1    0.00                           _08284_ (net)
                  0.05    0.00    3.72 v _36157_/B1 (sky130_fd_sc_hd__a31o_1)
                  0.07    0.23    3.95 v _36157_/X (sky130_fd_sc_hd__a31o_1)
     2    0.01                           _08285_ (net)
                  0.07    0.00    3.95 v _36163_/A3 (sky130_fd_sc_hd__a31o_1)
                  0.04    0.24    4.19 v _36163_/X (sky130_fd_sc_hd__a31o_1)
     1    0.00                           _08291_ (net)
                  0.04    0.00    4.19 v _36164_/A2_N (sky130_fd_sc_hd__a2bb2o_4)
                  0.21    0.33    4.52 ^ _36164_/X (sky130_fd_sc_hd__a2bb2o_4)
     4    0.07                           _08292_ (net)
                  0.22    0.02    4.54 ^ max_cap7036/A (sky130_fd_sc_hd__buf_6)
                  0.11    0.20    4.74 ^ max_cap7036/X (sky130_fd_sc_hd__buf_6)
     5    0.05                           net7036 (net)
                  0.11    0.00    4.74 ^ _36505_/A0 (sky130_fd_sc_hd__mux2_1)
                  0.05    0.14    4.88 ^ _36505_/X (sky130_fd_sc_hd__mux2_1)
     1    0.00                           _08601_ (net)
                  0.05    0.00    4.88 ^ _36506_/A (sky130_fd_sc_hd__buf_4)
                  0.16    0.20    5.09 ^ _36506_/X (sky130_fd_sc_hd__buf_4)
     1    0.06                           isl_blksiz.veri_onbellegi_denetleyici_dut.yol_A0[0] (net)
                  0.17    0.02    5.11 ^ fanout5749/A (sky130_fd_sc_hd__buf_12)
                  0.29    0.27    5.38 ^ fanout5749/X (sky130_fd_sc_hd__buf_12)
     6    0.27                           net5749 (net)
                  0.29    0.00    5.38 ^ fanout5557/A (sky130_fd_sc_hd__buf_12)
                  0.14    0.23    5.61 ^ fanout5557/X (sky130_fd_sc_hd__buf_12)
     6    0.12                           net5557 (net)
                  0.15    0.02    5.64 ^ fanout5497/A (sky130_fd_sc_hd__buf_6)
                  0.14    0.20    5.84 ^ fanout5497/X (sky130_fd_sc_hd__buf_6)
     5    0.07                           net5497 (net)
                  0.14    0.02    5.86 ^ fanout5480/A (sky130_fd_sc_hd__buf_4)
                  0.15    0.23    6.09 ^ fanout5480/X (sky130_fd_sc_hd__buf_4)
     6    0.05                           net5480 (net)
                  0.15    0.00    6.09 ^ fanout5469/A (sky130_fd_sc_hd__buf_2)
                  0.16    0.24    6.33 ^ fanout5469/X (sky130_fd_sc_hd__buf_2)
     6    0.03                           net5469 (net)
                  0.16    0.00    6.33 ^ fanout5468/A (sky130_fd_sc_hd__clkbuf_4)
                  0.12    0.25    6.58 ^ fanout5468/X (sky130_fd_sc_hd__clkbuf_4)
     7    0.04                           net5468 (net)
                  0.12    0.00    6.58 ^ fanout5467/A (sky130_fd_sc_hd__buf_4)
                  0.15    0.23    6.80 ^ fanout5467/X (sky130_fd_sc_hd__buf_4)
    10    0.05                           net5467 (net)
                  0.15    0.00    6.80 ^ vffram_t1_0.REGF[0].RAM32x8_ASYNC_dut.m0.m7.m0.m1.m0/S0 (sky130_fd_sc_hd__mux4_1)
                  0.08    0.57    7.38 v vffram_t1_0.REGF[0].RAM32x8_ASYNC_dut.m0.m7.m0.m1.m0/X (sky130_fd_sc_hd__mux4_1)
     1    0.00                           vffram_t1_0.REGF[0].RAM32x8_ASYNC_dut.m0.m7.m0.m1.tmp0 (net)
                  0.08    0.00    7.38 v vffram_t1_0.REGF[0].RAM32x8_ASYNC_dut.m0.m7.m0.m1.m2/A0 (sky130_fd_sc_hd__mux2_1)
                  0.07    0.33    7.71 v vffram_t1_0.REGF[0].RAM32x8_ASYNC_dut.m0.m7.m0.m1.m2/X (sky130_fd_sc_hd__mux2_1)
     1    0.01                           vffram_t1_0.REGF[0].RAM32x8_ASYNC_dut.m0.m7.m0.m1.X (net)
                  0.07    0.00    7.71 v vffram_t1_0.REGF[0].RAM32x8_ASYNC_dut.m0.m7.m0.m2/A1 (sky130_fd_sc_hd__mux2_1)
                  0.09    0.36    8.07 v vffram_t1_0.REGF[0].RAM32x8_ASYNC_dut.m0.m7.m0.m2/X (sky130_fd_sc_hd__mux2_1)
     1    0.01                           vffram_t1_0.REGF[0].RAM32x8_ASYNC_dut.m0.m7.m0.X (net)
                  0.09    0.00    8.07 v vffram_t1_0.REGF[0].RAM32x8_ASYNC_dut.m0.m7.m2/A0 (sky130_fd_sc_hd__mux2_2)
                  0.10    0.36    8.42 v vffram_t1_0.REGF[0].RAM32x8_ASYNC_dut.m0.m7.m2/X (sky130_fd_sc_hd__mux2_2)
     1    0.02                           vffram_t1_0.REGF[0].RAM32x8_ASYNC_dut.m0.m7.X (net)
                  0.10    0.00    8.43 v vffram_t1_0.m0.m7.m0/A0 (sky130_fd_sc_hd__mux4_2)
                  0.17    0.64    9.06 v vffram_t1_0.m0.m7.m0/X (sky130_fd_sc_hd__mux4_2)
     1    0.04                           vffram_t1_0.m0.m7.tmp0 (net)
                  0.17    0.01    9.07 v vffram_t1_0.m0.m7.m2/A0 (sky130_fd_sc_hd__mux2_8)
                  0.09    0.41    9.48 v vffram_t1_0.m0.m7.m2/X (sky130_fd_sc_hd__mux2_8)
     2    0.05                           vffram_t1_0.m0.m7.X (net)
                  0.09    0.01    9.50 v _34002_/A (sky130_fd_sc_hd__xor2_1)
                  0.11    0.16    9.66 ^ _34002_/X (sky130_fd_sc_hd__xor2_1)
     1    0.00                           _06247_ (net)
                  0.11    0.00    9.66 ^ _34003_/B1 (sky130_fd_sc_hd__o21ai_1)
                  0.05    0.08    9.74 v _34003_/Y (sky130_fd_sc_hd__o21ai_1)
     1    0.00                           _06248_ (net)
                  0.05    0.00    9.74 v _34004_/C1 (sky130_fd_sc_hd__a221o_1)
                  0.05    0.26   10.00 v _34004_/X (sky130_fd_sc_hd__a221o_1)
     1    0.00                           _06249_ (net)
                  0.05    0.00   10.00 v _34011_/A (sky130_fd_sc_hd__or4_1)
                  0.10    0.56   10.56 v _34011_/X (sky130_fd_sc_hd__or4_1)
     1    0.00                           _06256_ (net)
                  0.10    0.00   10.56 v _34012_/D1 (sky130_fd_sc_hd__a2111o_4)
                  0.13    0.46   11.02 v _34012_/X (sky130_fd_sc_hd__a2111o_4)
     2    0.04                           _06257_ (net)
                  0.13    0.01   11.03 v _35977_/A (sky130_fd_sc_hd__clkbuf_4)
                  0.09    0.24   11.27 v _35977_/X (sky130_fd_sc_hd__clkbuf_4)
    10    0.04                           _08134_ (net)
                  0.09    0.00   11.27 v _43044_/A2 (sky130_fd_sc_hd__o22a_1)
                  0.10    0.27   11.55 v _43044_/X (sky130_fd_sc_hd__o22a_1)
     1    0.01                           _13249_ (net)
                  0.10    0.00   11.55 v _43045_/B1 (sky130_fd_sc_hd__o22a_1)
                  0.04    0.20   11.75 v _43045_/X (sky130_fd_sc_hd__o22a_1)
     1    0.00                           _13250_ (net)
                  0.04    0.00   11.75 v _43047_/A2 (sky130_fd_sc_hd__o21a_1)
                  0.04    0.18   11.93 v _43047_/X (sky130_fd_sc_hd__o21a_1)
     2    0.00                           _13252_ (net)
                  0.04    0.00   11.93 v _43051_/A0 (sky130_fd_sc_hd__mux2_2)
                  0.10    0.34   12.27 v _43051_/X (sky130_fd_sc_hd__mux2_2)
     3    0.02                           _13256_ (net)
                  0.10    0.00   12.27 v _43060_/A0 (sky130_fd_sc_hd__mux2_1)
                  0.06    0.31   12.58 v _43060_/X (sky130_fd_sc_hd__mux2_1)
     1    0.00                           _13265_ (net)
                  0.06    0.00   12.58 v _43069_/A2 (sky130_fd_sc_hd__o21ai_1)
                  0.09    0.11   12.70 ^ _43069_/Y (sky130_fd_sc_hd__o21ai_1)
     1    0.00                           _13274_ (net)
                  0.09    0.00   12.70 ^ _43079_/A0 (sky130_fd_sc_hd__mux2_1)
                  0.15    0.23   12.92 ^ _43079_/X (sky130_fd_sc_hd__mux2_1)
     3    0.02                           _13284_ (net)
                  0.15    0.00   12.92 ^ _43081_/A (sky130_fd_sc_hd__or2b_2)
                  0.11    0.20   13.12 ^ _43081_/X (sky130_fd_sc_hd__or2b_2)
     3    0.02                           _13286_ (net)
                  0.11    0.00   13.12 ^ _43082_/B (sky130_fd_sc_hd__nand2_4)
                  0.08    0.10   13.22 v _43082_/Y (sky130_fd_sc_hd__nand2_4)
     9    0.03                           _13287_ (net)
                  0.08    0.00   13.22 v _43574_/A (sky130_fd_sc_hd__or2_1)
                  0.08    0.29   13.51 v _43574_/X (sky130_fd_sc_hd__or2_1)
     4    0.01                           _13770_ (net)
                  0.08    0.00   13.51 v _43595_/B1 (sky130_fd_sc_hd__a21o_1)
                  0.05    0.19   13.70 v _43595_/X (sky130_fd_sc_hd__a21o_1)
     1    0.01                           _13790_ (net)
                  0.05    0.00   13.70 v _43615_/A2 (sky130_fd_sc_hd__a31o_1)
                  0.04    0.21   13.91 v _43615_/X (sky130_fd_sc_hd__a31o_1)
     1    0.00                           _13810_ (net)
                  0.04    0.00   13.91 v _43616_/A1 (sky130_fd_sc_hd__mux2_1)
                  0.07    0.32   14.23 v _43616_/X (sky130_fd_sc_hd__mux2_1)
     2    0.01                           _13811_ (net)
                  0.07    0.00   14.23 v _43617_/A1 (sky130_fd_sc_hd__mux2_2)
                  0.08    0.34   14.57 v _43617_/X (sky130_fd_sc_hd__mux2_2)
     2    0.02                           _13812_ (net)
                  0.08    0.00   14.57 v _57646_/A1 (sky130_fd_sc_hd__o221a_2)
                  0.08    0.36   14.93 v _57646_/X (sky130_fd_sc_hd__o221a_2)
     3    0.02                           _24465_ (net)
                  0.08    0.00   14.93 v _58860_/A (sky130_fd_sc_hd__inv_2)
                  0.04    0.07   15.00 ^ _58860_/Y (sky130_fd_sc_hd__inv_2)
     2    0.01                           _25624_ (net)
                  0.04    0.00   15.00 ^ _58864_/B1 (sky130_fd_sc_hd__o22a_1)
                  0.06    0.14   15.14 ^ _58864_/X (sky130_fd_sc_hd__o22a_1)
     2    0.00                           _25628_ (net)
                  0.06    0.00   15.14 ^ _58866_/C (sky130_fd_sc_hd__and4_1)
                  0.06    0.19   15.33 ^ _58866_/X (sky130_fd_sc_hd__and4_1)
     1    0.00                           _25630_ (net)
                  0.06    0.00   15.33 ^ _58867_/D (sky130_fd_sc_hd__and4_1)
                  0.06    0.20   15.53 ^ _58867_/X (sky130_fd_sc_hd__and4_1)
     1    0.00                           _25631_ (net)
                  0.06    0.00   15.53 ^ _58868_/D (sky130_fd_sc_hd__and4_1)
                  0.05    0.19   15.72 ^ _58868_/X (sky130_fd_sc_hd__and4_1)
     1    0.00                           _25632_ (net)
                  0.05    0.00   15.72 ^ _58869_/C (sky130_fd_sc_hd__and3b_1)
                  0.05    0.16   15.88 ^ _58869_/X (sky130_fd_sc_hd__and3b_1)
     1    0.00                           _25633_ (net)
                  0.05    0.00   15.88 ^ _58872_/C_N (sky130_fd_sc_hd__or4bb_1)
                  0.10    0.53   16.40 v _58872_/X (sky130_fd_sc_hd__or4bb_1)
     2    0.01                           _25636_ (net)
                  0.10    0.00   16.40 v _58898_/A_N (sky130_fd_sc_hd__and4b_1)
                  0.05    0.27   16.67 ^ _58898_/X (sky130_fd_sc_hd__and4b_1)
     1    0.00                           _25662_ (net)
                  0.05    0.00   16.67 ^ _58899_/C (sky130_fd_sc_hd__and3_1)
                  0.05    0.16   16.83 ^ _58899_/X (sky130_fd_sc_hd__and3_1)
     1    0.00                           _25663_ (net)
                  0.05    0.00   16.83 ^ _58900_/A4 (sky130_fd_sc_hd__a41o_2)
                  0.13    0.28   17.11 ^ _58900_/X (sky130_fd_sc_hd__a41o_2)
     3    0.02                           _25664_ (net)
                  0.13    0.00   17.11 ^ _58930_/A (sky130_fd_sc_hd__or2b_1)
                  0.04    0.12   17.23 ^ _58930_/X (sky130_fd_sc_hd__or2b_1)
     1    0.00                           _25692_ (net)
                  0.04    0.00   17.23 ^ _58931_/B1 (sky130_fd_sc_hd__a31o_1)
                  0.16    0.18   17.41 ^ _58931_/X (sky130_fd_sc_hd__a31o_1)
     1    0.02                           _25693_ (net)
                  0.16    0.00   17.42 ^ _58932_/A2 (sky130_fd_sc_hd__a21oi_1)
                  0.05    0.09   17.50 v _58932_/Y (sky130_fd_sc_hd__a21oi_1)
     1    0.00                           _05192_ (net)
                  0.05    0.00   17.50 v _72480_/D (sky130_fd_sc_hd__dfxtp_1)
                                 17.50   data arrival time

                  0.15   25.00   25.00   clock clk (rise edge)
                          0.00   25.00   clock network delay (ideal)
                         -0.25   24.75   clock uncertainty
                          0.00   24.75   clock reconvergence pessimism
                                 24.75 ^ _72480_/CLK (sky130_fd_sc_hd__dfxtp_1)
                         -0.09   24.66   library setup time
                                 24.66   data required time
-----------------------------------------------------------------------------
                                 24.66   data required time
                                -17.50   data arrival time
-----------------------------------------------------------------------------
                                  7.16   slack (MET)


Startpoint: _72481_ (rising edge-triggered flip-flop clocked by clk)
Endpoint: _72479_ (rising edge-triggered flip-flop clocked by clk)
Path Group: clk
Path Type: max

Fanout     Cap    Slew   Delay    Time   Description
-----------------------------------------------------------------------------
                  0.15    0.00    0.00   clock clk (rise edge)
                          0.00    0.00   clock network delay (ideal)
                  0.15    0.00    0.00 ^ _72481_/CLK (sky130_fd_sc_hd__dfxtp_4)
                  0.16    0.49    0.49 ^ _72481_/Q (sky130_fd_sc_hd__dfxtp_4)
    10    0.05                           isl_blksiz.cek.arka_taraf_dut.coz_yazmacoku_dut.yrt_deger2_o[0] (net)
                  0.16    0.00    0.49 ^ _33526_/A (sky130_fd_sc_hd__clkbuf_4)
                  0.13    0.25    0.75 ^ _33526_/X (sky130_fd_sc_hd__clkbuf_4)
    10    0.04                           _05780_ (net)
                  0.13    0.00    0.75 ^ _33527_/A (sky130_fd_sc_hd__clkbuf_4)
                  0.13    0.24    0.99 ^ _33527_/X (sky130_fd_sc_hd__clkbuf_4)
    10    0.04                           _05781_ (net)
                  0.13    0.00    0.99 ^ _33528_/A (sky130_fd_sc_hd__clkbuf_4)
                  0.13    0.24    1.23 ^ _33528_/X (sky130_fd_sc_hd__clkbuf_4)
    10    0.04                           _05782_ (net)
                  0.13    0.00    1.23 ^ _33529_/A (sky130_fd_sc_hd__buf_2)
                  0.17    0.24    1.48 ^ _33529_/X (sky130_fd_sc_hd__buf_2)
    10    0.03                           _05783_ (net)
                  0.17    0.00    1.48 ^ _33629_/A (sky130_fd_sc_hd__clkbuf_4)
                  0.13    0.26    1.74 ^ _33629_/X (sky130_fd_sc_hd__clkbuf_4)
    10    0.04                           _05882_ (net)
                  0.13    0.00    1.74 ^ _33814_/A (sky130_fd_sc_hd__clkbuf_4)
                  0.13    0.24    1.98 ^ _33814_/X (sky130_fd_sc_hd__clkbuf_4)
    10    0.04                           _06062_ (net)
                  0.13    0.00    1.98 ^ _35267_/S (sky130_fd_sc_hd__mux2_1)
                  0.07    0.37    2.35 v _35267_/X (sky130_fd_sc_hd__mux2_1)
     3    0.01                           _07457_ (net)
                  0.07    0.00    2.35 v _36148_/A1 (sky130_fd_sc_hd__mux4_1)
                  0.10    0.55    2.90 v _36148_/X (sky130_fd_sc_hd__mux4_1)
     1    0.01                           _08276_ (net)
                  0.10    0.00    2.90 v _36149_/B1 (sky130_fd_sc_hd__a22oi_1)
                  0.20    0.20    3.10 ^ _36149_/Y (sky130_fd_sc_hd__a22oi_1)
     1    0.01                           _08277_ (net)
                  0.20    0.00    3.10 ^ _36150_/A (sky130_fd_sc_hd__inv_2)
                  0.05    0.06    3.17 v _36150_/Y (sky130_fd_sc_hd__inv_2)
     2    0.01                           _08278_ (net)
                  0.05    0.00    3.17 v _36151_/B1 (sky130_fd_sc_hd__a21o_1)
                  0.03    0.16    3.32 v _36151_/X (sky130_fd_sc_hd__a21o_1)
     1    0.00                           _08279_ (net)
                  0.03    0.00    3.32 v _36153_/B1 (sky130_fd_sc_hd__a22o_1)
                  0.04    0.18    3.50 v _36153_/X (sky130_fd_sc_hd__a22o_1)
     1    0.00                           _08281_ (net)
                  0.04    0.00    3.50 v _36156_/A2 (sky130_fd_sc_hd__o211a_1)
                  0.05    0.22    3.72 v _36156_/X (sky130_fd_sc_hd__o211a_1)
     1    0.00                           _08284_ (net)
                  0.05    0.00    3.72 v _36157_/B1 (sky130_fd_sc_hd__a31o_1)
                  0.07    0.23    3.95 v _36157_/X (sky130_fd_sc_hd__a31o_1)
     2    0.01                           _08285_ (net)
                  0.07    0.00    3.95 v _36163_/A3 (sky130_fd_sc_hd__a31o_1)
                  0.04    0.24    4.19 v _36163_/X (sky130_fd_sc_hd__a31o_1)
     1    0.00                           _08291_ (net)
                  0.04    0.00    4.19 v _36164_/A2_N (sky130_fd_sc_hd__a2bb2o_4)
                  0.21    0.33    4.52 ^ _36164_/X (sky130_fd_sc_hd__a2bb2o_4)
     4    0.07                           _08292_ (net)
                  0.22    0.02    4.54 ^ max_cap7036/A (sky130_fd_sc_hd__buf_6)
                  0.11    0.20    4.74 ^ max_cap7036/X (sky130_fd_sc_hd__buf_6)
     5    0.05                           net7036 (net)
                  0.11    0.00    4.74 ^ _36505_/A0 (sky130_fd_sc_hd__mux2_1)
                  0.05    0.14    4.88 ^ _36505_/X (sky130_fd_sc_hd__mux2_1)
     1    0.00                           _08601_ (net)
                  0.05    0.00    4.88 ^ _36506_/A (sky130_fd_sc_hd__buf_4)
                  0.16    0.20    5.09 ^ _36506_/X (sky130_fd_sc_hd__buf_4)
     1    0.06                           isl_blksiz.veri_onbellegi_denetleyici_dut.yol_A0[0] (net)
                  0.17    0.02    5.11 ^ fanout5749/A (sky130_fd_sc_hd__buf_12)
                  0.29    0.27    5.38 ^ fanout5749/X (sky130_fd_sc_hd__buf_12)
     6    0.27                           net5749 (net)
                  0.29    0.00    5.38 ^ fanout5557/A (sky130_fd_sc_hd__buf_12)
                  0.14    0.23    5.61 ^ fanout5557/X (sky130_fd_sc_hd__buf_12)
     6    0.12                           net5557 (net)
                  0.15    0.02    5.64 ^ fanout5497/A (sky130_fd_sc_hd__buf_6)
                  0.14    0.20    5.84 ^ fanout5497/X (sky130_fd_sc_hd__buf_6)
     5    0.07                           net5497 (net)
                  0.14    0.02    5.86 ^ fanout5480/A (sky130_fd_sc_hd__buf_4)
                  0.15    0.23    6.09 ^ fanout5480/X (sky130_fd_sc_hd__buf_4)
     6    0.05                           net5480 (net)
                  0.15    0.00    6.09 ^ fanout5469/A (sky130_fd_sc_hd__buf_2)
                  0.16    0.24    6.33 ^ fanout5469/X (sky130_fd_sc_hd__buf_2)
     6    0.03                           net5469 (net)
                  0.16    0.00    6.33 ^ fanout5468/A (sky130_fd_sc_hd__clkbuf_4)
                  0.12    0.25    6.58 ^ fanout5468/X (sky130_fd_sc_hd__clkbuf_4)
     7    0.04                           net5468 (net)
                  0.12    0.00    6.58 ^ fanout5467/A (sky130_fd_sc_hd__buf_4)
                  0.15    0.23    6.80 ^ fanout5467/X (sky130_fd_sc_hd__buf_4)
    10    0.05                           net5467 (net)
                  0.15    0.00    6.80 ^ vffram_t1_0.REGF[0].RAM32x8_ASYNC_dut.m0.m7.m0.m1.m0/S0 (sky130_fd_sc_hd__mux4_1)
                  0.08    0.57    7.38 v vffram_t1_0.REGF[0].RAM32x8_ASYNC_dut.m0.m7.m0.m1.m0/X (sky130_fd_sc_hd__mux4_1)
     1    0.00                           vffram_t1_0.REGF[0].RAM32x8_ASYNC_dut.m0.m7.m0.m1.tmp0 (net)
                  0.08    0.00    7.38 v vffram_t1_0.REGF[0].RAM32x8_ASYNC_dut.m0.m7.m0.m1.m2/A0 (sky130_fd_sc_hd__mux2_1)
                  0.07    0.33    7.71 v vffram_t1_0.REGF[0].RAM32x8_ASYNC_dut.m0.m7.m0.m1.m2/X (sky130_fd_sc_hd__mux2_1)
     1    0.01                           vffram_t1_0.REGF[0].RAM32x8_ASYNC_dut.m0.m7.m0.m1.X (net)
                  0.07    0.00    7.71 v vffram_t1_0.REGF[0].RAM32x8_ASYNC_dut.m0.m7.m0.m2/A1 (sky130_fd_sc_hd__mux2_1)
                  0.09    0.36    8.07 v vffram_t1_0.REGF[0].RAM32x8_ASYNC_dut.m0.m7.m0.m2/X (sky130_fd_sc_hd__mux2_1)
     1    0.01                           vffram_t1_0.REGF[0].RAM32x8_ASYNC_dut.m0.m7.m0.X (net)
                  0.09    0.00    8.07 v vffram_t1_0.REGF[0].RAM32x8_ASYNC_dut.m0.m7.m2/A0 (sky130_fd_sc_hd__mux2_2)
                  0.10    0.36    8.42 v vffram_t1_0.REGF[0].RAM32x8_ASYNC_dut.m0.m7.m2/X (sky130_fd_sc_hd__mux2_2)
     1    0.02                           vffram_t1_0.REGF[0].RAM32x8_ASYNC_dut.m0.m7.X (net)
                  0.10    0.00    8.43 v vffram_t1_0.m0.m7.m0/A0 (sky130_fd_sc_hd__mux4_2)
                  0.17    0.64    9.06 v vffram_t1_0.m0.m7.m0/X (sky130_fd_sc_hd__mux4_2)
     1    0.04                           vffram_t1_0.m0.m7.tmp0 (net)
                  0.17    0.01    9.07 v vffram_t1_0.m0.m7.m2/A0 (sky130_fd_sc_hd__mux2_8)
                  0.09    0.41    9.48 v vffram_t1_0.m0.m7.m2/X (sky130_fd_sc_hd__mux2_8)
     2    0.05                           vffram_t1_0.m0.m7.X (net)
                  0.09    0.01    9.50 v _34002_/A (sky130_fd_sc_hd__xor2_1)
                  0.11    0.16    9.66 ^ _34002_/X (sky130_fd_sc_hd__xor2_1)
     1    0.00                           _06247_ (net)
                  0.11    0.00    9.66 ^ _34003_/B1 (sky130_fd_sc_hd__o21ai_1)
                  0.05    0.08    9.74 v _34003_/Y (sky130_fd_sc_hd__o21ai_1)
     1    0.00                           _06248_ (net)
                  0.05    0.00    9.74 v _34004_/C1 (sky130_fd_sc_hd__a221o_1)
                  0.05    0.26   10.00 v _34004_/X (sky130_fd_sc_hd__a221o_1)
     1    0.00                           _06249_ (net)
                  0.05    0.00   10.00 v _34011_/A (sky130_fd_sc_hd__or4_1)
                  0.10    0.56   10.56 v _34011_/X (sky130_fd_sc_hd__or4_1)
     1    0.00                           _06256_ (net)
                  0.10    0.00   10.56 v _34012_/D1 (sky130_fd_sc_hd__a2111o_4)
                  0.13    0.46   11.02 v _34012_/X (sky130_fd_sc_hd__a2111o_4)
     2    0.04                           _06257_ (net)
                  0.13    0.01   11.03 v _35977_/A (sky130_fd_sc_hd__clkbuf_4)
                  0.09    0.24   11.27 v _35977_/X (sky130_fd_sc_hd__clkbuf_4)
    10    0.04                           _08134_ (net)
                  0.09    0.00   11.27 v _43044_/A2 (sky130_fd_sc_hd__o22a_1)
                  0.10    0.27   11.55 v _43044_/X (sky130_fd_sc_hd__o22a_1)
     1    0.01                           _13249_ (net)
                  0.10    0.00   11.55 v _43045_/B1 (sky130_fd_sc_hd__o22a_1)
                  0.04    0.20   11.75 v _43045_/X (sky130_fd_sc_hd__o22a_1)
     1    0.00                           _13250_ (net)
                  0.04    0.00   11.75 v _43047_/A2 (sky130_fd_sc_hd__o21a_1)
                  0.04    0.18   11.93 v _43047_/X (sky130_fd_sc_hd__o21a_1)
     2    0.00                           _13252_ (net)
                  0.04    0.00   11.93 v _43051_/A0 (sky130_fd_sc_hd__mux2_2)
                  0.10    0.34   12.27 v _43051_/X (sky130_fd_sc_hd__mux2_2)
     3    0.02                           _13256_ (net)
                  0.10    0.00   12.27 v _43060_/A0 (sky130_fd_sc_hd__mux2_1)
                  0.06    0.31   12.58 v _43060_/X (sky130_fd_sc_hd__mux2_1)
     1    0.00                           _13265_ (net)
                  0.06    0.00   12.58 v _43069_/A2 (sky130_fd_sc_hd__o21ai_1)
                  0.09    0.11   12.70 ^ _43069_/Y (sky130_fd_sc_hd__o21ai_1)
     1    0.00                           _13274_ (net)
                  0.09    0.00   12.70 ^ _43079_/A0 (sky130_fd_sc_hd__mux2_1)
                  0.15    0.23   12.92 ^ _43079_/X (sky130_fd_sc_hd__mux2_1)
     3    0.02                           _13284_ (net)
                  0.15    0.00   12.92 ^ _43081_/A (sky130_fd_sc_hd__or2b_2)
                  0.11    0.20   13.12 ^ _43081_/X (sky130_fd_sc_hd__or2b_2)
     3    0.02                           _13286_ (net)
                  0.11    0.00   13.12 ^ _43082_/B (sky130_fd_sc_hd__nand2_4)
                  0.08    0.10   13.22 v _43082_/Y (sky130_fd_sc_hd__nand2_4)
     9    0.03                           _13287_ (net)
                  0.08    0.00   13.22 v _43574_/A (sky130_fd_sc_hd__or2_1)
                  0.08    0.29   13.51 v _43574_/X (sky130_fd_sc_hd__or2_1)
     4    0.01                           _13770_ (net)
                  0.08    0.00   13.51 v _43595_/B1 (sky130_fd_sc_hd__a21o_1)
                  0.05    0.19   13.70 v _43595_/X (sky130_fd_sc_hd__a21o_1)
     1    0.01                           _13790_ (net)
                  0.05    0.00   13.70 v _43615_/A2 (sky130_fd_sc_hd__a31o_1)
                  0.04    0.21   13.91 v _43615_/X (sky130_fd_sc_hd__a31o_1)
     1    0.00                           _13810_ (net)
                  0.04    0.00   13.91 v _43616_/A1 (sky130_fd_sc_hd__mux2_1)
                  0.07    0.32   14.23 v _43616_/X (sky130_fd_sc_hd__mux2_1)
     2    0.01                           _13811_ (net)
                  0.07    0.00   14.23 v _43617_/A1 (sky130_fd_sc_hd__mux2_2)
                  0.08    0.34   14.57 v _43617_/X (sky130_fd_sc_hd__mux2_2)
     2    0.02                           _13812_ (net)
                  0.08    0.00   14.57 v _57646_/A1 (sky130_fd_sc_hd__o221a_2)
                  0.08    0.36   14.93 v _57646_/X (sky130_fd_sc_hd__o221a_2)
     3    0.02                           _24465_ (net)
                  0.08    0.00   14.93 v _58860_/A (sky130_fd_sc_hd__inv_2)
                  0.04    0.07   15.00 ^ _58860_/Y (sky130_fd_sc_hd__inv_2)
     2    0.01                           _25624_ (net)
                  0.04    0.00   15.00 ^ _58864_/B1 (sky130_fd_sc_hd__o22a_1)
                  0.06    0.14   15.14 ^ _58864_/X (sky130_fd_sc_hd__o22a_1)
     2    0.00                           _25628_ (net)
                  0.06    0.00   15.14 ^ _58866_/C (sky130_fd_sc_hd__and4_1)
                  0.06    0.19   15.33 ^ _58866_/X (sky130_fd_sc_hd__and4_1)
     1    0.00                           _25630_ (net)
                  0.06    0.00   15.33 ^ _58867_/D (sky130_fd_sc_hd__and4_1)
                  0.06    0.20   15.53 ^ _58867_/X (sky130_fd_sc_hd__and4_1)
     1    0.00                           _25631_ (net)
                  0.06    0.00   15.53 ^ _58868_/D (sky130_fd_sc_hd__and4_1)
                  0.05    0.19   15.72 ^ _58868_/X (sky130_fd_sc_hd__and4_1)
     1    0.00                           _25632_ (net)
                  0.05    0.00   15.72 ^ _58869_/C (sky130_fd_sc_hd__and3b_1)
                  0.05    0.16   15.88 ^ _58869_/X (sky130_fd_sc_hd__and3b_1)
     1    0.00                           _25633_ (net)
                  0.05    0.00   15.88 ^ _58872_/C_N (sky130_fd_sc_hd__or4bb_1)
                  0.10    0.53   16.40 v _58872_/X (sky130_fd_sc_hd__or4bb_1)
     2    0.01                           _25636_ (net)
                  0.10    0.00   16.40 v _58898_/A_N (sky130_fd_sc_hd__and4b_1)
                  0.05    0.27   16.67 ^ _58898_/X (sky130_fd_sc_hd__and4b_1)
     1    0.00                           _25662_ (net)
                  0.05    0.00   16.67 ^ _58899_/C (sky130_fd_sc_hd__and3_1)
                  0.05    0.16   16.83 ^ _58899_/X (sky130_fd_sc_hd__and3_1)
     1    0.00                           _25663_ (net)
                  0.05    0.00   16.83 ^ _58900_/A4 (sky130_fd_sc_hd__a41o_2)
                  0.13    0.28   17.11 ^ _58900_/X (sky130_fd_sc_hd__a41o_2)
     3    0.02                           _25664_ (net)
                  0.13    0.00   17.11 ^ _58926_/B1 (sky130_fd_sc_hd__a21oi_2)
                  0.08    0.08   17.19 v _58926_/Y (sky130_fd_sc_hd__a21oi_2)
     1    0.02                           _25689_ (net)
                  0.08    0.00   17.19 v _58927_/A2 (sky130_fd_sc_hd__o21a_1)
                  0.03    0.18   17.37 v _58927_/X (sky130_fd_sc_hd__o21a_1)
     1    0.00                           _05191_ (net)
                  0.03    0.00   17.37 v _72479_/D (sky130_fd_sc_hd__dfxtp_1)
                                 17.37   data arrival time

                  0.15   25.00   25.00   clock clk (rise edge)
                          0.00   25.00   clock network delay (ideal)
                         -0.25   24.75   clock uncertainty
                          0.00   24.75   clock reconvergence pessimism
                                 24.75 ^ _72479_/CLK (sky130_fd_sc_hd__dfxtp_1)
                         -0.08   24.67   library setup time
                                 24.67   data required time
-----------------------------------------------------------------------------
                                 24.67   data required time
                                -17.37   data arrival time
-----------------------------------------------------------------------------
                                  7.30   slack (MET)


Startpoint: _72481_ (rising edge-triggered flip-flop clocked by clk)
Endpoint: _72478_ (rising edge-triggered flip-flop clocked by clk)
Path Group: clk
Path Type: max

Fanout     Cap    Slew   Delay    Time   Description
-----------------------------------------------------------------------------
                  0.15    0.00    0.00   clock clk (rise edge)
                          0.00    0.00   clock network delay (ideal)
                  0.15    0.00    0.00 ^ _72481_/CLK (sky130_fd_sc_hd__dfxtp_4)
                  0.16    0.49    0.49 ^ _72481_/Q (sky130_fd_sc_hd__dfxtp_4)
    10    0.05                           isl_blksiz.cek.arka_taraf_dut.coz_yazmacoku_dut.yrt_deger2_o[0] (net)
                  0.16    0.00    0.49 ^ _33526_/A (sky130_fd_sc_hd__clkbuf_4)
                  0.13    0.25    0.75 ^ _33526_/X (sky130_fd_sc_hd__clkbuf_4)
    10    0.04                           _05780_ (net)
                  0.13    0.00    0.75 ^ _33527_/A (sky130_fd_sc_hd__clkbuf_4)
                  0.13    0.24    0.99 ^ _33527_/X (sky130_fd_sc_hd__clkbuf_4)
    10    0.04                           _05781_ (net)
                  0.13    0.00    0.99 ^ _33528_/A (sky130_fd_sc_hd__clkbuf_4)
                  0.13    0.24    1.23 ^ _33528_/X (sky130_fd_sc_hd__clkbuf_4)
    10    0.04                           _05782_ (net)
                  0.13    0.00    1.23 ^ _33529_/A (sky130_fd_sc_hd__buf_2)
                  0.17    0.24    1.48 ^ _33529_/X (sky130_fd_sc_hd__buf_2)
    10    0.03                           _05783_ (net)
                  0.17    0.00    1.48 ^ _33629_/A (sky130_fd_sc_hd__clkbuf_4)
                  0.13    0.26    1.74 ^ _33629_/X (sky130_fd_sc_hd__clkbuf_4)
    10    0.04                           _05882_ (net)
                  0.13    0.00    1.74 ^ _33814_/A (sky130_fd_sc_hd__clkbuf_4)
                  0.13    0.24    1.98 ^ _33814_/X (sky130_fd_sc_hd__clkbuf_4)
    10    0.04                           _06062_ (net)
                  0.13    0.00    1.98 ^ _35267_/S (sky130_fd_sc_hd__mux2_1)
                  0.07    0.37    2.35 v _35267_/X (sky130_fd_sc_hd__mux2_1)
     3    0.01                           _07457_ (net)
                  0.07    0.00    2.35 v _36148_/A1 (sky130_fd_sc_hd__mux4_1)
                  0.10    0.55    2.90 v _36148_/X (sky130_fd_sc_hd__mux4_1)
     1    0.01                           _08276_ (net)
                  0.10    0.00    2.90 v _36149_/B1 (sky130_fd_sc_hd__a22oi_1)
                  0.20    0.20    3.10 ^ _36149_/Y (sky130_fd_sc_hd__a22oi_1)
     1    0.01                           _08277_ (net)
                  0.20    0.00    3.10 ^ _36150_/A (sky130_fd_sc_hd__inv_2)
                  0.05    0.06    3.17 v _36150_/Y (sky130_fd_sc_hd__inv_2)
     2    0.01                           _08278_ (net)
                  0.05    0.00    3.17 v _36151_/B1 (sky130_fd_sc_hd__a21o_1)
                  0.03    0.16    3.32 v _36151_/X (sky130_fd_sc_hd__a21o_1)
     1    0.00                           _08279_ (net)
                  0.03    0.00    3.32 v _36153_/B1 (sky130_fd_sc_hd__a22o_1)
                  0.04    0.18    3.50 v _36153_/X (sky130_fd_sc_hd__a22o_1)
     1    0.00                           _08281_ (net)
                  0.04    0.00    3.50 v _36156_/A2 (sky130_fd_sc_hd__o211a_1)
                  0.05    0.22    3.72 v _36156_/X (sky130_fd_sc_hd__o211a_1)
     1    0.00                           _08284_ (net)
                  0.05    0.00    3.72 v _36157_/B1 (sky130_fd_sc_hd__a31o_1)
                  0.07    0.23    3.95 v _36157_/X (sky130_fd_sc_hd__a31o_1)
     2    0.01                           _08285_ (net)
                  0.07    0.00    3.95 v _36163_/A3 (sky130_fd_sc_hd__a31o_1)
                  0.04    0.24    4.19 v _36163_/X (sky130_fd_sc_hd__a31o_1)
     1    0.00                           _08291_ (net)
                  0.04    0.00    4.19 v _36164_/A2_N (sky130_fd_sc_hd__a2bb2o_4)
                  0.21    0.33    4.52 ^ _36164_/X (sky130_fd_sc_hd__a2bb2o_4)
     4    0.07                           _08292_ (net)
                  0.22    0.02    4.54 ^ max_cap7036/A (sky130_fd_sc_hd__buf_6)
                  0.11    0.20    4.74 ^ max_cap7036/X (sky130_fd_sc_hd__buf_6)
     5    0.05                           net7036 (net)
                  0.11    0.00    4.74 ^ _36505_/A0 (sky130_fd_sc_hd__mux2_1)
                  0.05    0.14    4.88 ^ _36505_/X (sky130_fd_sc_hd__mux2_1)
     1    0.00                           _08601_ (net)
                  0.05    0.00    4.88 ^ _36506_/A (sky130_fd_sc_hd__buf_4)
                  0.16    0.20    5.09 ^ _36506_/X (sky130_fd_sc_hd__buf_4)
     1    0.06                           isl_blksiz.veri_onbellegi_denetleyici_dut.yol_A0[0] (net)
                  0.17    0.02    5.11 ^ fanout5749/A (sky130_fd_sc_hd__buf_12)
                  0.29    0.27    5.38 ^ fanout5749/X (sky130_fd_sc_hd__buf_12)
     6    0.27                           net5749 (net)
                  0.29    0.00    5.38 ^ fanout5557/A (sky130_fd_sc_hd__buf_12)
                  0.14    0.23    5.61 ^ fanout5557/X (sky130_fd_sc_hd__buf_12)
     6    0.12                           net5557 (net)
                  0.15    0.02    5.64 ^ fanout5497/A (sky130_fd_sc_hd__buf_6)
                  0.14    0.20    5.84 ^ fanout5497/X (sky130_fd_sc_hd__buf_6)
     5    0.07                           net5497 (net)
                  0.14    0.02    5.86 ^ fanout5480/A (sky130_fd_sc_hd__buf_4)
                  0.15    0.23    6.09 ^ fanout5480/X (sky130_fd_sc_hd__buf_4)
     6    0.05                           net5480 (net)
                  0.15    0.00    6.09 ^ fanout5469/A (sky130_fd_sc_hd__buf_2)
                  0.16    0.24    6.33 ^ fanout5469/X (sky130_fd_sc_hd__buf_2)
     6    0.03                           net5469 (net)
                  0.16    0.00    6.33 ^ fanout5468/A (sky130_fd_sc_hd__clkbuf_4)
                  0.12    0.25    6.58 ^ fanout5468/X (sky130_fd_sc_hd__clkbuf_4)
     7    0.04                           net5468 (net)
                  0.12    0.00    6.58 ^ fanout5467/A (sky130_fd_sc_hd__buf_4)
                  0.15    0.23    6.80 ^ fanout5467/X (sky130_fd_sc_hd__buf_4)
    10    0.05                           net5467 (net)
                  0.15    0.00    6.80 ^ vffram_t1_0.REGF[0].RAM32x8_ASYNC_dut.m0.m7.m0.m1.m0/S0 (sky130_fd_sc_hd__mux4_1)
                  0.08    0.57    7.38 v vffram_t1_0.REGF[0].RAM32x8_ASYNC_dut.m0.m7.m0.m1.m0/X (sky130_fd_sc_hd__mux4_1)
     1    0.00                           vffram_t1_0.REGF[0].RAM32x8_ASYNC_dut.m0.m7.m0.m1.tmp0 (net)
                  0.08    0.00    7.38 v vffram_t1_0.REGF[0].RAM32x8_ASYNC_dut.m0.m7.m0.m1.m2/A0 (sky130_fd_sc_hd__mux2_1)
                  0.07    0.33    7.71 v vffram_t1_0.REGF[0].RAM32x8_ASYNC_dut.m0.m7.m0.m1.m2/X (sky130_fd_sc_hd__mux2_1)
     1    0.01                           vffram_t1_0.REGF[0].RAM32x8_ASYNC_dut.m0.m7.m0.m1.X (net)
                  0.07    0.00    7.71 v vffram_t1_0.REGF[0].RAM32x8_ASYNC_dut.m0.m7.m0.m2/A1 (sky130_fd_sc_hd__mux2_1)
                  0.09    0.36    8.07 v vffram_t1_0.REGF[0].RAM32x8_ASYNC_dut.m0.m7.m0.m2/X (sky130_fd_sc_hd__mux2_1)
     1    0.01                           vffram_t1_0.REGF[0].RAM32x8_ASYNC_dut.m0.m7.m0.X (net)
                  0.09    0.00    8.07 v vffram_t1_0.REGF[0].RAM32x8_ASYNC_dut.m0.m7.m2/A0 (sky130_fd_sc_hd__mux2_2)
                  0.10    0.36    8.42 v vffram_t1_0.REGF[0].RAM32x8_ASYNC_dut.m0.m7.m2/X (sky130_fd_sc_hd__mux2_2)
     1    0.02                           vffram_t1_0.REGF[0].RAM32x8_ASYNC_dut.m0.m7.X (net)
                  0.10    0.00    8.43 v vffram_t1_0.m0.m7.m0/A0 (sky130_fd_sc_hd__mux4_2)
                  0.17    0.64    9.06 v vffram_t1_0.m0.m7.m0/X (sky130_fd_sc_hd__mux4_2)
     1    0.04                           vffram_t1_0.m0.m7.tmp0 (net)
                  0.17    0.01    9.07 v vffram_t1_0.m0.m7.m2/A0 (sky130_fd_sc_hd__mux2_8)
                  0.09    0.41    9.48 v vffram_t1_0.m0.m7.m2/X (sky130_fd_sc_hd__mux2_8)
     2    0.05                           vffram_t1_0.m0.m7.X (net)
                  0.09    0.01    9.50 v _34002_/A (sky130_fd_sc_hd__xor2_1)
                  0.11    0.16    9.66 ^ _34002_/X (sky130_fd_sc_hd__xor2_1)
     1    0.00                           _06247_ (net)
                  0.11    0.00    9.66 ^ _34003_/B1 (sky130_fd_sc_hd__o21ai_1)
                  0.05    0.08    9.74 v _34003_/Y (sky130_fd_sc_hd__o21ai_1)
     1    0.00                           _06248_ (net)
                  0.05    0.00    9.74 v _34004_/C1 (sky130_fd_sc_hd__a221o_1)
                  0.05    0.26   10.00 v _34004_/X (sky130_fd_sc_hd__a221o_1)
     1    0.00                           _06249_ (net)
                  0.05    0.00   10.00 v _34011_/A (sky130_fd_sc_hd__or4_1)
                  0.10    0.56   10.56 v _34011_/X (sky130_fd_sc_hd__or4_1)
     1    0.00                           _06256_ (net)
                  0.10    0.00   10.56 v _34012_/D1 (sky130_fd_sc_hd__a2111o_4)
                  0.13    0.46   11.02 v _34012_/X (sky130_fd_sc_hd__a2111o_4)
     2    0.04                           _06257_ (net)
                  0.13    0.01   11.03 v _35977_/A (sky130_fd_sc_hd__clkbuf_4)
                  0.09    0.24   11.27 v _35977_/X (sky130_fd_sc_hd__clkbuf_4)
    10    0.04                           _08134_ (net)
                  0.09    0.00   11.27 v _43044_/A2 (sky130_fd_sc_hd__o22a_1)
                  0.10    0.27   11.55 v _43044_/X (sky130_fd_sc_hd__o22a_1)
     1    0.01                           _13249_ (net)
                  0.10    0.00   11.55 v _43045_/B1 (sky130_fd_sc_hd__o22a_1)
                  0.04    0.20   11.75 v _43045_/X (sky130_fd_sc_hd__o22a_1)
     1    0.00                           _13250_ (net)
                  0.04    0.00   11.75 v _43047_/A2 (sky130_fd_sc_hd__o21a_1)
                  0.04    0.18   11.93 v _43047_/X (sky130_fd_sc_hd__o21a_1)
     2    0.00                           _13252_ (net)
                  0.04    0.00   11.93 v _43051_/A0 (sky130_fd_sc_hd__mux2_2)
                  0.10    0.34   12.27 v _43051_/X (sky130_fd_sc_hd__mux2_2)
     3    0.02                           _13256_ (net)
                  0.10    0.00   12.27 v _43060_/A0 (sky130_fd_sc_hd__mux2_1)
                  0.06    0.31   12.58 v _43060_/X (sky130_fd_sc_hd__mux2_1)
     1    0.00                           _13265_ (net)
                  0.06    0.00   12.58 v _43069_/A2 (sky130_fd_sc_hd__o21ai_1)
                  0.09    0.11   12.70 ^ _43069_/Y (sky130_fd_sc_hd__o21ai_1)
     1    0.00                           _13274_ (net)
                  0.09    0.00   12.70 ^ _43079_/A0 (sky130_fd_sc_hd__mux2_1)
                  0.15    0.23   12.92 ^ _43079_/X (sky130_fd_sc_hd__mux2_1)
     3    0.02                           _13284_ (net)
                  0.15    0.00   12.92 ^ _43081_/A (sky130_fd_sc_hd__or2b_2)
                  0.11    0.20   13.12 ^ _43081_/X (sky130_fd_sc_hd__or2b_2)
     3    0.02                           _13286_ (net)
                  0.11    0.00   13.12 ^ _43082_/B (sky130_fd_sc_hd__nand2_4)
                  0.08    0.10   13.22 v _43082_/Y (sky130_fd_sc_hd__nand2_4)
     9    0.03                           _13287_ (net)
                  0.08    0.00   13.22 v _43574_/A (sky130_fd_sc_hd__or2_1)
                  0.08    0.29   13.51 v _43574_/X (sky130_fd_sc_hd__or2_1)
     4    0.01                           _13770_ (net)
                  0.08    0.00   13.51 v _43595_/B1 (sky130_fd_sc_hd__a21o_1)
                  0.05    0.19   13.70 v _43595_/X (sky130_fd_sc_hd__a21o_1)
     1    0.01                           _13790_ (net)
                  0.05    0.00   13.70 v _43615_/A2 (sky130_fd_sc_hd__a31o_1)
                  0.04    0.21   13.91 v _43615_/X (sky130_fd_sc_hd__a31o_1)
     1    0.00                           _13810_ (net)
                  0.04    0.00   13.91 v _43616_/A1 (sky130_fd_sc_hd__mux2_1)
                  0.07    0.32   14.23 v _43616_/X (sky130_fd_sc_hd__mux2_1)
     2    0.01                           _13811_ (net)
                  0.07    0.00   14.23 v _43617_/A1 (sky130_fd_sc_hd__mux2_2)
                  0.08    0.34   14.57 v _43617_/X (sky130_fd_sc_hd__mux2_2)
     2    0.02                           _13812_ (net)
                  0.08    0.00   14.57 v _57646_/A1 (sky130_fd_sc_hd__o221a_2)
                  0.08    0.36   14.93 v _57646_/X (sky130_fd_sc_hd__o221a_2)
     3    0.02                           _24465_ (net)
                  0.08    0.00   14.93 v _58860_/A (sky130_fd_sc_hd__inv_2)
                  0.04    0.07   15.00 ^ _58860_/Y (sky130_fd_sc_hd__inv_2)
     2    0.01                           _25624_ (net)
                  0.04    0.00   15.00 ^ _58864_/B1 (sky130_fd_sc_hd__o22a_1)
                  0.06    0.14   15.14 ^ _58864_/X (sky130_fd_sc_hd__o22a_1)
     2    0.00                           _25628_ (net)
                  0.06    0.00   15.14 ^ _58866_/C (sky130_fd_sc_hd__and4_1)
                  0.06    0.19   15.33 ^ _58866_/X (sky130_fd_sc_hd__and4_1)
     1    0.00                           _25630_ (net)
                  0.06    0.00   15.33 ^ _58867_/D (sky130_fd_sc_hd__and4_1)
                  0.06    0.20   15.53 ^ _58867_/X (sky130_fd_sc_hd__and4_1)
     1    0.00                           _25631_ (net)
                  0.06    0.00   15.53 ^ _58868_/D (sky130_fd_sc_hd__and4_1)
                  0.05    0.19   15.72 ^ _58868_/X (sky130_fd_sc_hd__and4_1)
     1    0.00                           _25632_ (net)
                  0.05    0.00   15.72 ^ _58869_/C (sky130_fd_sc_hd__and3b_1)
                  0.05    0.16   15.88 ^ _58869_/X (sky130_fd_sc_hd__and3b_1)
     1    0.00                           _25633_ (net)
                  0.05    0.00   15.88 ^ _58872_/C_N (sky130_fd_sc_hd__or4bb_1)
                  0.10    0.53   16.40 v _58872_/X (sky130_fd_sc_hd__or4bb_1)
     2    0.01                           _25636_ (net)
                  0.10    0.00   16.40 v _58898_/A_N (sky130_fd_sc_hd__and4b_1)
                  0.05    0.27   16.67 ^ _58898_/X (sky130_fd_sc_hd__and4b_1)
     1    0.00                           _25662_ (net)
                  0.05    0.00   16.67 ^ _58899_/C (sky130_fd_sc_hd__and3_1)
                  0.05    0.16   16.83 ^ _58899_/X (sky130_fd_sc_hd__and3_1)
     1    0.00                           _25663_ (net)
                  0.05    0.00   16.83 ^ _58900_/A4 (sky130_fd_sc_hd__a41o_2)
                  0.13    0.28   17.11 ^ _58900_/X (sky130_fd_sc_hd__a41o_2)
     3    0.02                           _25664_ (net)
                  0.13    0.00   17.11 ^ _58901_/B1 (sky130_fd_sc_hd__o211a_1)
                  0.04    0.16   17.27 ^ _58901_/X (sky130_fd_sc_hd__o211a_1)
     1    0.00                           _05190_ (net)
                  0.04    0.00   17.27 ^ _72478_/D (sky130_fd_sc_hd__dfxtp_1)
                                 17.27   data arrival time

                  0.15   25.00   25.00   clock clk (rise edge)
                          0.00   25.00   clock network delay (ideal)
                         -0.25   24.75   clock uncertainty
                          0.00   24.75   clock reconvergence pessimism
                                 24.75 ^ _72478_/CLK (sky130_fd_sc_hd__dfxtp_1)
                         -0.04   24.71   library setup time
                                 24.71   data required time
-----------------------------------------------------------------------------
                                 24.71   data required time
                                -17.27   data arrival time
-----------------------------------------------------------------------------
                                  7.44   slack (MET)


Startpoint: _73030_ (rising edge-triggered flip-flop clocked by clk)
Endpoint: _73047_ (rising edge-triggered flip-flop clocked by clk)
Path Group: clk
Path Type: max

Fanout     Cap    Slew   Delay    Time   Description
-----------------------------------------------------------------------------
                  0.15    0.00    0.00   clock clk (rise edge)
                          0.00    0.00   clock network delay (ideal)
                  0.15    0.00    0.00 ^ _73030_/CLK (sky130_fd_sc_hd__dfxtp_1)
                  0.10    0.41    0.41 v _73030_/Q (sky130_fd_sc_hd__dfxtp_1)
     6    0.02                           isl_blksiz.buyruk_onbellegi_denetleyici_dut.l1b_adres_i[1] (net)
                  0.10    0.00    0.41 v _34064_/A (sky130_fd_sc_hd__clkbuf_4)
                  0.10    0.23    0.64 v _34064_/X (sky130_fd_sc_hd__clkbuf_4)
    10    0.04                           _06303_ (net)
                  0.10    0.00    0.64 v _34065_/A (sky130_fd_sc_hd__buf_4)
                  0.07    0.22    0.86 v _34065_/X (sky130_fd_sc_hd__buf_4)
    10    0.05                           _06304_ (net)
                  0.07    0.00    0.86 v _34066_/A (sky130_fd_sc_hd__buf_6)
                  0.07    0.18    1.04 v _34066_/X (sky130_fd_sc_hd__buf_6)
    10    0.07                           _06305_ (net)
                  0.07    0.01    1.05 v _34067_/A (sky130_fd_sc_hd__buf_6)
                  0.07    0.18    1.23 v _34067_/X (sky130_fd_sc_hd__buf_6)
    10    0.07                           _06306_ (net)
                  0.07    0.00    1.23 v _34068_/C (sky130_fd_sc_hd__and3_2)
                  0.08    0.29    1.52 v _34068_/X (sky130_fd_sc_hd__and3_2)
     7    0.02                           _06307_ (net)
                  0.08    0.00    1.52 v _34075_/B (sky130_fd_sc_hd__and2_1)
                  0.03    0.17    1.69 v _34075_/X (sky130_fd_sc_hd__and2_1)
     1    0.00                           _06314_ (net)
                  0.03    0.00    1.69 v _34076_/A (sky130_fd_sc_hd__clkbuf_4)
                  0.08    0.19    1.88 v _34076_/X (sky130_fd_sc_hd__clkbuf_4)
     4    0.04                           _06315_ (net)
                  0.08    0.00    1.88 v _34103_/A (sky130_fd_sc_hd__nor2_1)
                  0.25    0.25    2.13 ^ _34103_/Y (sky130_fd_sc_hd__nor2_1)
     3    0.01                           _06342_ (net)
                  0.25    0.00    2.14 ^ _34198_/A (sky130_fd_sc_hd__buf_6)
                  0.17    0.25    2.39 ^ _34198_/X (sky130_fd_sc_hd__buf_6)
    10    0.08                           _06437_ (net)
                  0.17    0.01    2.40 ^ _34222_/A (sky130_fd_sc_hd__buf_6)
                  0.14    0.22    2.61 ^ _34222_/X (sky130_fd_sc_hd__buf_6)
    10    0.07                           _06461_ (net)
                  0.14    0.00    2.61 ^ _34303_/A (sky130_fd_sc_hd__buf_4)
                  0.18    0.26    2.87 ^ _34303_/X (sky130_fd_sc_hd__buf_4)
    10    0.06                           _06542_ (net)
                  0.18    0.00    2.87 ^ _35201_/B1 (sky130_fd_sc_hd__a22o_4)
                  0.14    0.23    3.11 ^ _35201_/X (sky130_fd_sc_hd__a22o_4)
     1    0.05                           RAM512_d0.A0[2] (net)
                  0.15    0.01    3.12 ^ wire7431/A (sky130_fd_sc_hd__buf_12)
                  0.10    0.18    3.29 ^ wire7431/X (sky130_fd_sc_hd__buf_12)
     2    0.08                           net7431 (net)
                  0.11    0.03    3.32 ^ wire7430/A (sky130_fd_sc_hd__buf_12)
                  0.10    0.17    3.49 ^ wire7430/X (sky130_fd_sc_hd__buf_12)
     2    0.08                           net7430 (net)
                  0.12    0.03    3.51 ^ fanout7327/A (sky130_fd_sc_hd__buf_8)
                  0.17    0.21    3.73 ^ fanout7327/X (sky130_fd_sc_hd__buf_8)
     6    0.10                           net7327 (net)
                  0.17    0.02    3.75 ^ fanout7306/A (sky130_fd_sc_hd__clkbuf_4)
                  0.13    0.26    4.01 ^ fanout7306/X (sky130_fd_sc_hd__clkbuf_4)
     6    0.04                           net7306 (net)
                  0.13    0.00    4.01 ^ fanout7303/A (sky130_fd_sc_hd__clkbuf_2)
                  0.13    0.21    4.22 ^ fanout7303/X (sky130_fd_sc_hd__clkbuf_2)
     5    0.02                           net7303 (net)
                  0.13    0.00    4.22 ^ fanout7302/A (sky130_fd_sc_hd__buf_2)
                  0.15    0.22    4.44 ^ fanout7302/X (sky130_fd_sc_hd__buf_2)
     5    0.03                           net7302 (net)
                  0.15    0.00    4.44 ^ fanout7301/A (sky130_fd_sc_hd__clkbuf_4)
                  0.15    0.26    4.70 ^ fanout7301/X (sky130_fd_sc_hd__clkbuf_4)
    10    0.05                           net7301 (net)
                  0.15    0.00    4.70 ^ RAM512_d0.BANK10.REGF[2].RAM32x8_ASYNC_dut.m0.m0.m0.m0.m2/S (sky130_fd_sc_hd__mux2_1)
                  0.07    0.38    5.07 v RAM512_d0.BANK10.REGF[2].RAM32x8_ASYNC_dut.m0.m0.m0.m0.m2/X (sky130_fd_sc_hd__mux2_1)
     1    0.01                           RAM512_d0.BANK10.REGF[2].RAM32x8_ASYNC_dut.m0.m0.m0.m0.X (net)
                  0.07    0.00    5.07 v RAM512_d0.BANK10.REGF[2].RAM32x8_ASYNC_dut.m0.m0.m0.m2/A0 (sky130_fd_sc_hd__mux2_1)
                  0.08    0.33    5.41 v RAM512_d0.BANK10.REGF[2].RAM32x8_ASYNC_dut.m0.m0.m0.m2/X (sky130_fd_sc_hd__mux2_1)
     1    0.01                           RAM512_d0.BANK10.REGF[2].RAM32x8_ASYNC_dut.m0.m0.m0.X (net)
                  0.08    0.00    5.41 v RAM512_d0.BANK10.REGF[2].RAM32x8_ASYNC_dut.m0.m0.m2/A0 (sky130_fd_sc_hd__mux2_1)
                  0.11    0.38    5.79 v RAM512_d0.BANK10.REGF[2].RAM32x8_ASYNC_dut.m0.m0.m2/X (sky130_fd_sc_hd__mux2_1)
     1    0.02                           RAM512_d0.BANK10.REGF[2].RAM32x8_ASYNC_dut.m0.m0.X (net)
                  0.11    0.00    5.79 v RAM512_d0.BANK10.m0.m0.m0/A2 (sky130_fd_sc_hd__mux4_2)
                  0.13    0.59    6.38 v RAM512_d0.BANK10.m0.m0.m0/X (sky130_fd_sc_hd__mux4_2)
     1    0.02                           RAM512_d0.BANK10.m0.m0.tmp0 (net)
                  0.13    0.00    6.38 v RAM512_d0.BANK10.m0.m0.m2/A0 (sky130_fd_sc_hd__mux2_1)
                  0.10    0.39    6.77 v RAM512_d0.BANK10.m0.m0.m2/X (sky130_fd_sc_hd__mux2_1)
     2    0.01                           RAM512_d0.BANK10.m0.m0.X (net)
                  0.10    0.00    6.77 v RAM512_d0.m0.M[0].MUX[0]/A1 (sky130_fd_sc_hd__mux2_8)
                  0.13    0.43    7.20 v RAM512_d0.m0.M[0].MUX[0]/X (sky130_fd_sc_hd__mux2_8)
     2    0.14                           RAM512_d0.Do0[0] (net)
                  0.21    0.09    7.29 v _36790_/B (sky130_fd_sc_hd__and2b_1)
                  0.05    0.26    7.55 v _36790_/X (sky130_fd_sc_hd__and2b_1)
     2    0.01                           _08817_ (net)
                  0.05    0.00    7.55 v _36797_/B1 (sky130_fd_sc_hd__a21oi_2)
                  0.19    0.19    7.74 ^ _36797_/Y (sky130_fd_sc_hd__a21oi_2)
     5    0.01                           _08824_ (net)
                  0.19    0.00    7.74 ^ _36799_/A (sky130_fd_sc_hd__or3_2)
                  0.08    0.20    7.95 ^ _36799_/X (sky130_fd_sc_hd__or3_2)
     3    0.01                           _08826_ (net)
                  0.08    0.00    7.95 ^ _36824_/B (sky130_fd_sc_hd__nor2_1)
                  0.06    0.06    8.01 v _36824_/Y (sky130_fd_sc_hd__nor2_1)
     3    0.01                           _08851_ (net)
                  0.06    0.00    8.01 v _36825_/C (sky130_fd_sc_hd__and3_1)
                  0.07    0.23    8.24 v _36825_/X (sky130_fd_sc_hd__and3_1)
     4    0.01                           _08852_ (net)
                  0.07    0.00    8.24 v _36831_/A (sky130_fd_sc_hd__or3_1)
                  0.10    0.45    8.69 v _36831_/X (sky130_fd_sc_hd__or3_1)
     4    0.01                           _08858_ (net)
                  0.10    0.00    8.69 v _36837_/A (sky130_fd_sc_hd__nor3_1)
                  0.18    0.23    8.92 ^ _36837_/Y (sky130_fd_sc_hd__nor3_1)
     2    0.00                           _08864_ (net)
                  0.18    0.00    8.92 ^ _36838_/D_N (sky130_fd_sc_hd__or4b_1)
                  0.12    0.52    9.44 v _36838_/X (sky130_fd_sc_hd__or4b_1)
     3    0.01                           _08865_ (net)
                  0.12    0.00    9.44 v _36839_/B (sky130_fd_sc_hd__nor2_1)
                  0.12    0.14    9.59 ^ _36839_/Y (sky130_fd_sc_hd__nor2_1)
     2    0.01                           _08866_ (net)
                  0.12    0.00    9.59 ^ _36840_/A (sky130_fd_sc_hd__buf_2)
                  0.17    0.24    9.82 ^ _36840_/X (sky130_fd_sc_hd__buf_2)
    10    0.03                           _08867_ (net)
                  0.17    0.00    9.82 ^ _36856_/B1 (sky130_fd_sc_hd__o21a_1)
                  0.17    0.25   10.07 ^ _36856_/X (sky130_fd_sc_hd__o21a_1)
     4    0.02                           _08883_ (net)
                  0.17    0.00   10.07 ^ _36857_/B1 (sky130_fd_sc_hd__a21oi_2)
                  0.07    0.08   10.15 v _36857_/Y (sky130_fd_sc_hd__a21oi_2)
     3    0.01                           _08884_ (net)
                  0.07    0.00   10.15 v _36871_/B1 (sky130_fd_sc_hd__a22o_4)
                  0.09    0.30   10.45 v _36871_/X (sky130_fd_sc_hd__a22o_4)
     4    0.04                           _08897_ (net)
                  0.09    0.01   10.46 v _55163_/A (sky130_fd_sc_hd__or3_1)
                  0.10    0.45   10.91 v _55163_/X (sky130_fd_sc_hd__or3_1)
     3    0.01                           _22621_ (net)
                  0.10    0.00   10.91 v _55164_/A (sky130_fd_sc_hd__clkbuf_4)
                  0.10    0.23   11.14 v _55164_/X (sky130_fd_sc_hd__clkbuf_4)
    10    0.04                           _22622_ (net)
                  0.10    0.00   11.14 v _67056_/S (sky130_fd_sc_hd__mux2_1)
                  0.08    0.38   11.52 v _67056_/X (sky130_fd_sc_hd__mux2_1)
     3    0.01                           _33272_ (net)
                  0.08    0.00   11.52 v _67088_/A2 (sky130_fd_sc_hd__a32o_1)
                  0.06    0.30   11.82 v _67088_/X (sky130_fd_sc_hd__a32o_1)
     3    0.01                           _33302_ (net)
                  0.06    0.00   11.82 v _67107_/A1 (sky130_fd_sc_hd__a21o_1)
                  0.05    0.19   12.00 v _67107_/X (sky130_fd_sc_hd__a21o_1)
     2    0.01                           _33320_ (net)
                  0.05    0.00   12.00 v _67118_/A1 (sky130_fd_sc_hd__a21o_1)
                  0.06    0.19   12.19 v _67118_/X (sky130_fd_sc_hd__a21o_1)
     2    0.01                           _33330_ (net)
                  0.06    0.00   12.19 v _67133_/A1 (sky130_fd_sc_hd__a21boi_1)
                  0.22    0.22   12.41 ^ _67133_/Y (sky130_fd_sc_hd__a21boi_1)
     3    0.01                           _33344_ (net)
                  0.22    0.00   12.41 ^ _67144_/A1 (sky130_fd_sc_hd__o21bai_1)
                  0.09    0.15   12.56 v _67144_/Y (sky130_fd_sc_hd__o21bai_1)
     2    0.01                           _33354_ (net)
                  0.09    0.00   12.56 v _67156_/B1 (sky130_fd_sc_hd__a21o_1)
                  0.03    0.17   12.73 v _67156_/X (sky130_fd_sc_hd__a21o_1)
     1    0.00                           _33365_ (net)
                  0.03    0.00   12.73 v _67157_/B1 (sky130_fd_sc_hd__o21ai_1)
                  0.23    0.14   12.87 ^ _67157_/Y (sky130_fd_sc_hd__o21ai_1)
     2    0.01                           _33366_ (net)
                  0.23    0.00   12.87 ^ _67166_/A2 (sky130_fd_sc_hd__o21ai_1)
                  0.09    0.14   13.02 v _67166_/Y (sky130_fd_sc_hd__o21ai_1)
     3    0.01                           _33374_ (net)
                  0.09    0.00   13.02 v _67184_/A1 (sky130_fd_sc_hd__a21oi_1)
                  0.22    0.23   13.25 ^ _67184_/Y (sky130_fd_sc_hd__a21oi_1)
     2    0.01                           _33391_ (net)
                  0.22    0.00   13.25 ^ _67202_/A2 (sky130_fd_sc_hd__o21a_1)
                  0.06    0.16   13.41 ^ _67202_/X (sky130_fd_sc_hd__o21a_1)
     2    0.00                           _33408_ (net)
                  0.06    0.00   13.41 ^ _67204_/B (sky130_fd_sc_hd__or2_1)
                  0.08    0.13   13.54 ^ _67204_/X (sky130_fd_sc_hd__or2_1)
     3    0.01                           _33410_ (net)
                  0.08    0.00   13.54 ^ _67218_/A2 (sky130_fd_sc_hd__a21o_1)
                  0.08    0.15   13.69 ^ _67218_/X (sky130_fd_sc_hd__a21o_1)
     3    0.01                           _33423_ (net)
                  0.08    0.00   13.69 ^ _67231_/A2 (sky130_fd_sc_hd__a21oi_1)
                  0.06    0.08   13.77 v _67231_/Y (sky130_fd_sc_hd__a21oi_1)
     2    0.00                           _33435_ (net)
                  0.06    0.00   13.77 v _67240_/B1 (sky130_fd_sc_hd__a21oi_1)
                  0.18    0.18   13.94 ^ _67240_/Y (sky130_fd_sc_hd__a21oi_1)
     2    0.01                           _33443_ (net)
                  0.18    0.00   13.94 ^ _67244_/A (sky130_fd_sc_hd__nor2_1)
                  0.06    0.09   14.03 v _67244_/Y (sky130_fd_sc_hd__nor2_1)
     2    0.01                           _33447_ (net)
                  0.06    0.00   14.03 v _67255_/B1 (sky130_fd_sc_hd__a21oi_1)
                  0.17    0.17   14.20 ^ _67255_/Y (sky130_fd_sc_hd__a21oi_1)
     2    0.01                           _33457_ (net)
                  0.17    0.00   14.20 ^ _67256_/B (sky130_fd_sc_hd__nor2_1)
                  0.06    0.08   14.28 v _67256_/Y (sky130_fd_sc_hd__nor2_1)
     2    0.01                           _33458_ (net)
                  0.06    0.00   14.28 v _67266_/B1 (sky130_fd_sc_hd__a21oi_1)
                  0.17    0.17   14.45 ^ _67266_/Y (sky130_fd_sc_hd__a21oi_1)
     2    0.01                           _33467_ (net)
                  0.17    0.00   14.45 ^ _67270_/A (sky130_fd_sc_hd__nor2_1)
                  0.06    0.09   14.54 v _67270_/Y (sky130_fd_sc_hd__nor2_1)
     2    0.01                           _33471_ (net)
                  0.06    0.00   14.54 v _67283_/B1 (sky130_fd_sc_hd__a21oi_1)
                  0.21    0.20   14.74 ^ _67283_/Y (sky130_fd_sc_hd__a21oi_1)
     2    0.01                           _33483_ (net)
                  0.21    0.00   14.74 ^ _67292_/B (sky130_fd_sc_hd__nor2_1)
                  0.05    0.06   14.80 v _67292_/Y (sky130_fd_sc_hd__nor2_1)
     1    0.00                           _33491_ (net)
                  0.05    0.00   14.80 v _67293_/B1 (sky130_fd_sc_hd__a31o_1)
                  0.05    0.21   15.00 v _67293_/X (sky130_fd_sc_hd__a31o_1)
     2    0.01                           _33492_ (net)
                  0.05    0.00   15.00 v _67298_/A1 (sky130_fd_sc_hd__o21a_1)
                  0.04    0.19   15.19 v _67298_/X (sky130_fd_sc_hd__o21a_1)
     1    0.00                           _33497_ (net)
                  0.04    0.00   15.19 v _67299_/B2 (sky130_fd_sc_hd__a22o_1)
                  0.04    0.19   15.39 v _67299_/X (sky130_fd_sc_hd__a22o_1)
     1    0.00                           _33498_ (net)
                  0.04    0.00   15.39 v _67300_/A1 (sky130_fd_sc_hd__mux2_1)
                  0.06    0.30   15.68 v _67300_/X (sky130_fd_sc_hd__mux2_1)
     1    0.00                           _33499_ (net)
                  0.06    0.00   15.68 v _67303_/A2 (sky130_fd_sc_hd__a21o_1)
                  0.03    0.19   15.87 v _67303_/X (sky130_fd_sc_hd__a21o_1)
     1    0.00                           _33502_ (net)
                  0.03    0.00   15.87 v _67304_/B1 (sky130_fd_sc_hd__o211a_1)
                  0.03    0.11   15.98 v _67304_/X (sky130_fd_sc_hd__o211a_1)
     1    0.00                           _05759_ (net)
                  0.03    0.00   15.98 v _73047_/D (sky130_fd_sc_hd__dfxtp_4)
                                 15.98   data arrival time

                  0.15   25.00   25.00   clock clk (rise edge)
                          0.00   25.00   clock network delay (ideal)
                         -0.25   24.75   clock uncertainty
                          0.00   24.75   clock reconvergence pessimism
                                 24.75 ^ _73047_/CLK (sky130_fd_sc_hd__dfxtp_4)
                         -0.08   24.67   library setup time
                                 24.67   data required time
-----------------------------------------------------------------------------
                                 24.67   data required time
                                -15.98   data arrival time
-----------------------------------------------------------------------------
                                  8.68   slack (MET)


Startpoint: _73030_ (rising edge-triggered flip-flop clocked by clk)
Endpoint: _73046_ (rising edge-triggered flip-flop clocked by clk)
Path Group: clk
Path Type: max

Fanout     Cap    Slew   Delay    Time   Description
-----------------------------------------------------------------------------
                  0.15    0.00    0.00   clock clk (rise edge)
                          0.00    0.00   clock network delay (ideal)
                  0.15    0.00    0.00 ^ _73030_/CLK (sky130_fd_sc_hd__dfxtp_1)
                  0.21    0.48    0.48 ^ _73030_/Q (sky130_fd_sc_hd__dfxtp_1)
     6    0.02                           isl_blksiz.buyruk_onbellegi_denetleyici_dut.l1b_adres_i[1] (net)
                  0.21    0.00    0.48 ^ _34064_/A (sky130_fd_sc_hd__clkbuf_4)
                  0.15    0.28    0.76 ^ _34064_/X (sky130_fd_sc_hd__clkbuf_4)
    10    0.05                           _06303_ (net)
                  0.15    0.00    0.76 ^ _34065_/A (sky130_fd_sc_hd__buf_4)
                  0.15    0.24    1.00 ^ _34065_/X (sky130_fd_sc_hd__buf_4)
    10    0.05                           _06304_ (net)
                  0.15    0.00    1.00 ^ _34066_/A (sky130_fd_sc_hd__buf_6)
                  0.14    0.21    1.21 ^ _34066_/X (sky130_fd_sc_hd__buf_6)
    10    0.07                           _06305_ (net)
                  0.14    0.01    1.22 ^ _34067_/A (sky130_fd_sc_hd__buf_6)
                  0.15    0.22    1.44 ^ _34067_/X (sky130_fd_sc_hd__buf_6)
    10    0.07                           _06306_ (net)
                  0.15    0.00    1.44 ^ _34086_/A2 (sky130_fd_sc_hd__a21oi_1)
                  0.07    0.11    1.54 v _34086_/Y (sky130_fd_sc_hd__a21oi_1)
     2    0.01                           _06325_ (net)
                  0.07    0.00    1.54 v _34098_/B (sky130_fd_sc_hd__nor2_1)
                  0.24    0.22    1.77 ^ _34098_/Y (sky130_fd_sc_hd__nor2_1)
     3    0.01                           _06337_ (net)
                  0.24    0.00    1.77 ^ _34115_/A (sky130_fd_sc_hd__buf_6)
                  0.18    0.26    2.03 ^ _34115_/X (sky130_fd_sc_hd__buf_6)
    10    0.09                           _06354_ (net)
                  0.18    0.00    2.03 ^ _34116_/A (sky130_fd_sc_hd__clkbuf_16)
                  0.12    0.25    2.27 ^ _34116_/X (sky130_fd_sc_hd__clkbuf_16)
    10    0.11                           _06355_ (net)
                  0.13    0.02    2.29 ^ _34257_/A (sky130_fd_sc_hd__buf_4)
                  0.14    0.22    2.51 ^ _34257_/X (sky130_fd_sc_hd__buf_4)
    10    0.05                           _06496_ (net)
                  0.14    0.00    2.51 ^ _35212_/A2 (sky130_fd_sc_hd__a22o_2)
                  0.18    0.28    2.80 ^ _35212_/X (sky130_fd_sc_hd__a22o_2)
     1    0.03                           RAM512_d1.A0[1] (net)
                  0.18    0.01    2.80 ^ fanout8003/A (sky130_fd_sc_hd__buf_12)
                  0.16    0.21    3.01 ^ fanout8003/X (sky130_fd_sc_hd__buf_12)
     7    0.13                           net8003 (net)
                  0.18    0.05    3.06 ^ fanout7801/A (sky130_fd_sc_hd__buf_6)
                  0.15    0.22    3.28 ^ fanout7801/X (sky130_fd_sc_hd__buf_6)
     5    0.07                           net7801 (net)
                  0.16    0.03    3.31 ^ fanout7785/A (sky130_fd_sc_hd__buf_4)
                  0.18    0.26    3.56 ^ fanout7785/X (sky130_fd_sc_hd__buf_4)
     6    0.06                           net7785 (net)
                  0.18    0.01    3.57 ^ fanout7765/A (sky130_fd_sc_hd__clkbuf_4)
                  0.13    0.26    3.83 ^ fanout7765/X (sky130_fd_sc_hd__clkbuf_4)
     5    0.04                           net7765 (net)
                  0.13    0.00    3.83 ^ fanout7755/A (sky130_fd_sc_hd__buf_2)
                  0.17    0.24    4.07 ^ fanout7755/X (sky130_fd_sc_hd__buf_2)
     5    0.04                           net7755 (net)
                  0.17    0.00    4.07 ^ fanout7754/A (sky130_fd_sc_hd__buf_2)
                  0.14    0.23    4.30 ^ fanout7754/X (sky130_fd_sc_hd__buf_2)
     6    0.03                           net7754 (net)
                  0.14    0.00    4.30 ^ fanout7751/A (sky130_fd_sc_hd__clkbuf_4)
                  0.14    0.25    4.55 ^ fanout7751/X (sky130_fd_sc_hd__clkbuf_4)
    10    0.04                           net7751 (net)
                  0.14    0.00    4.55 ^ fanout7750/A (sky130_fd_sc_hd__clkbuf_4)
                  0.12    0.24    4.79 ^ fanout7750/X (sky130_fd_sc_hd__clkbuf_4)
    10    0.04                           net7750 (net)
                  0.12    0.00    4.79 ^ RAM512_d1.BANK11.REGF[0].RAM32x8_ASYNC_dut.m0.m6.m0.m1.m1/S1 (sky130_fd_sc_hd__mux4_1)
                  0.10    0.32    5.11 v RAM512_d1.BANK11.REGF[0].RAM32x8_ASYNC_dut.m0.m6.m0.m1.m1/X (sky130_fd_sc_hd__mux4_1)
     1    0.00                           RAM512_d1.BANK11.REGF[0].RAM32x8_ASYNC_dut.m0.m6.m0.m1.tmp1 (net)
                  0.10    0.00    5.11 v RAM512_d1.BANK11.REGF[0].RAM32x8_ASYNC_dut.m0.m6.m0.m1.m2/A1 (sky130_fd_sc_hd__mux2_1)
                  0.06    0.33    5.44 v RAM512_d1.BANK11.REGF[0].RAM32x8_ASYNC_dut.m0.m6.m0.m1.m2/X (sky130_fd_sc_hd__mux2_1)
     1    0.00                           RAM512_d1.BANK11.REGF[0].RAM32x8_ASYNC_dut.m0.m6.m0.m1.X (net)
                  0.06    0.00    5.44 v RAM512_d1.BANK11.REGF[0].RAM32x8_ASYNC_dut.m0.m6.m0.m2/A1 (sky130_fd_sc_hd__mux2_1)
                  0.08    0.34    5.78 v RAM512_d1.BANK11.REGF[0].RAM32x8_ASYNC_dut.m0.m6.m0.m2/X (sky130_fd_sc_hd__mux2_1)
     1    0.01                           RAM512_d1.BANK11.REGF[0].RAM32x8_ASYNC_dut.m0.m6.m0.X (net)
                  0.08    0.00    5.78 v RAM512_d1.BANK11.REGF[0].RAM32x8_ASYNC_dut.m0.m6.m2/A0 (sky130_fd_sc_hd__mux2_1)
                  0.06    0.31    6.09 v RAM512_d1.BANK11.REGF[0].RAM32x8_ASYNC_dut.m0.m6.m2/X (sky130_fd_sc_hd__mux2_1)
     1    0.00                           RAM512_d1.BANK11.REGF[0].RAM32x8_ASYNC_dut.m0.m6.X (net)
                  0.06    0.00    6.09 v RAM512_d1.BANK11.m0.m6.m0/A0 (sky130_fd_sc_hd__mux4_2)
                  0.13    0.55    6.65 v RAM512_d1.BANK11.m0.m6.m0/X (sky130_fd_sc_hd__mux4_2)
     1    0.02                           RAM512_d1.BANK11.m0.m6.tmp0 (net)
                  0.13    0.00    6.65 v RAM512_d1.BANK11.m0.m6.m2/A0 (sky130_fd_sc_hd__mux2_4)
                  0.11    0.39    7.04 v RAM512_d1.BANK11.m0.m6.m2/X (sky130_fd_sc_hd__mux2_4)
     2    0.05                           RAM512_d1.BANK11.m0.m6.X (net)
                  0.11    0.01    7.05 v RAM512_d1.m0.M[1].MUX[6]/A1 (sky130_fd_sc_hd__mux2_8)
                  0.11    0.42    7.47 v RAM512_d1.m0.M[1].MUX[6]/X (sky130_fd_sc_hd__mux2_8)
     2    0.09                           RAM512_d1.Do0[14] (net)
                  0.13    0.04    7.50 v _36798_/A1 (sky130_fd_sc_hd__mux2_2)
                  0.10    0.38    7.89 v _36798_/X (sky130_fd_sc_hd__mux2_2)
     7    0.03                           _08825_ (net)
                  0.10    0.00    7.89 v _36799_/C (sky130_fd_sc_hd__or3_2)
                  0.11    0.50    8.39 v _36799_/X (sky130_fd_sc_hd__or3_2)
     3    0.01                           _08826_ (net)
                  0.11    0.00    8.39 v _36824_/B (sky130_fd_sc_hd__nor2_1)
                  0.13    0.15    8.54 ^ _36824_/Y (sky130_fd_sc_hd__nor2_1)
     3    0.01                           _08851_ (net)
                  0.13    0.00    8.54 ^ _36830_/C (sky130_fd_sc_hd__and4_1)
                  0.19    0.32    8.87 ^ _36830_/X (sky130_fd_sc_hd__and4_1)
     6    0.02                           _08857_ (net)
                  0.19    0.00    8.87 ^ _36831_/C (sky130_fd_sc_hd__or3_1)
                  0.11    0.19    9.06 ^ _36831_/X (sky130_fd_sc_hd__or3_1)
     4    0.01                           _08858_ (net)
                  0.11    0.00    9.06 ^ _36837_/A (sky130_fd_sc_hd__nor3_1)
                  0.06    0.07    9.14 v _36837_/Y (sky130_fd_sc_hd__nor3_1)
     2    0.00                           _08864_ (net)
                  0.06    0.00    9.14 v _36838_/D_N (sky130_fd_sc_hd__or4b_1)
                  0.09    0.21    9.35 ^ _36838_/X (sky130_fd_sc_hd__or4b_1)
     3    0.01                           _08865_ (net)
                  0.09    0.00    9.35 ^ _36839_/B (sky130_fd_sc_hd__nor2_1)
                  0.04    0.06    9.41 v _36839_/Y (sky130_fd_sc_hd__nor2_1)
     2    0.00                           _08866_ (net)
                  0.04    0.00    9.41 v _36840_/A (sky130_fd_sc_hd__buf_2)
                  0.08    0.18    9.59 v _36840_/X (sky130_fd_sc_hd__buf_2)
    10    0.03                           _08867_ (net)
                  0.08    0.00    9.59 v _53923_/B (sky130_fd_sc_hd__or4_1)
                  0.11    0.57   10.16 v _53923_/X (sky130_fd_sc_hd__or4_1)
     2    0.01                           _21826_ (net)
                  0.11    0.00   10.16 v _53924_/A2 (sky130_fd_sc_hd__o21a_1)
                  0.03    0.19   10.35 v _53924_/X (sky130_fd_sc_hd__o21a_1)
     1    0.00                           _21827_ (net)
                  0.03    0.00   10.35 v _53926_/C (sky130_fd_sc_hd__or4_1)
                  0.10    0.50   10.85 v _53926_/X (sky130_fd_sc_hd__or4_1)
     1    0.00                           _21829_ (net)
                  0.10    0.00   10.85 v _53927_/B1 (sky130_fd_sc_hd__o21ai_2)
                  0.23    0.13   10.99 ^ _53927_/Y (sky130_fd_sc_hd__o21ai_2)
     1    0.02                           _21830_ (net)
                  0.23    0.00   10.99 ^ wire2916/A (sky130_fd_sc_hd__buf_4)
                  0.10    0.22   11.21 ^ wire2916/X (sky130_fd_sc_hd__buf_4)
     2    0.03                           net2916 (net)
                  0.10    0.00   11.21 ^ _67089_/A (sky130_fd_sc_hd__clkinv_2)
                  0.03    0.05   11.26 v _67089_/Y (sky130_fd_sc_hd__clkinv_2)
     1    0.00                           _33303_ (net)
                  0.03    0.00   11.26 v _67090_/A1 (sky130_fd_sc_hd__mux2_1)
                  0.06    0.31   11.58 v _67090_/X (sky130_fd_sc_hd__mux2_1)
     2    0.00                           _33304_ (net)
                  0.06    0.00   11.58 v _67091_/B (sky130_fd_sc_hd__and2_1)
                  0.05    0.18   11.76 v _67091_/X (sky130_fd_sc_hd__and2_1)
     2    0.01                           _33305_ (net)
                  0.05    0.00   11.76 v _67093_/A (sky130_fd_sc_hd__nor2_1)
                  0.18    0.18   11.94 ^ _67093_/Y (sky130_fd_sc_hd__nor2_1)
     3    0.01                           _33307_ (net)
                  0.18    0.00   11.94 ^ _67107_/A2 (sky130_fd_sc_hd__a21o_1)
                  0.08    0.18   12.12 ^ _67107_/X (sky130_fd_sc_hd__a21o_1)
     2    0.01                           _33320_ (net)
                  0.08    0.00   12.12 ^ _67118_/A1 (sky130_fd_sc_hd__a21o_1)
                  0.09    0.16   12.27 ^ _67118_/X (sky130_fd_sc_hd__a21o_1)
     2    0.01                           _33330_ (net)
                  0.09    0.00   12.27 ^ _67133_/A1 (sky130_fd_sc_hd__a21boi_1)
                  0.08    0.10   12.38 v _67133_/Y (sky130_fd_sc_hd__a21boi_1)
     3    0.01                           _33344_ (net)
                  0.08    0.00   12.38 v _67144_/A1 (sky130_fd_sc_hd__o21bai_1)
                  0.21    0.23   12.61 ^ _67144_/Y (sky130_fd_sc_hd__o21bai_1)
     2    0.01                           _33354_ (net)
                  0.21    0.00   12.61 ^ _67156_/B1 (sky130_fd_sc_hd__a21o_1)
                  0.04    0.11   12.72 ^ _67156_/X (sky130_fd_sc_hd__a21o_1)
     1    0.00                           _33365_ (net)
                  0.04    0.00   12.72 ^ _67157_/B1 (sky130_fd_sc_hd__o21ai_1)
                  0.10    0.10   12.82 v _67157_/Y (sky130_fd_sc_hd__o21ai_1)
     2    0.01                           _33366_ (net)
                  0.10    0.00   12.82 v _67166_/A2 (sky130_fd_sc_hd__o21ai_1)
                  0.23    0.24   13.06 ^ _67166_/Y (sky130_fd_sc_hd__o21ai_1)
     3    0.01                           _33374_ (net)
                  0.23    0.00   13.06 ^ _67184_/A1 (sky130_fd_sc_hd__a21oi_1)
                  0.10    0.14   13.20 v _67184_/Y (sky130_fd_sc_hd__a21oi_1)
     2    0.01                           _33391_ (net)
                  0.10    0.00   13.20 v _67202_/A2 (sky130_fd_sc_hd__o21a_1)
                  0.04    0.20   13.40 v _67202_/X (sky130_fd_sc_hd__o21a_1)
     2    0.00                           _33408_ (net)
                  0.04    0.00   13.40 v _67204_/B (sky130_fd_sc_hd__or2_1)
                  0.07    0.24   13.64 v _67204_/X (sky130_fd_sc_hd__or2_1)
     3    0.01                           _33410_ (net)
                  0.07    0.00   13.64 v _67218_/A2 (sky130_fd_sc_hd__a21o_1)
                  0.05    0.21   13.85 v _67218_/X (sky130_fd_sc_hd__a21o_1)
     3    0.01                           _33423_ (net)
                  0.05    0.00   13.85 v _67231_/A2 (sky130_fd_sc_hd__a21oi_1)
                  0.14    0.17   14.03 ^ _67231_/Y (sky130_fd_sc_hd__a21oi_1)
     2    0.00                           _33435_ (net)
                  0.14    0.00   14.03 ^ _67240_/B1 (sky130_fd_sc_hd__a21oi_1)
                  0.07    0.08   14.11 v _67240_/Y (sky130_fd_sc_hd__a21oi_1)
     2    0.01                           _33443_ (net)
                  0.07    0.00   14.11 v _67244_/A (sky130_fd_sc_hd__nor2_1)
                  0.13    0.15   14.26 ^ _67244_/Y (sky130_fd_sc_hd__nor2_1)
     2    0.01                           _33447_ (net)
                  0.13    0.00   14.26 ^ _67255_/B1 (sky130_fd_sc_hd__a21oi_1)
                  0.07    0.07   14.33 v _67255_/Y (sky130_fd_sc_hd__a21oi_1)
     2    0.01                           _33457_ (net)
                  0.07    0.00   14.33 v _67256_/B (sky130_fd_sc_hd__nor2_1)
                  0.13    0.14   14.47 ^ _67256_/Y (sky130_fd_sc_hd__nor2_1)
     2    0.01                           _33458_ (net)
                  0.13    0.00   14.47 ^ _67266_/B1 (sky130_fd_sc_hd__a21oi_1)
                  0.07    0.08   14.54 v _67266_/Y (sky130_fd_sc_hd__a21oi_1)
     2    0.01                           _33467_ (net)
                  0.07    0.00   14.54 v _67270_/A (sky130_fd_sc_hd__nor2_1)
                  0.13    0.15   14.69 ^ _67270_/Y (sky130_fd_sc_hd__nor2_1)
     2    0.01                           _33471_ (net)
                  0.13    0.00   14.69 ^ _67283_/B1 (sky130_fd_sc_hd__a21oi_1)
                  0.08    0.08   14.78 v _67283_/Y (sky130_fd_sc_hd__a21oi_1)
     2    0.01                           _33483_ (net)
                  0.08    0.00   14.78 v _67284_/B (sky130_fd_sc_hd__xnor2_1)
                  0.11    0.14   14.92 ^ _67284_/Y (sky130_fd_sc_hd__xnor2_1)
     1    0.00                           _33484_ (net)
                  0.11    0.00   14.92 ^ _67285_/A2_N (sky130_fd_sc_hd__a2bb2o_1)
                  0.05    0.30   15.22 v _67285_/X (sky130_fd_sc_hd__a2bb2o_1)
     1    0.00                           _33485_ (net)
                  0.05    0.00   15.22 v _67286_/A1 (sky130_fd_sc_hd__mux2_1)
                  0.06    0.31   15.53 v _67286_/X (sky130_fd_sc_hd__mux2_1)
     1    0.00                           _33486_ (net)
                  0.06    0.00   15.53 v _67290_/A2 (sky130_fd_sc_hd__a211o_1)
                  0.05    0.31   15.83 v _67290_/X (sky130_fd_sc_hd__a211o_1)
     1    0.00                           _33490_ (net)
                  0.05    0.00   15.83 v _67291_/B1 (sky130_fd_sc_hd__o211a_1)
                  0.04    0.12   15.96 v _67291_/X (sky130_fd_sc_hd__o211a_1)
     1    0.00                           _05758_ (net)
                  0.04    0.00   15.96 v _73046_/D (sky130_fd_sc_hd__dfxtp_1)
                                 15.96   data arrival time

                  0.15   25.00   25.00   clock clk (rise edge)
                          0.00   25.00   clock network delay (ideal)
                         -0.25   24.75   clock uncertainty
                          0.00   24.75   clock reconvergence pessimism
                                 24.75 ^ _73046_/CLK (sky130_fd_sc_hd__dfxtp_1)
                         -0.08   24.67   library setup time
                                 24.67   data required time
-----------------------------------------------------------------------------
                                 24.67   data required time
                                -15.96   data arrival time
-----------------------------------------------------------------------------
                                  8.71   slack (MET)


