
===========================================================================
report_checks -unconstrained
============================================================================
Startpoint: _72481_ (rising edge-triggered flip-flop clocked by clk)
Endpoint: _72480_ (rising edge-triggered flip-flop clocked by clk)
Path Group: clk
Path Type: max

Fanout     Cap    Slew   Delay    Time   Description
-----------------------------------------------------------------------------
                  0.15    0.00    0.00   clock clk (rise edge)
                          0.00    0.00   clock network delay (ideal)
                  0.15    0.00    0.00 ^ _72481_/CLK (sky130_fd_sc_hd__dfxtp_4)
                  0.16    0.49    0.49 ^ _72481_/Q (sky130_fd_sc_hd__dfxtp_4)
    10    0.05                           isl_blksiz.cek.arka_taraf_dut.coz_yazmacoku_dut.yrt_deger2_o[0] (net)
                  0.16    0.00    0.49 ^ _33526_/A (sky130_fd_sc_hd__clkbuf_4)
                  0.13    0.25    0.75 ^ _33526_/X (sky130_fd_sc_hd__clkbuf_4)
    10    0.04                           _05780_ (net)
                  0.13    0.00    0.75 ^ _33527_/A (sky130_fd_sc_hd__clkbuf_4)
                  0.13    0.24    0.99 ^ _33527_/X (sky130_fd_sc_hd__clkbuf_4)
    10    0.04                           _05781_ (net)
                  0.13    0.00    0.99 ^ _33528_/A (sky130_fd_sc_hd__clkbuf_4)
                  0.13    0.24    1.23 ^ _33528_/X (sky130_fd_sc_hd__clkbuf_4)
    10    0.04                           _05782_ (net)
                  0.13    0.00    1.23 ^ _33529_/A (sky130_fd_sc_hd__buf_2)
                  0.17    0.24    1.48 ^ _33529_/X (sky130_fd_sc_hd__buf_2)
    10    0.03                           _05783_ (net)
                  0.17    0.00    1.48 ^ _33629_/A (sky130_fd_sc_hd__clkbuf_4)
                  0.13    0.26    1.74 ^ _33629_/X (sky130_fd_sc_hd__clkbuf_4)
    10    0.04                           _05882_ (net)
                  0.13    0.00    1.74 ^ _33814_/A (sky130_fd_sc_hd__clkbuf_4)
                  0.13    0.24    1.98 ^ _33814_/X (sky130_fd_sc_hd__clkbuf_4)
    10    0.04                           _06062_ (net)
                  0.13    0.00    1.98 ^ _35267_/S (sky130_fd_sc_hd__mux2_1)
                  0.07    0.37    2.35 v _35267_/X (sky130_fd_sc_hd__mux2_1)
     3    0.01                           _07457_ (net)
                  0.07    0.00    2.35 v _36148_/A1 (sky130_fd_sc_hd__mux4_1)
                  0.10    0.55    2.90 v _36148_/X (sky130_fd_sc_hd__mux4_1)
     1    0.01                           _08276_ (net)
                  0.10    0.00    2.90 v _36149_/B1 (sky130_fd_sc_hd__a22oi_1)
                  0.20    0.20    3.10 ^ _36149_/Y (sky130_fd_sc_hd__a22oi_1)
     1    0.01                           _08277_ (net)
                  0.20    0.00    3.10 ^ _36150_/A (sky130_fd_sc_hd__inv_2)
                  0.05    0.06    3.17 v _36150_/Y (sky130_fd_sc_hd__inv_2)
     2    0.01                           _08278_ (net)
                  0.05    0.00    3.17 v _36151_/B1 (sky130_fd_sc_hd__a21o_1)
                  0.03    0.16    3.32 v _36151_/X (sky130_fd_sc_hd__a21o_1)
     1    0.00                           _08279_ (net)
                  0.03    0.00    3.32 v _36153_/B1 (sky130_fd_sc_hd__a22o_1)
                  0.04    0.18    3.50 v _36153_/X (sky130_fd_sc_hd__a22o_1)
     1    0.00                           _08281_ (net)
                  0.04    0.00    3.50 v _36156_/A2 (sky130_fd_sc_hd__o211a_1)
                  0.05    0.22    3.72 v _36156_/X (sky130_fd_sc_hd__o211a_1)
     1    0.00                           _08284_ (net)
                  0.05    0.00    3.72 v _36157_/B1 (sky130_fd_sc_hd__a31o_1)
                  0.07    0.23    3.95 v _36157_/X (sky130_fd_sc_hd__a31o_1)
     2    0.01                           _08285_ (net)
                  0.07    0.00    3.95 v _36163_/A3 (sky130_fd_sc_hd__a31o_1)
                  0.04    0.24    4.19 v _36163_/X (sky130_fd_sc_hd__a31o_1)
     1    0.00                           _08291_ (net)
                  0.04    0.00    4.19 v _36164_/A2_N (sky130_fd_sc_hd__a2bb2o_4)
                  0.21    0.33    4.52 ^ _36164_/X (sky130_fd_sc_hd__a2bb2o_4)
     4    0.07                           _08292_ (net)
                  0.22    0.02    4.54 ^ max_cap7036/A (sky130_fd_sc_hd__buf_6)
                  0.11    0.20    4.74 ^ max_cap7036/X (sky130_fd_sc_hd__buf_6)
     5    0.05                           net7036 (net)
                  0.11    0.00    4.74 ^ _36505_/A0 (sky130_fd_sc_hd__mux2_1)
                  0.05    0.14    4.88 ^ _36505_/X (sky130_fd_sc_hd__mux2_1)
     1    0.00                           _08601_ (net)
                  0.05    0.00    4.88 ^ _36506_/A (sky130_fd_sc_hd__buf_4)
                  0.16    0.20    5.09 ^ _36506_/X (sky130_fd_sc_hd__buf_4)
     1    0.06                           isl_blksiz.veri_onbellegi_denetleyici_dut.yol_A0[0] (net)
                  0.17    0.02    5.11 ^ fanout5749/A (sky130_fd_sc_hd__buf_12)
                  0.29    0.27    5.38 ^ fanout5749/X (sky130_fd_sc_hd__buf_12)
     6    0.27                           net5749 (net)
                  0.29    0.00    5.38 ^ fanout5557/A (sky130_fd_sc_hd__buf_12)
                  0.14    0.23    5.61 ^ fanout5557/X (sky130_fd_sc_hd__buf_12)
     6    0.12                           net5557 (net)
                  0.15    0.02    5.64 ^ fanout5497/A (sky130_fd_sc_hd__buf_6)
                  0.14    0.20    5.84 ^ fanout5497/X (sky130_fd_sc_hd__buf_6)
     5    0.07                           net5497 (net)
                  0.14    0.02    5.86 ^ fanout5480/A (sky130_fd_sc_hd__buf_4)
                  0.15    0.23    6.09 ^ fanout5480/X (sky130_fd_sc_hd__buf_4)
     6    0.05                           net5480 (net)
                  0.15    0.00    6.09 ^ fanout5469/A (sky130_fd_sc_hd__buf_2)
                  0.16    0.24    6.33 ^ fanout5469/X (sky130_fd_sc_hd__buf_2)
     6    0.03                           net5469 (net)
                  0.16    0.00    6.33 ^ fanout5468/A (sky130_fd_sc_hd__clkbuf_4)
                  0.12    0.25    6.58 ^ fanout5468/X (sky130_fd_sc_hd__clkbuf_4)
     7    0.04                           net5468 (net)
                  0.12    0.00    6.58 ^ fanout5467/A (sky130_fd_sc_hd__buf_4)
                  0.15    0.23    6.80 ^ fanout5467/X (sky130_fd_sc_hd__buf_4)
    10    0.05                           net5467 (net)
                  0.15    0.00    6.80 ^ vffram_t1_0.REGF[0].RAM32x8_ASYNC_dut.m0.m7.m0.m1.m0/S0 (sky130_fd_sc_hd__mux4_1)
                  0.08    0.57    7.38 v vffram_t1_0.REGF[0].RAM32x8_ASYNC_dut.m0.m7.m0.m1.m0/X (sky130_fd_sc_hd__mux4_1)
     1    0.00                           vffram_t1_0.REGF[0].RAM32x8_ASYNC_dut.m0.m7.m0.m1.tmp0 (net)
                  0.08    0.00    7.38 v vffram_t1_0.REGF[0].RAM32x8_ASYNC_dut.m0.m7.m0.m1.m2/A0 (sky130_fd_sc_hd__mux2_1)
                  0.07    0.33    7.71 v vffram_t1_0.REGF[0].RAM32x8_ASYNC_dut.m0.m7.m0.m1.m2/X (sky130_fd_sc_hd__mux2_1)
     1    0.01                           vffram_t1_0.REGF[0].RAM32x8_ASYNC_dut.m0.m7.m0.m1.X (net)
                  0.07    0.00    7.71 v vffram_t1_0.REGF[0].RAM32x8_ASYNC_dut.m0.m7.m0.m2/A1 (sky130_fd_sc_hd__mux2_1)
                  0.09    0.36    8.07 v vffram_t1_0.REGF[0].RAM32x8_ASYNC_dut.m0.m7.m0.m2/X (sky130_fd_sc_hd__mux2_1)
     1    0.01                           vffram_t1_0.REGF[0].RAM32x8_ASYNC_dut.m0.m7.m0.X (net)
                  0.09    0.00    8.07 v vffram_t1_0.REGF[0].RAM32x8_ASYNC_dut.m0.m7.m2/A0 (sky130_fd_sc_hd__mux2_2)
                  0.10    0.36    8.42 v vffram_t1_0.REGF[0].RAM32x8_ASYNC_dut.m0.m7.m2/X (sky130_fd_sc_hd__mux2_2)
     1    0.02                           vffram_t1_0.REGF[0].RAM32x8_ASYNC_dut.m0.m7.X (net)
                  0.10    0.00    8.43 v vffram_t1_0.m0.m7.m0/A0 (sky130_fd_sc_hd__mux4_2)
                  0.17    0.64    9.06 v vffram_t1_0.m0.m7.m0/X (sky130_fd_sc_hd__mux4_2)
     1    0.04                           vffram_t1_0.m0.m7.tmp0 (net)
                  0.17    0.01    9.07 v vffram_t1_0.m0.m7.m2/A0 (sky130_fd_sc_hd__mux2_8)
                  0.09    0.41    9.48 v vffram_t1_0.m0.m7.m2/X (sky130_fd_sc_hd__mux2_8)
     2    0.05                           vffram_t1_0.m0.m7.X (net)
                  0.09    0.01    9.50 v _34002_/A (sky130_fd_sc_hd__xor2_1)
                  0.11    0.16    9.66 ^ _34002_/X (sky130_fd_sc_hd__xor2_1)
     1    0.00                           _06247_ (net)
                  0.11    0.00    9.66 ^ _34003_/B1 (sky130_fd_sc_hd__o21ai_1)
                  0.05    0.08    9.74 v _34003_/Y (sky130_fd_sc_hd__o21ai_1)
     1    0.00                           _06248_ (net)
                  0.05    0.00    9.74 v _34004_/C1 (sky130_fd_sc_hd__a221o_1)
                  0.05    0.26   10.00 v _34004_/X (sky130_fd_sc_hd__a221o_1)
     1    0.00                           _06249_ (net)
                  0.05    0.00   10.00 v _34011_/A (sky130_fd_sc_hd__or4_1)
                  0.10    0.56   10.56 v _34011_/X (sky130_fd_sc_hd__or4_1)
     1    0.00                           _06256_ (net)
                  0.10    0.00   10.56 v _34012_/D1 (sky130_fd_sc_hd__a2111o_4)
                  0.13    0.46   11.02 v _34012_/X (sky130_fd_sc_hd__a2111o_4)
     2    0.04                           _06257_ (net)
                  0.13    0.01   11.03 v _35977_/A (sky130_fd_sc_hd__clkbuf_4)
                  0.09    0.24   11.27 v _35977_/X (sky130_fd_sc_hd__clkbuf_4)
    10    0.04                           _08134_ (net)
                  0.09    0.00   11.27 v _43044_/A2 (sky130_fd_sc_hd__o22a_1)
                  0.10    0.27   11.55 v _43044_/X (sky130_fd_sc_hd__o22a_1)
     1    0.01                           _13249_ (net)
                  0.10    0.00   11.55 v _43045_/B1 (sky130_fd_sc_hd__o22a_1)
                  0.04    0.20   11.75 v _43045_/X (sky130_fd_sc_hd__o22a_1)
     1    0.00                           _13250_ (net)
                  0.04    0.00   11.75 v _43047_/A2 (sky130_fd_sc_hd__o21a_1)
                  0.04    0.18   11.93 v _43047_/X (sky130_fd_sc_hd__o21a_1)
     2    0.00                           _13252_ (net)
                  0.04    0.00   11.93 v _43051_/A0 (sky130_fd_sc_hd__mux2_2)
                  0.10    0.34   12.27 v _43051_/X (sky130_fd_sc_hd__mux2_2)
     3    0.02                           _13256_ (net)
                  0.10    0.00   12.27 v _43060_/A0 (sky130_fd_sc_hd__mux2_1)
                  0.06    0.31   12.58 v _43060_/X (sky130_fd_sc_hd__mux2_1)
     1    0.00                           _13265_ (net)
                  0.06    0.00   12.58 v _43069_/A2 (sky130_fd_sc_hd__o21ai_1)
                  0.09    0.11   12.70 ^ _43069_/Y (sky130_fd_sc_hd__o21ai_1)
     1    0.00                           _13274_ (net)
                  0.09    0.00   12.70 ^ _43079_/A0 (sky130_fd_sc_hd__mux2_1)
                  0.15    0.23   12.92 ^ _43079_/X (sky130_fd_sc_hd__mux2_1)
     3    0.02                           _13284_ (net)
                  0.15    0.00   12.92 ^ _43081_/A (sky130_fd_sc_hd__or2b_2)
                  0.11    0.20   13.12 ^ _43081_/X (sky130_fd_sc_hd__or2b_2)
     3    0.02                           _13286_ (net)
                  0.11    0.00   13.12 ^ _43082_/B (sky130_fd_sc_hd__nand2_4)
                  0.08    0.10   13.22 v _43082_/Y (sky130_fd_sc_hd__nand2_4)
     9    0.03                           _13287_ (net)
                  0.08    0.00   13.22 v _43574_/A (sky130_fd_sc_hd__or2_1)
                  0.08    0.29   13.51 v _43574_/X (sky130_fd_sc_hd__or2_1)
     4    0.01                           _13770_ (net)
                  0.08    0.00   13.51 v _43595_/B1 (sky130_fd_sc_hd__a21o_1)
                  0.05    0.19   13.70 v _43595_/X (sky130_fd_sc_hd__a21o_1)
     1    0.01                           _13790_ (net)
                  0.05    0.00   13.70 v _43615_/A2 (sky130_fd_sc_hd__a31o_1)
                  0.04    0.21   13.91 v _43615_/X (sky130_fd_sc_hd__a31o_1)
     1    0.00                           _13810_ (net)
                  0.04    0.00   13.91 v _43616_/A1 (sky130_fd_sc_hd__mux2_1)
                  0.07    0.32   14.23 v _43616_/X (sky130_fd_sc_hd__mux2_1)
     2    0.01                           _13811_ (net)
                  0.07    0.00   14.23 v _43617_/A1 (sky130_fd_sc_hd__mux2_2)
                  0.08    0.34   14.57 v _43617_/X (sky130_fd_sc_hd__mux2_2)
     2    0.02                           _13812_ (net)
                  0.08    0.00   14.57 v _57646_/A1 (sky130_fd_sc_hd__o221a_2)
                  0.08    0.36   14.93 v _57646_/X (sky130_fd_sc_hd__o221a_2)
     3    0.02                           _24465_ (net)
                  0.08    0.00   14.93 v _58860_/A (sky130_fd_sc_hd__inv_2)
                  0.04    0.07   15.00 ^ _58860_/Y (sky130_fd_sc_hd__inv_2)
     2    0.01                           _25624_ (net)
                  0.04    0.00   15.00 ^ _58864_/B1 (sky130_fd_sc_hd__o22a_1)
                  0.06    0.14   15.14 ^ _58864_/X (sky130_fd_sc_hd__o22a_1)
     2    0.00                           _25628_ (net)
                  0.06    0.00   15.14 ^ _58866_/C (sky130_fd_sc_hd__and4_1)
                  0.06    0.19   15.33 ^ _58866_/X (sky130_fd_sc_hd__and4_1)
     1    0.00                           _25630_ (net)
                  0.06    0.00   15.33 ^ _58867_/D (sky130_fd_sc_hd__and4_1)
                  0.06    0.20   15.53 ^ _58867_/X (sky130_fd_sc_hd__and4_1)
     1    0.00                           _25631_ (net)
                  0.06    0.00   15.53 ^ _58868_/D (sky130_fd_sc_hd__and4_1)
                  0.05    0.19   15.72 ^ _58868_/X (sky130_fd_sc_hd__and4_1)
     1    0.00                           _25632_ (net)
                  0.05    0.00   15.72 ^ _58869_/C (sky130_fd_sc_hd__and3b_1)
                  0.05    0.16   15.88 ^ _58869_/X (sky130_fd_sc_hd__and3b_1)
     1    0.00                           _25633_ (net)
                  0.05    0.00   15.88 ^ _58872_/C_N (sky130_fd_sc_hd__or4bb_1)
                  0.10    0.53   16.40 v _58872_/X (sky130_fd_sc_hd__or4bb_1)
     2    0.01                           _25636_ (net)
                  0.10    0.00   16.40 v _58898_/A_N (sky130_fd_sc_hd__and4b_1)
                  0.05    0.27   16.67 ^ _58898_/X (sky130_fd_sc_hd__and4b_1)
     1    0.00                           _25662_ (net)
                  0.05    0.00   16.67 ^ _58899_/C (sky130_fd_sc_hd__and3_1)
                  0.05    0.16   16.83 ^ _58899_/X (sky130_fd_sc_hd__and3_1)
     1    0.00                           _25663_ (net)
                  0.05    0.00   16.83 ^ _58900_/A4 (sky130_fd_sc_hd__a41o_2)
                  0.13    0.28   17.11 ^ _58900_/X (sky130_fd_sc_hd__a41o_2)
     3    0.02                           _25664_ (net)
                  0.13    0.00   17.11 ^ _58930_/A (sky130_fd_sc_hd__or2b_1)
                  0.04    0.12   17.23 ^ _58930_/X (sky130_fd_sc_hd__or2b_1)
     1    0.00                           _25692_ (net)
                  0.04    0.00   17.23 ^ _58931_/B1 (sky130_fd_sc_hd__a31o_1)
                  0.16    0.18   17.41 ^ _58931_/X (sky130_fd_sc_hd__a31o_1)
     1    0.02                           _25693_ (net)
                  0.16    0.00   17.42 ^ _58932_/A2 (sky130_fd_sc_hd__a21oi_1)
                  0.05    0.09   17.50 v _58932_/Y (sky130_fd_sc_hd__a21oi_1)
     1    0.00                           _05192_ (net)
                  0.05    0.00   17.50 v _72480_/D (sky130_fd_sc_hd__dfxtp_1)
                                 17.50   data arrival time

                  0.15   25.00   25.00   clock clk (rise edge)
                          0.00   25.00   clock network delay (ideal)
                         -0.25   24.75   clock uncertainty
                          0.00   24.75   clock reconvergence pessimism
                                 24.75 ^ _72480_/CLK (sky130_fd_sc_hd__dfxtp_1)
                         -0.09   24.66   library setup time
                                 24.66   data required time
-----------------------------------------------------------------------------
                                 24.66   data required time
                                -17.50   data arrival time
-----------------------------------------------------------------------------
                                  7.16   slack (MET)



===========================================================================
report_checks --slack_max -0.01
============================================================================
No paths found.
