
===========================================================================
report_checks -path_delay max (Setup)
============================================================================
Startpoint: _72481_ (rising edge-triggered flip-flop clocked by clk)
Endpoint: _72480_ (rising edge-triggered flip-flop clocked by clk)
Path Group: clk
Path Type: max

Fanout     Cap    Slew   Delay    Time   Description
-----------------------------------------------------------------------------
                          0.00    0.00   clock clk (rise edge)
                          0.00    0.00   clock source latency
                  1.09    0.87    0.87 ^ clk (in)
     1    0.24                           clk (net)
                  1.14    0.00    0.87 ^ clkbuf_0_clk/A (sky130_fd_sc_hd__clkbuf_16)
                  0.15    0.42    1.28 ^ clkbuf_0_clk/X (sky130_fd_sc_hd__clkbuf_16)
     2    0.13                           clknet_0_clk (net)
                  0.15    0.00    1.29 ^ clkbuf_1_1_0_clk/A (sky130_fd_sc_hd__clkbuf_8)
                  0.16    0.25    1.54 ^ clkbuf_1_1_0_clk/X (sky130_fd_sc_hd__clkbuf_8)
     2    0.09                           clknet_1_1_0_clk (net)
                  0.16    0.02    1.56 ^ clkbuf_2_3_0_clk/A (sky130_fd_sc_hd__clkbuf_8)
                  0.15    0.25    1.81 ^ clkbuf_2_3_0_clk/X (sky130_fd_sc_hd__clkbuf_8)
     2    0.08                           clknet_2_3_0_clk (net)
                  0.16    0.02    1.83 ^ clkbuf_2_3_1_clk/A (sky130_fd_sc_hd__clkbuf_8)
                  0.26    0.33    2.16 ^ clkbuf_2_3_1_clk/X (sky130_fd_sc_hd__clkbuf_8)
     4    0.15                           clknet_2_3_1_clk (net)
                  0.26    0.02    2.18 ^ clkbuf_4_13_0_clk/A (sky130_fd_sc_hd__clkbuf_8)
                  0.17    0.31    2.49 ^ clkbuf_4_13_0_clk/X (sky130_fd_sc_hd__clkbuf_8)
     4    0.10                           clknet_4_13_0_clk (net)
                  0.17    0.01    2.49 ^ clkbuf_5_26_0_clk/A (sky130_fd_sc_hd__clkbuf_8)
                  0.27    0.35    2.84 ^ clkbuf_5_26_0_clk/X (sky130_fd_sc_hd__clkbuf_8)
     8    0.16                           clknet_5_26_0_clk (net)
                  0.27    0.01    2.85 ^ clkbuf_8_208_0_clk/A (sky130_fd_sc_hd__clkbuf_8)
                  0.17    0.31    3.16 ^ clkbuf_8_208_0_clk/X (sky130_fd_sc_hd__clkbuf_8)
     8    0.10                           clknet_8_208_0_clk (net)
                  0.17    0.00    3.16 ^ clkbuf_leaf_1650_clk/A (sky130_fd_sc_hd__clkbuf_16)
                  0.03    0.16    3.33 ^ clkbuf_leaf_1650_clk/X (sky130_fd_sc_hd__clkbuf_16)
     2    0.01                           clknet_leaf_1650_clk (net)
                  0.03    0.00    3.33 ^ _72481_/CLK (sky130_fd_sc_hd__dfxtp_4)
                  0.18    0.46    3.79 ^ _72481_/Q (sky130_fd_sc_hd__dfxtp_4)
    10    0.06                           isl_blksiz.cek.arka_taraf_dut.coz_yazmacoku_dut.yrt_deger2_o[0] (net)
                  0.18    0.00    3.79 ^ _33526_/A (sky130_fd_sc_hd__clkbuf_4)
                  0.16    0.28    4.07 ^ _33526_/X (sky130_fd_sc_hd__clkbuf_4)
    10    0.05                           _05780_ (net)
                  0.16    0.00    4.07 ^ _33527_/A (sky130_fd_sc_hd__clkbuf_4)
                  0.16    0.27    4.35 ^ _33527_/X (sky130_fd_sc_hd__clkbuf_4)
    10    0.05                           _05781_ (net)
                  0.16    0.00    4.35 ^ _33528_/A (sky130_fd_sc_hd__clkbuf_4)
                  0.15    0.27    4.61 ^ _33528_/X (sky130_fd_sc_hd__clkbuf_4)
    10    0.05                           _05782_ (net)
                  0.15    0.00    4.62 ^ _33529_/A (sky130_fd_sc_hd__clkbuf_4)
                  0.14    0.26    4.87 ^ _33529_/X (sky130_fd_sc_hd__clkbuf_4)
    10    0.05                           _05783_ (net)
                  0.14    0.00    4.88 ^ _33629_/A (sky130_fd_sc_hd__clkbuf_4)
                  0.15    0.26    5.14 ^ _33629_/X (sky130_fd_sc_hd__clkbuf_4)
    10    0.05                           _05882_ (net)
                  0.15    0.00    5.14 ^ _33814_/A (sky130_fd_sc_hd__clkbuf_4)
                  0.18    0.29    5.43 ^ _33814_/X (sky130_fd_sc_hd__clkbuf_4)
    10    0.06                           _06062_ (net)
                  0.18    0.00    5.43 ^ _35267_/S (sky130_fd_sc_hd__mux2_1)
                  0.08    0.39    5.83 v _35267_/X (sky130_fd_sc_hd__mux2_1)
     3    0.01                           _07457_ (net)
                  0.08    0.00    5.83 v _36148_/A1 (sky130_fd_sc_hd__mux4_1)
                  0.12    0.59    6.41 v _36148_/X (sky130_fd_sc_hd__mux4_1)
     1    0.01                           _08276_ (net)
                  0.12    0.00    6.42 v _36149_/B1 (sky130_fd_sc_hd__a22oi_1)
                  0.21    0.22    6.63 ^ _36149_/Y (sky130_fd_sc_hd__a22oi_1)
     1    0.01                           _08277_ (net)
                  0.21    0.00    6.63 ^ _36150_/A (sky130_fd_sc_hd__inv_2)
                  0.06    0.08    6.71 v _36150_/Y (sky130_fd_sc_hd__inv_2)
     2    0.01                           _08278_ (net)
                  0.06    0.00    6.71 v _36151_/B1 (sky130_fd_sc_hd__a21o_1)
                  0.04    0.17    6.88 v _36151_/X (sky130_fd_sc_hd__a21o_1)
     1    0.00                           _08279_ (net)
                  0.04    0.00    6.88 v _36153_/B1 (sky130_fd_sc_hd__a22o_1)
                  0.04    0.18    7.06 v _36153_/X (sky130_fd_sc_hd__a22o_1)
     1    0.00                           _08281_ (net)
                  0.04    0.00    7.06 v _36156_/A2 (sky130_fd_sc_hd__o211a_1)
                  0.06    0.24    7.30 v _36156_/X (sky130_fd_sc_hd__o211a_1)
     1    0.01                           _08284_ (net)
                  0.06    0.00    7.30 v _36157_/B1 (sky130_fd_sc_hd__a31o_1)
                  0.10    0.26    7.56 v _36157_/X (sky130_fd_sc_hd__a31o_1)
     2    0.02                           _08285_ (net)
                  0.10    0.00    7.56 v _36163_/A3 (sky130_fd_sc_hd__a31o_1)
                  0.05    0.26    7.82 v _36163_/X (sky130_fd_sc_hd__a31o_1)
     1    0.01                           _08291_ (net)
                  0.05    0.00    7.82 v _36164_/A2_N (sky130_fd_sc_hd__a2bb2o_4)
                  0.35    0.42    8.24 ^ _36164_/X (sky130_fd_sc_hd__a2bb2o_4)
     4    0.11                           _08292_ (net)
                  0.36    0.04    8.28 ^ max_cap7036/A (sky130_fd_sc_hd__buf_6)
                  0.16    0.26    8.54 ^ max_cap7036/X (sky130_fd_sc_hd__buf_6)
     5    0.08                           net7036 (net)
                  0.16    0.01    8.55 ^ _36505_/A0 (sky130_fd_sc_hd__mux2_1)
                  0.05    0.16    8.70 ^ _36505_/X (sky130_fd_sc_hd__mux2_1)
     1    0.00                           _08601_ (net)
                  0.05    0.00    8.70 ^ _36506_/A (sky130_fd_sc_hd__buf_4)
                  0.31    0.31    9.01 ^ _36506_/X (sky130_fd_sc_hd__buf_4)
     1    0.11                           isl_blksiz.veri_onbellegi_denetleyici_dut.yol_A0[0] (net)
                  0.31    0.01    9.03 ^ fanout5749/A (sky130_fd_sc_hd__buf_12)
                  0.57    0.44    9.46 ^ fanout5749/X (sky130_fd_sc_hd__buf_12)
     7    0.51                           net5749 (net)
                  0.57    0.01    9.47 ^ fanout5557/A (sky130_fd_sc_hd__buf_12)
                  0.22    0.32    9.79 ^ fanout5557/X (sky130_fd_sc_hd__buf_12)
     6    0.19                           net5557 (net)
                  0.22    0.02    9.81 ^ fanout5497/A (sky130_fd_sc_hd__buf_6)
                  0.22    0.28   10.09 ^ fanout5497/X (sky130_fd_sc_hd__buf_6)
     5    0.11                           net5497 (net)
                  0.23    0.03   10.12 ^ fanout5480/A (sky130_fd_sc_hd__buf_4)
                  0.24    0.32   10.43 ^ fanout5480/X (sky130_fd_sc_hd__buf_4)
     7    0.08                           net5480 (net)
                  0.24    0.00   10.43 ^ fanout5469/A (sky130_fd_sc_hd__buf_2)
                  0.20    0.29   10.73 ^ fanout5469/X (sky130_fd_sc_hd__buf_2)
     6    0.04                           net5469 (net)
                  0.20    0.00   10.73 ^ fanout5468/A (sky130_fd_sc_hd__clkbuf_4)
                  0.15    0.28   11.01 ^ fanout5468/X (sky130_fd_sc_hd__clkbuf_4)
     7    0.05                           net5468 (net)
                  0.15    0.00   11.02 ^ fanout5467/A (sky130_fd_sc_hd__buf_4)
                  0.17    0.25   11.27 ^ fanout5467/X (sky130_fd_sc_hd__buf_4)
    10    0.06                           net5467 (net)
                  0.17    0.00   11.27 ^ vffram_t1_0.REGF[0].RAM32x8_ASYNC_dut.m0.m7.m0.m1.m0/S0 (sky130_fd_sc_hd__mux4_1)
                  0.08    0.59   11.86 v vffram_t1_0.REGF[0].RAM32x8_ASYNC_dut.m0.m7.m0.m1.m0/X (sky130_fd_sc_hd__mux4_1)
     1    0.00                           vffram_t1_0.REGF[0].RAM32x8_ASYNC_dut.m0.m7.m0.m1.tmp0 (net)
                  0.08    0.00   11.86 v vffram_t1_0.REGF[0].RAM32x8_ASYNC_dut.m0.m7.m0.m1.m2/A0 (sky130_fd_sc_hd__mux2_1)
                  0.09    0.35   12.21 v vffram_t1_0.REGF[0].RAM32x8_ASYNC_dut.m0.m7.m0.m1.m2/X (sky130_fd_sc_hd__mux2_1)
     1    0.01                           vffram_t1_0.REGF[0].RAM32x8_ASYNC_dut.m0.m7.m0.m1.X (net)
                  0.09    0.00   12.21 v vffram_t1_0.REGF[0].RAM32x8_ASYNC_dut.m0.m7.m0.m2/A1 (sky130_fd_sc_hd__mux2_1)
                  0.13    0.41   12.62 v vffram_t1_0.REGF[0].RAM32x8_ASYNC_dut.m0.m7.m0.m2/X (sky130_fd_sc_hd__mux2_1)
     2    0.02                           vffram_t1_0.REGF[0].RAM32x8_ASYNC_dut.m0.m7.m0.X (net)
                  0.13    0.00   12.63 v vffram_t1_0.REGF[0].RAM32x8_ASYNC_dut.m0.m7.m2/A0 (sky130_fd_sc_hd__mux2_2)
                  0.14    0.42   13.05 v vffram_t1_0.REGF[0].RAM32x8_ASYNC_dut.m0.m7.m2/X (sky130_fd_sc_hd__mux2_2)
     1    0.04                           vffram_t1_0.REGF[0].RAM32x8_ASYNC_dut.m0.m7.X (net)
                  0.14    0.01   13.06 v vffram_t1_0.m0.m7.m0/A0 (sky130_fd_sc_hd__mux4_2)
                  0.24    0.72   13.77 v vffram_t1_0.m0.m7.m0/X (sky130_fd_sc_hd__mux4_2)
     2    0.07                           vffram_t1_0.m0.m7.tmp0 (net)
                  0.24    0.01   13.79 v vffram_t1_0.m0.m7.m2/A0 (sky130_fd_sc_hd__mux2_4)
                  0.16    0.50   14.28 v vffram_t1_0.m0.m7.m2/X (sky130_fd_sc_hd__mux2_4)
     2    0.09                           vffram_t1_0.m0.m7.X (net)
                  0.16    0.01   14.29 v _34002_/A (sky130_fd_sc_hd__xor2_1)
                  0.12    0.20   14.49 ^ _34002_/X (sky130_fd_sc_hd__xor2_1)
     1    0.00                           _06247_ (net)
                  0.12    0.00   14.49 ^ _34003_/B1 (sky130_fd_sc_hd__o21ai_1)
                  0.05    0.08   14.57 v _34003_/Y (sky130_fd_sc_hd__o21ai_1)
     1    0.00                           _06248_ (net)
                  0.05    0.00   14.57 v _34004_/C1 (sky130_fd_sc_hd__a221o_1)
                  0.05    0.27   14.85 v _34004_/X (sky130_fd_sc_hd__a221o_1)
     1    0.00                           _06249_ (net)
                  0.05    0.00   14.85 v _34011_/A (sky130_fd_sc_hd__or4_1)
                  0.10    0.56   15.41 v _34011_/X (sky130_fd_sc_hd__or4_1)
     1    0.01                           _06256_ (net)
                  0.10    0.00   15.41 v _34012_/D1 (sky130_fd_sc_hd__a2111o_4)
                  0.17    0.51   15.92 v _34012_/X (sky130_fd_sc_hd__a2111o_4)
     2    0.08                           _06257_ (net)
                  0.17    0.02   15.94 v _35977_/A (sky130_fd_sc_hd__buf_4)
                  0.09    0.27   16.20 v _35977_/X (sky130_fd_sc_hd__buf_4)
    10    0.07                           _08134_ (net)
                  0.09    0.00   16.21 v _43061_/A2 (sky130_fd_sc_hd__o22a_1)
                  0.16    0.33   16.54 v _43061_/X (sky130_fd_sc_hd__o22a_1)
     1    0.03                           _13266_ (net)
                  0.16    0.00   16.54 v _43062_/B1 (sky130_fd_sc_hd__o22a_1)
                  0.05    0.24   16.78 v _43062_/X (sky130_fd_sc_hd__o22a_1)
     1    0.00                           _13267_ (net)
                  0.05    0.00   16.78 v _43064_/A2 (sky130_fd_sc_hd__o21a_1)
                  0.05    0.19   16.97 v _43064_/X (sky130_fd_sc_hd__o21a_1)
     2    0.01                           _13269_ (net)
                  0.05    0.00   16.97 v _43067_/A0 (sky130_fd_sc_hd__mux2_2)
                  0.12    0.36   17.34 v _43067_/X (sky130_fd_sc_hd__mux2_2)
     2    0.03                           _13272_ (net)
                  0.12    0.00   17.34 v _43068_/B (sky130_fd_sc_hd__or2_1)
                  0.07    0.27   17.61 v _43068_/X (sky130_fd_sc_hd__or2_1)
     2    0.01                           _13273_ (net)
                  0.07    0.00   17.61 v _43500_/C1 (sky130_fd_sc_hd__o211ai_2)
                  0.18    0.09   17.71 ^ _43500_/Y (sky130_fd_sc_hd__o211ai_2)
     2    0.01                           _13697_ (net)
                  0.18    0.00   17.71 ^ _43573_/B (sky130_fd_sc_hd__nor2_1)
                  0.08    0.10   17.81 v _43573_/Y (sky130_fd_sc_hd__nor2_1)
     3    0.01                           _13769_ (net)
                  0.08    0.00   17.81 v max_cap515/A (sky130_fd_sc_hd__clkbuf_2)
                  0.09    0.18   17.99 v max_cap515/X (sky130_fd_sc_hd__clkbuf_2)
     6    0.02                           net515 (net)
                  0.09    0.00   17.99 v _57678_/B (sky130_fd_sc_hd__nor2_1)
                  0.11    0.13   18.12 ^ _57678_/Y (sky130_fd_sc_hd__nor2_1)
     2    0.00                           _24495_ (net)
                  0.11    0.00   18.12 ^ wire320/A (sky130_fd_sc_hd__dlymetal6s2s_1)
                  0.17    0.21   18.33 ^ wire320/X (sky130_fd_sc_hd__dlymetal6s2s_1)
     5    0.02                           net320 (net)
                  0.17    0.00   18.33 ^ _57721_/B1_N (sky130_fd_sc_hd__a21boi_1)
                  0.46    0.46   18.80 ^ _57721_/Y (sky130_fd_sc_hd__a21boi_1)
     1    0.02                           _24537_ (net)
                  0.46    0.00   18.80 ^ _57729_/A2_N (sky130_fd_sc_hd__a2bb2o_1)
                  0.07    0.36   19.16 v _57729_/X (sky130_fd_sc_hd__a2bb2o_1)
     1    0.01                           _24545_ (net)
                  0.07    0.00   19.16 v _57739_/B (sky130_fd_sc_hd__and3_1)
                  0.04    0.19   19.35 v _57739_/X (sky130_fd_sc_hd__and3_1)
     1    0.00                           _24555_ (net)
                  0.04    0.00   19.35 v _57740_/B1 (sky130_fd_sc_hd__a21oi_2)
                  0.20    0.19   19.55 ^ _57740_/Y (sky130_fd_sc_hd__a21oi_2)
     2    0.01                           _24556_ (net)
                  0.20    0.00   19.55 ^ _57741_/B (sky130_fd_sc_hd__nor2_1)
                  0.09    0.09   19.64 v _57741_/Y (sky130_fd_sc_hd__nor2_1)
     1    0.01                           _24557_ (net)
                  0.09    0.00   19.64 v wire116/A (sky130_fd_sc_hd__dlymetal6s2s_1)
                  0.09    0.22   19.86 v wire116/X (sky130_fd_sc_hd__dlymetal6s2s_1)
     2    0.02                           net116 (net)
                  0.09    0.00   19.86 v _57767_/B1 (sky130_fd_sc_hd__o221a_2)
                  0.12    0.36   20.22 v _57767_/X (sky130_fd_sc_hd__o221a_2)
     4    0.03                           _24583_ (net)
                  0.12    0.00   20.22 v _58856_/A1 (sky130_fd_sc_hd__a22o_1)
                  0.06    0.26   20.49 v _58856_/X (sky130_fd_sc_hd__a22o_1)
     2    0.01                           _25620_ (net)
                  0.06    0.00   20.49 v _58858_/B1 (sky130_fd_sc_hd__a211oi_1)
                  0.29    0.31   20.80 ^ _58858_/Y (sky130_fd_sc_hd__a211oi_1)
     2    0.01                           _25622_ (net)
                  0.29    0.00   20.80 ^ _58867_/B (sky130_fd_sc_hd__and4_1)
                  0.08    0.27   21.07 ^ _58867_/X (sky130_fd_sc_hd__and4_1)
     1    0.01                           _25631_ (net)
                  0.08    0.00   21.07 ^ _58868_/D (sky130_fd_sc_hd__and4_1)
                  0.05    0.20   21.26 ^ _58868_/X (sky130_fd_sc_hd__and4_1)
     1    0.00                           _25632_ (net)
                  0.05    0.00   21.26 ^ _58869_/C (sky130_fd_sc_hd__and3b_1)
                  0.07    0.18   21.44 ^ _58869_/X (sky130_fd_sc_hd__and3b_1)
     1    0.00                           _25633_ (net)
                  0.07    0.00   21.44 ^ _58872_/C_N (sky130_fd_sc_hd__or4bb_1)
                  0.12    0.56   22.00 v _58872_/X (sky130_fd_sc_hd__or4bb_1)
     2    0.01                           _25636_ (net)
                  0.12    0.00   22.00 v _58898_/A_N (sky130_fd_sc_hd__and4b_1)
                  0.06    0.29   22.29 ^ _58898_/X (sky130_fd_sc_hd__and4b_1)
     1    0.00                           _25662_ (net)
                  0.06    0.00   22.29 ^ _58899_/C (sky130_fd_sc_hd__and3_1)
                  0.06    0.17   22.46 ^ _58899_/X (sky130_fd_sc_hd__and3_1)
     1    0.00                           _25663_ (net)
                  0.06    0.00   22.46 ^ _58900_/A4 (sky130_fd_sc_hd__a41o_2)
                  0.20    0.34   22.80 ^ _58900_/X (sky130_fd_sc_hd__a41o_2)
     3    0.04                           _25664_ (net)
                  0.20    0.00   22.80 ^ _58930_/A (sky130_fd_sc_hd__or2b_1)
                  0.05    0.14   22.95 ^ _58930_/X (sky130_fd_sc_hd__or2b_1)
     1    0.00                           _25692_ (net)
                  0.05    0.00   22.95 ^ _58931_/B1 (sky130_fd_sc_hd__a31o_1)
                  0.30    0.29   23.24 ^ _58931_/X (sky130_fd_sc_hd__a31o_1)
     1    0.03                           _25693_ (net)
                  0.30    0.00   23.24 ^ _58932_/A2 (sky130_fd_sc_hd__a21oi_1)
                  0.08    0.12   23.36 v _58932_/Y (sky130_fd_sc_hd__a21oi_1)
     1    0.00                           _05192_ (net)
                  0.08    0.00   23.36 v _72480_/D (sky130_fd_sc_hd__dfxtp_1)
                                 23.36   data arrival time

                         25.00   25.00   clock clk (rise edge)
                          0.00   25.00   clock source latency
                  1.09    0.78   25.78 ^ clk (in)
     1    0.24                           clk (net)
                  1.14    0.00   25.78 ^ clkbuf_0_clk/A (sky130_fd_sc_hd__clkbuf_16)
                  0.15    0.38   26.16 ^ clkbuf_0_clk/X (sky130_fd_sc_hd__clkbuf_16)
     2    0.13                           clknet_0_clk (net)
                  0.16    0.01   26.17 ^ clkbuf_1_0_0_clk/A (sky130_fd_sc_hd__clkbuf_8)
                  0.15    0.23   26.40 ^ clkbuf_1_0_0_clk/X (sky130_fd_sc_hd__clkbuf_8)
     2    0.08                           clknet_1_0_0_clk (net)
                  0.15    0.02   26.41 ^ clkbuf_2_1_0_clk/A (sky130_fd_sc_hd__clkbuf_8)
                  0.14    0.21   26.63 ^ clkbuf_2_1_0_clk/X (sky130_fd_sc_hd__clkbuf_8)
     1    0.07                           clknet_2_1_0_clk (net)
                  0.14    0.02   26.65 ^ clkbuf_2_1_1_clk/A (sky130_fd_sc_hd__clkbuf_8)
                  0.30    0.32   26.97 ^ clkbuf_2_1_1_clk/X (sky130_fd_sc_hd__clkbuf_8)
     6    0.18                           clknet_2_1_1_clk (net)
                  0.30    0.01   26.99 ^ clkbuf_4_6_0_clk/A (sky130_fd_sc_hd__clkbuf_8)
                  0.18    0.29   27.28 ^ clkbuf_4_6_0_clk/X (sky130_fd_sc_hd__clkbuf_8)
     2    0.10                           clknet_4_6_0_clk (net)
                  0.18    0.01   27.29 ^ clkbuf_5_13_0_clk/A (sky130_fd_sc_hd__clkbuf_8)
                  0.29    0.33   27.62 ^ clkbuf_5_13_0_clk/X (sky130_fd_sc_hd__clkbuf_8)
     8    0.17                           clknet_5_13_0_clk (net)
                  0.29    0.01   27.63 ^ clkbuf_8_109_0_clk/A (sky130_fd_sc_hd__clkbuf_8)
                  0.44    0.46   28.09 ^ clkbuf_8_109_0_clk/X (sky130_fd_sc_hd__clkbuf_8)
    20    0.26                           clknet_8_109_0_clk (net)
                  0.44    0.02   28.10 ^ clkbuf_leaf_1355_clk/A (sky130_fd_sc_hd__clkbuf_16)
                  0.05    0.22   28.32 ^ clkbuf_leaf_1355_clk/X (sky130_fd_sc_hd__clkbuf_16)
     6    0.02                           clknet_leaf_1355_clk (net)
                  0.05    0.00   28.32 ^ _72480_/CLK (sky130_fd_sc_hd__dfxtp_1)
                         -0.25   28.07   clock uncertainty
                          0.12   28.20   clock reconvergence pessimism
                         -0.12   28.07   library setup time
                                 28.07   data required time
-----------------------------------------------------------------------------
                                 28.07   data required time
                                -23.36   data arrival time
-----------------------------------------------------------------------------
                                  4.72   slack (MET)


Startpoint: _72481_ (rising edge-triggered flip-flop clocked by clk)
Endpoint: _72479_ (rising edge-triggered flip-flop clocked by clk)
Path Group: clk
Path Type: max

Fanout     Cap    Slew   Delay    Time   Description
-----------------------------------------------------------------------------
                          0.00    0.00   clock clk (rise edge)
                          0.00    0.00   clock source latency
                  1.09    0.87    0.87 ^ clk (in)
     1    0.24                           clk (net)
                  1.14    0.00    0.87 ^ clkbuf_0_clk/A (sky130_fd_sc_hd__clkbuf_16)
                  0.15    0.42    1.28 ^ clkbuf_0_clk/X (sky130_fd_sc_hd__clkbuf_16)
     2    0.13                           clknet_0_clk (net)
                  0.15    0.00    1.29 ^ clkbuf_1_1_0_clk/A (sky130_fd_sc_hd__clkbuf_8)
                  0.16    0.25    1.54 ^ clkbuf_1_1_0_clk/X (sky130_fd_sc_hd__clkbuf_8)
     2    0.09                           clknet_1_1_0_clk (net)
                  0.16    0.02    1.56 ^ clkbuf_2_3_0_clk/A (sky130_fd_sc_hd__clkbuf_8)
                  0.15    0.25    1.81 ^ clkbuf_2_3_0_clk/X (sky130_fd_sc_hd__clkbuf_8)
     2    0.08                           clknet_2_3_0_clk (net)
                  0.16    0.02    1.83 ^ clkbuf_2_3_1_clk/A (sky130_fd_sc_hd__clkbuf_8)
                  0.26    0.33    2.16 ^ clkbuf_2_3_1_clk/X (sky130_fd_sc_hd__clkbuf_8)
     4    0.15                           clknet_2_3_1_clk (net)
                  0.26    0.02    2.18 ^ clkbuf_4_13_0_clk/A (sky130_fd_sc_hd__clkbuf_8)
                  0.17    0.31    2.49 ^ clkbuf_4_13_0_clk/X (sky130_fd_sc_hd__clkbuf_8)
     4    0.10                           clknet_4_13_0_clk (net)
                  0.17    0.01    2.49 ^ clkbuf_5_26_0_clk/A (sky130_fd_sc_hd__clkbuf_8)
                  0.27    0.35    2.84 ^ clkbuf_5_26_0_clk/X (sky130_fd_sc_hd__clkbuf_8)
     8    0.16                           clknet_5_26_0_clk (net)
                  0.27    0.01    2.85 ^ clkbuf_8_208_0_clk/A (sky130_fd_sc_hd__clkbuf_8)
                  0.17    0.31    3.16 ^ clkbuf_8_208_0_clk/X (sky130_fd_sc_hd__clkbuf_8)
     8    0.10                           clknet_8_208_0_clk (net)
                  0.17    0.00    3.16 ^ clkbuf_leaf_1650_clk/A (sky130_fd_sc_hd__clkbuf_16)
                  0.03    0.16    3.33 ^ clkbuf_leaf_1650_clk/X (sky130_fd_sc_hd__clkbuf_16)
     2    0.01                           clknet_leaf_1650_clk (net)
                  0.03    0.00    3.33 ^ _72481_/CLK (sky130_fd_sc_hd__dfxtp_4)
                  0.18    0.46    3.79 ^ _72481_/Q (sky130_fd_sc_hd__dfxtp_4)
    10    0.06                           isl_blksiz.cek.arka_taraf_dut.coz_yazmacoku_dut.yrt_deger2_o[0] (net)
                  0.18    0.00    3.79 ^ _33526_/A (sky130_fd_sc_hd__clkbuf_4)
                  0.16    0.28    4.07 ^ _33526_/X (sky130_fd_sc_hd__clkbuf_4)
    10    0.05                           _05780_ (net)
                  0.16    0.00    4.07 ^ _33527_/A (sky130_fd_sc_hd__clkbuf_4)
                  0.16    0.27    4.35 ^ _33527_/X (sky130_fd_sc_hd__clkbuf_4)
    10    0.05                           _05781_ (net)
                  0.16    0.00    4.35 ^ _33528_/A (sky130_fd_sc_hd__clkbuf_4)
                  0.15    0.27    4.61 ^ _33528_/X (sky130_fd_sc_hd__clkbuf_4)
    10    0.05                           _05782_ (net)
                  0.15    0.00    4.62 ^ _33529_/A (sky130_fd_sc_hd__clkbuf_4)
                  0.14    0.26    4.87 ^ _33529_/X (sky130_fd_sc_hd__clkbuf_4)
    10    0.05                           _05783_ (net)
                  0.14    0.00    4.88 ^ _33629_/A (sky130_fd_sc_hd__clkbuf_4)
                  0.15    0.26    5.14 ^ _33629_/X (sky130_fd_sc_hd__clkbuf_4)
    10    0.05                           _05882_ (net)
                  0.15    0.00    5.14 ^ _33814_/A (sky130_fd_sc_hd__clkbuf_4)
                  0.18    0.29    5.43 ^ _33814_/X (sky130_fd_sc_hd__clkbuf_4)
    10    0.06                           _06062_ (net)
                  0.18    0.00    5.43 ^ _35267_/S (sky130_fd_sc_hd__mux2_1)
                  0.08    0.39    5.83 v _35267_/X (sky130_fd_sc_hd__mux2_1)
     3    0.01                           _07457_ (net)
                  0.08    0.00    5.83 v _36148_/A1 (sky130_fd_sc_hd__mux4_1)
                  0.12    0.59    6.41 v _36148_/X (sky130_fd_sc_hd__mux4_1)
     1    0.01                           _08276_ (net)
                  0.12    0.00    6.42 v _36149_/B1 (sky130_fd_sc_hd__a22oi_1)
                  0.21    0.22    6.63 ^ _36149_/Y (sky130_fd_sc_hd__a22oi_1)
     1    0.01                           _08277_ (net)
                  0.21    0.00    6.63 ^ _36150_/A (sky130_fd_sc_hd__inv_2)
                  0.06    0.08    6.71 v _36150_/Y (sky130_fd_sc_hd__inv_2)
     2    0.01                           _08278_ (net)
                  0.06    0.00    6.71 v _36151_/B1 (sky130_fd_sc_hd__a21o_1)
                  0.04    0.17    6.88 v _36151_/X (sky130_fd_sc_hd__a21o_1)
     1    0.00                           _08279_ (net)
                  0.04    0.00    6.88 v _36153_/B1 (sky130_fd_sc_hd__a22o_1)
                  0.04    0.18    7.06 v _36153_/X (sky130_fd_sc_hd__a22o_1)
     1    0.00                           _08281_ (net)
                  0.04    0.00    7.06 v _36156_/A2 (sky130_fd_sc_hd__o211a_1)
                  0.06    0.24    7.30 v _36156_/X (sky130_fd_sc_hd__o211a_1)
     1    0.01                           _08284_ (net)
                  0.06    0.00    7.30 v _36157_/B1 (sky130_fd_sc_hd__a31o_1)
                  0.10    0.26    7.56 v _36157_/X (sky130_fd_sc_hd__a31o_1)
     2    0.02                           _08285_ (net)
                  0.10    0.00    7.56 v _36163_/A3 (sky130_fd_sc_hd__a31o_1)
                  0.05    0.26    7.82 v _36163_/X (sky130_fd_sc_hd__a31o_1)
     1    0.01                           _08291_ (net)
                  0.05    0.00    7.82 v _36164_/A2_N (sky130_fd_sc_hd__a2bb2o_4)
                  0.35    0.42    8.24 ^ _36164_/X (sky130_fd_sc_hd__a2bb2o_4)
     4    0.11                           _08292_ (net)
                  0.36    0.04    8.28 ^ max_cap7036/A (sky130_fd_sc_hd__buf_6)
                  0.16    0.26    8.54 ^ max_cap7036/X (sky130_fd_sc_hd__buf_6)
     5    0.08                           net7036 (net)
                  0.16    0.01    8.55 ^ _36505_/A0 (sky130_fd_sc_hd__mux2_1)
                  0.05    0.16    8.70 ^ _36505_/X (sky130_fd_sc_hd__mux2_1)
     1    0.00                           _08601_ (net)
                  0.05    0.00    8.70 ^ _36506_/A (sky130_fd_sc_hd__buf_4)
                  0.31    0.31    9.01 ^ _36506_/X (sky130_fd_sc_hd__buf_4)
     1    0.11                           isl_blksiz.veri_onbellegi_denetleyici_dut.yol_A0[0] (net)
                  0.31    0.01    9.03 ^ fanout5749/A (sky130_fd_sc_hd__buf_12)
                  0.57    0.44    9.46 ^ fanout5749/X (sky130_fd_sc_hd__buf_12)
     7    0.51                           net5749 (net)
                  0.57    0.01    9.47 ^ fanout5557/A (sky130_fd_sc_hd__buf_12)
                  0.22    0.32    9.79 ^ fanout5557/X (sky130_fd_sc_hd__buf_12)
     6    0.19                           net5557 (net)
                  0.22    0.02    9.81 ^ fanout5497/A (sky130_fd_sc_hd__buf_6)
                  0.22    0.28   10.09 ^ fanout5497/X (sky130_fd_sc_hd__buf_6)
     5    0.11                           net5497 (net)
                  0.23    0.03   10.12 ^ fanout5480/A (sky130_fd_sc_hd__buf_4)
                  0.24    0.32   10.43 ^ fanout5480/X (sky130_fd_sc_hd__buf_4)
     7    0.08                           net5480 (net)
                  0.24    0.00   10.43 ^ fanout5469/A (sky130_fd_sc_hd__buf_2)
                  0.20    0.29   10.73 ^ fanout5469/X (sky130_fd_sc_hd__buf_2)
     6    0.04                           net5469 (net)
                  0.20    0.00   10.73 ^ fanout5468/A (sky130_fd_sc_hd__clkbuf_4)
                  0.15    0.28   11.01 ^ fanout5468/X (sky130_fd_sc_hd__clkbuf_4)
     7    0.05                           net5468 (net)
                  0.15    0.00   11.02 ^ fanout5467/A (sky130_fd_sc_hd__buf_4)
                  0.17    0.25   11.27 ^ fanout5467/X (sky130_fd_sc_hd__buf_4)
    10    0.06                           net5467 (net)
                  0.17    0.00   11.27 ^ vffram_t1_0.REGF[0].RAM32x8_ASYNC_dut.m0.m7.m0.m1.m0/S0 (sky130_fd_sc_hd__mux4_1)
                  0.08    0.59   11.86 v vffram_t1_0.REGF[0].RAM32x8_ASYNC_dut.m0.m7.m0.m1.m0/X (sky130_fd_sc_hd__mux4_1)
     1    0.00                           vffram_t1_0.REGF[0].RAM32x8_ASYNC_dut.m0.m7.m0.m1.tmp0 (net)
                  0.08    0.00   11.86 v vffram_t1_0.REGF[0].RAM32x8_ASYNC_dut.m0.m7.m0.m1.m2/A0 (sky130_fd_sc_hd__mux2_1)
                  0.09    0.35   12.21 v vffram_t1_0.REGF[0].RAM32x8_ASYNC_dut.m0.m7.m0.m1.m2/X (sky130_fd_sc_hd__mux2_1)
     1    0.01                           vffram_t1_0.REGF[0].RAM32x8_ASYNC_dut.m0.m7.m0.m1.X (net)
                  0.09    0.00   12.21 v vffram_t1_0.REGF[0].RAM32x8_ASYNC_dut.m0.m7.m0.m2/A1 (sky130_fd_sc_hd__mux2_1)
                  0.13    0.41   12.62 v vffram_t1_0.REGF[0].RAM32x8_ASYNC_dut.m0.m7.m0.m2/X (sky130_fd_sc_hd__mux2_1)
     2    0.02                           vffram_t1_0.REGF[0].RAM32x8_ASYNC_dut.m0.m7.m0.X (net)
                  0.13    0.00   12.63 v vffram_t1_0.REGF[0].RAM32x8_ASYNC_dut.m0.m7.m2/A0 (sky130_fd_sc_hd__mux2_2)
                  0.14    0.42   13.05 v vffram_t1_0.REGF[0].RAM32x8_ASYNC_dut.m0.m7.m2/X (sky130_fd_sc_hd__mux2_2)
     1    0.04                           vffram_t1_0.REGF[0].RAM32x8_ASYNC_dut.m0.m7.X (net)
                  0.14    0.01   13.06 v vffram_t1_0.m0.m7.m0/A0 (sky130_fd_sc_hd__mux4_2)
                  0.24    0.72   13.77 v vffram_t1_0.m0.m7.m0/X (sky130_fd_sc_hd__mux4_2)
     2    0.07                           vffram_t1_0.m0.m7.tmp0 (net)
                  0.24    0.01   13.79 v vffram_t1_0.m0.m7.m2/A0 (sky130_fd_sc_hd__mux2_4)
                  0.16    0.50   14.28 v vffram_t1_0.m0.m7.m2/X (sky130_fd_sc_hd__mux2_4)
     2    0.09                           vffram_t1_0.m0.m7.X (net)
                  0.16    0.01   14.29 v _34002_/A (sky130_fd_sc_hd__xor2_1)
                  0.12    0.20   14.49 ^ _34002_/X (sky130_fd_sc_hd__xor2_1)
     1    0.00                           _06247_ (net)
                  0.12    0.00   14.49 ^ _34003_/B1 (sky130_fd_sc_hd__o21ai_1)
                  0.05    0.08   14.57 v _34003_/Y (sky130_fd_sc_hd__o21ai_1)
     1    0.00                           _06248_ (net)
                  0.05    0.00   14.57 v _34004_/C1 (sky130_fd_sc_hd__a221o_1)
                  0.05    0.27   14.85 v _34004_/X (sky130_fd_sc_hd__a221o_1)
     1    0.00                           _06249_ (net)
                  0.05    0.00   14.85 v _34011_/A (sky130_fd_sc_hd__or4_1)
                  0.10    0.56   15.41 v _34011_/X (sky130_fd_sc_hd__or4_1)
     1    0.01                           _06256_ (net)
                  0.10    0.00   15.41 v _34012_/D1 (sky130_fd_sc_hd__a2111o_4)
                  0.17    0.51   15.92 v _34012_/X (sky130_fd_sc_hd__a2111o_4)
     2    0.08                           _06257_ (net)
                  0.17    0.02   15.94 v _35977_/A (sky130_fd_sc_hd__buf_4)
                  0.09    0.27   16.20 v _35977_/X (sky130_fd_sc_hd__buf_4)
    10    0.07                           _08134_ (net)
                  0.09    0.00   16.21 v _43061_/A2 (sky130_fd_sc_hd__o22a_1)
                  0.16    0.33   16.54 v _43061_/X (sky130_fd_sc_hd__o22a_1)
     1    0.03                           _13266_ (net)
                  0.16    0.00   16.54 v _43062_/B1 (sky130_fd_sc_hd__o22a_1)
                  0.05    0.24   16.78 v _43062_/X (sky130_fd_sc_hd__o22a_1)
     1    0.00                           _13267_ (net)
                  0.05    0.00   16.78 v _43064_/A2 (sky130_fd_sc_hd__o21a_1)
                  0.05    0.19   16.97 v _43064_/X (sky130_fd_sc_hd__o21a_1)
     2    0.01                           _13269_ (net)
                  0.05    0.00   16.97 v _43067_/A0 (sky130_fd_sc_hd__mux2_2)
                  0.12    0.36   17.34 v _43067_/X (sky130_fd_sc_hd__mux2_2)
     2    0.03                           _13272_ (net)
                  0.12    0.00   17.34 v _43068_/B (sky130_fd_sc_hd__or2_1)
                  0.07    0.27   17.61 v _43068_/X (sky130_fd_sc_hd__or2_1)
     2    0.01                           _13273_ (net)
                  0.07    0.00   17.61 v _43500_/C1 (sky130_fd_sc_hd__o211ai_2)
                  0.18    0.09   17.71 ^ _43500_/Y (sky130_fd_sc_hd__o211ai_2)
     2    0.01                           _13697_ (net)
                  0.18    0.00   17.71 ^ _43573_/B (sky130_fd_sc_hd__nor2_1)
                  0.08    0.10   17.81 v _43573_/Y (sky130_fd_sc_hd__nor2_1)
     3    0.01                           _13769_ (net)
                  0.08    0.00   17.81 v max_cap515/A (sky130_fd_sc_hd__clkbuf_2)
                  0.09    0.18   17.99 v max_cap515/X (sky130_fd_sc_hd__clkbuf_2)
     6    0.02                           net515 (net)
                  0.09    0.00   17.99 v _57678_/B (sky130_fd_sc_hd__nor2_1)
                  0.11    0.13   18.12 ^ _57678_/Y (sky130_fd_sc_hd__nor2_1)
     2    0.00                           _24495_ (net)
                  0.11    0.00   18.12 ^ wire320/A (sky130_fd_sc_hd__dlymetal6s2s_1)
                  0.17    0.21   18.33 ^ wire320/X (sky130_fd_sc_hd__dlymetal6s2s_1)
     5    0.02                           net320 (net)
                  0.17    0.00   18.33 ^ _57721_/B1_N (sky130_fd_sc_hd__a21boi_1)
                  0.46    0.46   18.80 ^ _57721_/Y (sky130_fd_sc_hd__a21boi_1)
     1    0.02                           _24537_ (net)
                  0.46    0.00   18.80 ^ _57729_/A2_N (sky130_fd_sc_hd__a2bb2o_1)
                  0.07    0.36   19.16 v _57729_/X (sky130_fd_sc_hd__a2bb2o_1)
     1    0.01                           _24545_ (net)
                  0.07    0.00   19.16 v _57739_/B (sky130_fd_sc_hd__and3_1)
                  0.04    0.19   19.35 v _57739_/X (sky130_fd_sc_hd__and3_1)
     1    0.00                           _24555_ (net)
                  0.04    0.00   19.35 v _57740_/B1 (sky130_fd_sc_hd__a21oi_2)
                  0.20    0.19   19.55 ^ _57740_/Y (sky130_fd_sc_hd__a21oi_2)
     2    0.01                           _24556_ (net)
                  0.20    0.00   19.55 ^ _57741_/B (sky130_fd_sc_hd__nor2_1)
                  0.09    0.09   19.64 v _57741_/Y (sky130_fd_sc_hd__nor2_1)
     1    0.01                           _24557_ (net)
                  0.09    0.00   19.64 v wire116/A (sky130_fd_sc_hd__dlymetal6s2s_1)
                  0.09    0.22   19.86 v wire116/X (sky130_fd_sc_hd__dlymetal6s2s_1)
     2    0.02                           net116 (net)
                  0.09    0.00   19.86 v _57767_/B1 (sky130_fd_sc_hd__o221a_2)
                  0.12    0.36   20.22 v _57767_/X (sky130_fd_sc_hd__o221a_2)
     4    0.03                           _24583_ (net)
                  0.12    0.00   20.22 v _58856_/A1 (sky130_fd_sc_hd__a22o_1)
                  0.06    0.26   20.49 v _58856_/X (sky130_fd_sc_hd__a22o_1)
     2    0.01                           _25620_ (net)
                  0.06    0.00   20.49 v _58858_/B1 (sky130_fd_sc_hd__a211oi_1)
                  0.29    0.31   20.80 ^ _58858_/Y (sky130_fd_sc_hd__a211oi_1)
     2    0.01                           _25622_ (net)
                  0.29    0.00   20.80 ^ _58867_/B (sky130_fd_sc_hd__and4_1)
                  0.08    0.27   21.07 ^ _58867_/X (sky130_fd_sc_hd__and4_1)
     1    0.01                           _25631_ (net)
                  0.08    0.00   21.07 ^ _58868_/D (sky130_fd_sc_hd__and4_1)
                  0.05    0.20   21.26 ^ _58868_/X (sky130_fd_sc_hd__and4_1)
     1    0.00                           _25632_ (net)
                  0.05    0.00   21.26 ^ _58869_/C (sky130_fd_sc_hd__and3b_1)
                  0.07    0.18   21.44 ^ _58869_/X (sky130_fd_sc_hd__and3b_1)
     1    0.00                           _25633_ (net)
                  0.07    0.00   21.44 ^ _58872_/C_N (sky130_fd_sc_hd__or4bb_1)
                  0.12    0.56   22.00 v _58872_/X (sky130_fd_sc_hd__or4bb_1)
     2    0.01                           _25636_ (net)
                  0.12    0.00   22.00 v _58898_/A_N (sky130_fd_sc_hd__and4b_1)
                  0.06    0.29   22.29 ^ _58898_/X (sky130_fd_sc_hd__and4b_1)
     1    0.00                           _25662_ (net)
                  0.06    0.00   22.29 ^ _58899_/C (sky130_fd_sc_hd__and3_1)
                  0.06    0.17   22.46 ^ _58899_/X (sky130_fd_sc_hd__and3_1)
     1    0.00                           _25663_ (net)
                  0.06    0.00   22.46 ^ _58900_/A4 (sky130_fd_sc_hd__a41o_2)
                  0.20    0.34   22.80 ^ _58900_/X (sky130_fd_sc_hd__a41o_2)
     3    0.04                           _25664_ (net)
                  0.20    0.00   22.80 ^ _58926_/B1 (sky130_fd_sc_hd__a21oi_2)
                  0.12    0.13   22.93 v _58926_/Y (sky130_fd_sc_hd__a21oi_2)
     1    0.03                           _25689_ (net)
                  0.12    0.00   22.93 v _58927_/A2 (sky130_fd_sc_hd__o21a_1)
                  0.04    0.20   23.13 v _58927_/X (sky130_fd_sc_hd__o21a_1)
     1    0.00                           _05191_ (net)
                  0.04    0.00   23.13 v _72479_/D (sky130_fd_sc_hd__dfxtp_1)
                                 23.13   data arrival time

                         25.00   25.00   clock clk (rise edge)
                          0.00   25.00   clock source latency
                  1.09    0.78   25.78 ^ clk (in)
     1    0.24                           clk (net)
                  1.14    0.00   25.78 ^ clkbuf_0_clk/A (sky130_fd_sc_hd__clkbuf_16)
                  0.15    0.38   26.16 ^ clkbuf_0_clk/X (sky130_fd_sc_hd__clkbuf_16)
     2    0.13                           clknet_0_clk (net)
                  0.16    0.01   26.17 ^ clkbuf_1_0_0_clk/A (sky130_fd_sc_hd__clkbuf_8)
                  0.15    0.23   26.40 ^ clkbuf_1_0_0_clk/X (sky130_fd_sc_hd__clkbuf_8)
     2    0.08                           clknet_1_0_0_clk (net)
                  0.15    0.02   26.41 ^ clkbuf_2_1_0_clk/A (sky130_fd_sc_hd__clkbuf_8)
                  0.14    0.21   26.63 ^ clkbuf_2_1_0_clk/X (sky130_fd_sc_hd__clkbuf_8)
     1    0.07                           clknet_2_1_0_clk (net)
                  0.14    0.02   26.65 ^ clkbuf_2_1_1_clk/A (sky130_fd_sc_hd__clkbuf_8)
                  0.30    0.32   26.97 ^ clkbuf_2_1_1_clk/X (sky130_fd_sc_hd__clkbuf_8)
     6    0.18                           clknet_2_1_1_clk (net)
                  0.30    0.01   26.99 ^ clkbuf_4_6_0_clk/A (sky130_fd_sc_hd__clkbuf_8)
                  0.18    0.29   27.28 ^ clkbuf_4_6_0_clk/X (sky130_fd_sc_hd__clkbuf_8)
     2    0.10                           clknet_4_6_0_clk (net)
                  0.18    0.01   27.29 ^ clkbuf_5_13_0_clk/A (sky130_fd_sc_hd__clkbuf_8)
                  0.29    0.33   27.62 ^ clkbuf_5_13_0_clk/X (sky130_fd_sc_hd__clkbuf_8)
     8    0.17                           clknet_5_13_0_clk (net)
                  0.29    0.01   27.63 ^ clkbuf_8_109_0_clk/A (sky130_fd_sc_hd__clkbuf_8)
                  0.44    0.46   28.09 ^ clkbuf_8_109_0_clk/X (sky130_fd_sc_hd__clkbuf_8)
    20    0.26                           clknet_8_109_0_clk (net)
                  0.44    0.02   28.10 ^ clkbuf_leaf_1355_clk/A (sky130_fd_sc_hd__clkbuf_16)
                  0.05    0.22   28.32 ^ clkbuf_leaf_1355_clk/X (sky130_fd_sc_hd__clkbuf_16)
     6    0.02                           clknet_leaf_1355_clk (net)
                  0.05    0.00   28.32 ^ _72479_/CLK (sky130_fd_sc_hd__dfxtp_1)
                         -0.25   28.07   clock uncertainty
                          0.12   28.20   clock reconvergence pessimism
                         -0.10   28.09   library setup time
                                 28.09   data required time
-----------------------------------------------------------------------------
                                 28.09   data required time
                                -23.13   data arrival time
-----------------------------------------------------------------------------
                                  4.96   slack (MET)


Startpoint: _72481_ (rising edge-triggered flip-flop clocked by clk)
Endpoint: _72478_ (rising edge-triggered flip-flop clocked by clk)
Path Group: clk
Path Type: max

Fanout     Cap    Slew   Delay    Time   Description
-----------------------------------------------------------------------------
                          0.00    0.00   clock clk (rise edge)
                          0.00    0.00   clock source latency
                  1.09    0.87    0.87 ^ clk (in)
     1    0.24                           clk (net)
                  1.14    0.00    0.87 ^ clkbuf_0_clk/A (sky130_fd_sc_hd__clkbuf_16)
                  0.15    0.42    1.28 ^ clkbuf_0_clk/X (sky130_fd_sc_hd__clkbuf_16)
     2    0.13                           clknet_0_clk (net)
                  0.15    0.00    1.29 ^ clkbuf_1_1_0_clk/A (sky130_fd_sc_hd__clkbuf_8)
                  0.16    0.25    1.54 ^ clkbuf_1_1_0_clk/X (sky130_fd_sc_hd__clkbuf_8)
     2    0.09                           clknet_1_1_0_clk (net)
                  0.16    0.02    1.56 ^ clkbuf_2_3_0_clk/A (sky130_fd_sc_hd__clkbuf_8)
                  0.15    0.25    1.81 ^ clkbuf_2_3_0_clk/X (sky130_fd_sc_hd__clkbuf_8)
     2    0.08                           clknet_2_3_0_clk (net)
                  0.16    0.02    1.83 ^ clkbuf_2_3_1_clk/A (sky130_fd_sc_hd__clkbuf_8)
                  0.26    0.33    2.16 ^ clkbuf_2_3_1_clk/X (sky130_fd_sc_hd__clkbuf_8)
     4    0.15                           clknet_2_3_1_clk (net)
                  0.26    0.02    2.18 ^ clkbuf_4_13_0_clk/A (sky130_fd_sc_hd__clkbuf_8)
                  0.17    0.31    2.49 ^ clkbuf_4_13_0_clk/X (sky130_fd_sc_hd__clkbuf_8)
     4    0.10                           clknet_4_13_0_clk (net)
                  0.17    0.01    2.49 ^ clkbuf_5_26_0_clk/A (sky130_fd_sc_hd__clkbuf_8)
                  0.27    0.35    2.84 ^ clkbuf_5_26_0_clk/X (sky130_fd_sc_hd__clkbuf_8)
     8    0.16                           clknet_5_26_0_clk (net)
                  0.27    0.01    2.85 ^ clkbuf_8_208_0_clk/A (sky130_fd_sc_hd__clkbuf_8)
                  0.17    0.31    3.16 ^ clkbuf_8_208_0_clk/X (sky130_fd_sc_hd__clkbuf_8)
     8    0.10                           clknet_8_208_0_clk (net)
                  0.17    0.00    3.16 ^ clkbuf_leaf_1650_clk/A (sky130_fd_sc_hd__clkbuf_16)
                  0.03    0.16    3.33 ^ clkbuf_leaf_1650_clk/X (sky130_fd_sc_hd__clkbuf_16)
     2    0.01                           clknet_leaf_1650_clk (net)
                  0.03    0.00    3.33 ^ _72481_/CLK (sky130_fd_sc_hd__dfxtp_4)
                  0.18    0.46    3.79 ^ _72481_/Q (sky130_fd_sc_hd__dfxtp_4)
    10    0.06                           isl_blksiz.cek.arka_taraf_dut.coz_yazmacoku_dut.yrt_deger2_o[0] (net)
                  0.18    0.00    3.79 ^ _33526_/A (sky130_fd_sc_hd__clkbuf_4)
                  0.16    0.28    4.07 ^ _33526_/X (sky130_fd_sc_hd__clkbuf_4)
    10    0.05                           _05780_ (net)
                  0.16    0.00    4.07 ^ _33527_/A (sky130_fd_sc_hd__clkbuf_4)
                  0.16    0.27    4.35 ^ _33527_/X (sky130_fd_sc_hd__clkbuf_4)
    10    0.05                           _05781_ (net)
                  0.16    0.00    4.35 ^ _33528_/A (sky130_fd_sc_hd__clkbuf_4)
                  0.15    0.27    4.61 ^ _33528_/X (sky130_fd_sc_hd__clkbuf_4)
    10    0.05                           _05782_ (net)
                  0.15    0.00    4.62 ^ _33529_/A (sky130_fd_sc_hd__clkbuf_4)
                  0.14    0.26    4.87 ^ _33529_/X (sky130_fd_sc_hd__clkbuf_4)
    10    0.05                           _05783_ (net)
                  0.14    0.00    4.88 ^ _33629_/A (sky130_fd_sc_hd__clkbuf_4)
                  0.15    0.26    5.14 ^ _33629_/X (sky130_fd_sc_hd__clkbuf_4)
    10    0.05                           _05882_ (net)
                  0.15    0.00    5.14 ^ _33814_/A (sky130_fd_sc_hd__clkbuf_4)
                  0.18    0.29    5.43 ^ _33814_/X (sky130_fd_sc_hd__clkbuf_4)
    10    0.06                           _06062_ (net)
                  0.18    0.00    5.43 ^ _35267_/S (sky130_fd_sc_hd__mux2_1)
                  0.08    0.39    5.83 v _35267_/X (sky130_fd_sc_hd__mux2_1)
     3    0.01                           _07457_ (net)
                  0.08    0.00    5.83 v _36148_/A1 (sky130_fd_sc_hd__mux4_1)
                  0.12    0.59    6.41 v _36148_/X (sky130_fd_sc_hd__mux4_1)
     1    0.01                           _08276_ (net)
                  0.12    0.00    6.42 v _36149_/B1 (sky130_fd_sc_hd__a22oi_1)
                  0.21    0.22    6.63 ^ _36149_/Y (sky130_fd_sc_hd__a22oi_1)
     1    0.01                           _08277_ (net)
                  0.21    0.00    6.63 ^ _36150_/A (sky130_fd_sc_hd__inv_2)
                  0.06    0.08    6.71 v _36150_/Y (sky130_fd_sc_hd__inv_2)
     2    0.01                           _08278_ (net)
                  0.06    0.00    6.71 v _36151_/B1 (sky130_fd_sc_hd__a21o_1)
                  0.04    0.17    6.88 v _36151_/X (sky130_fd_sc_hd__a21o_1)
     1    0.00                           _08279_ (net)
                  0.04    0.00    6.88 v _36153_/B1 (sky130_fd_sc_hd__a22o_1)
                  0.04    0.18    7.06 v _36153_/X (sky130_fd_sc_hd__a22o_1)
     1    0.00                           _08281_ (net)
                  0.04    0.00    7.06 v _36156_/A2 (sky130_fd_sc_hd__o211a_1)
                  0.06    0.24    7.30 v _36156_/X (sky130_fd_sc_hd__o211a_1)
     1    0.01                           _08284_ (net)
                  0.06    0.00    7.30 v _36157_/B1 (sky130_fd_sc_hd__a31o_1)
                  0.10    0.26    7.56 v _36157_/X (sky130_fd_sc_hd__a31o_1)
     2    0.02                           _08285_ (net)
                  0.10    0.00    7.56 v _36163_/A3 (sky130_fd_sc_hd__a31o_1)
                  0.05    0.26    7.82 v _36163_/X (sky130_fd_sc_hd__a31o_1)
     1    0.01                           _08291_ (net)
                  0.05    0.00    7.82 v _36164_/A2_N (sky130_fd_sc_hd__a2bb2o_4)
                  0.35    0.42    8.24 ^ _36164_/X (sky130_fd_sc_hd__a2bb2o_4)
     4    0.11                           _08292_ (net)
                  0.36    0.04    8.28 ^ max_cap7036/A (sky130_fd_sc_hd__buf_6)
                  0.16    0.26    8.54 ^ max_cap7036/X (sky130_fd_sc_hd__buf_6)
     5    0.08                           net7036 (net)
                  0.16    0.01    8.55 ^ _36505_/A0 (sky130_fd_sc_hd__mux2_1)
                  0.05    0.16    8.70 ^ _36505_/X (sky130_fd_sc_hd__mux2_1)
     1    0.00                           _08601_ (net)
                  0.05    0.00    8.70 ^ _36506_/A (sky130_fd_sc_hd__buf_4)
                  0.31    0.31    9.01 ^ _36506_/X (sky130_fd_sc_hd__buf_4)
     1    0.11                           isl_blksiz.veri_onbellegi_denetleyici_dut.yol_A0[0] (net)
                  0.31    0.01    9.03 ^ fanout5749/A (sky130_fd_sc_hd__buf_12)
                  0.57    0.44    9.46 ^ fanout5749/X (sky130_fd_sc_hd__buf_12)
     7    0.51                           net5749 (net)
                  0.57    0.01    9.47 ^ fanout5557/A (sky130_fd_sc_hd__buf_12)
                  0.22    0.32    9.79 ^ fanout5557/X (sky130_fd_sc_hd__buf_12)
     6    0.19                           net5557 (net)
                  0.22    0.02    9.81 ^ fanout5497/A (sky130_fd_sc_hd__buf_6)
                  0.22    0.28   10.09 ^ fanout5497/X (sky130_fd_sc_hd__buf_6)
     5    0.11                           net5497 (net)
                  0.23    0.03   10.12 ^ fanout5480/A (sky130_fd_sc_hd__buf_4)
                  0.24    0.32   10.43 ^ fanout5480/X (sky130_fd_sc_hd__buf_4)
     7    0.08                           net5480 (net)
                  0.24    0.00   10.43 ^ fanout5469/A (sky130_fd_sc_hd__buf_2)
                  0.20    0.29   10.73 ^ fanout5469/X (sky130_fd_sc_hd__buf_2)
     6    0.04                           net5469 (net)
                  0.20    0.00   10.73 ^ fanout5468/A (sky130_fd_sc_hd__clkbuf_4)
                  0.15    0.28   11.01 ^ fanout5468/X (sky130_fd_sc_hd__clkbuf_4)
     7    0.05                           net5468 (net)
                  0.15    0.00   11.02 ^ fanout5467/A (sky130_fd_sc_hd__buf_4)
                  0.17    0.25   11.27 ^ fanout5467/X (sky130_fd_sc_hd__buf_4)
    10    0.06                           net5467 (net)
                  0.17    0.00   11.27 ^ vffram_t1_0.REGF[0].RAM32x8_ASYNC_dut.m0.m7.m0.m1.m0/S0 (sky130_fd_sc_hd__mux4_1)
                  0.08    0.59   11.86 v vffram_t1_0.REGF[0].RAM32x8_ASYNC_dut.m0.m7.m0.m1.m0/X (sky130_fd_sc_hd__mux4_1)
     1    0.00                           vffram_t1_0.REGF[0].RAM32x8_ASYNC_dut.m0.m7.m0.m1.tmp0 (net)
                  0.08    0.00   11.86 v vffram_t1_0.REGF[0].RAM32x8_ASYNC_dut.m0.m7.m0.m1.m2/A0 (sky130_fd_sc_hd__mux2_1)
                  0.09    0.35   12.21 v vffram_t1_0.REGF[0].RAM32x8_ASYNC_dut.m0.m7.m0.m1.m2/X (sky130_fd_sc_hd__mux2_1)
     1    0.01                           vffram_t1_0.REGF[0].RAM32x8_ASYNC_dut.m0.m7.m0.m1.X (net)
                  0.09    0.00   12.21 v vffram_t1_0.REGF[0].RAM32x8_ASYNC_dut.m0.m7.m0.m2/A1 (sky130_fd_sc_hd__mux2_1)
                  0.13    0.41   12.62 v vffram_t1_0.REGF[0].RAM32x8_ASYNC_dut.m0.m7.m0.m2/X (sky130_fd_sc_hd__mux2_1)
     2    0.02                           vffram_t1_0.REGF[0].RAM32x8_ASYNC_dut.m0.m7.m0.X (net)
                  0.13    0.00   12.63 v vffram_t1_0.REGF[0].RAM32x8_ASYNC_dut.m0.m7.m2/A0 (sky130_fd_sc_hd__mux2_2)
                  0.14    0.42   13.05 v vffram_t1_0.REGF[0].RAM32x8_ASYNC_dut.m0.m7.m2/X (sky130_fd_sc_hd__mux2_2)
     1    0.04                           vffram_t1_0.REGF[0].RAM32x8_ASYNC_dut.m0.m7.X (net)
                  0.14    0.01   13.06 v vffram_t1_0.m0.m7.m0/A0 (sky130_fd_sc_hd__mux4_2)
                  0.24    0.72   13.77 v vffram_t1_0.m0.m7.m0/X (sky130_fd_sc_hd__mux4_2)
     2    0.07                           vffram_t1_0.m0.m7.tmp0 (net)
                  0.24    0.01   13.79 v vffram_t1_0.m0.m7.m2/A0 (sky130_fd_sc_hd__mux2_4)
                  0.16    0.50   14.28 v vffram_t1_0.m0.m7.m2/X (sky130_fd_sc_hd__mux2_4)
     2    0.09                           vffram_t1_0.m0.m7.X (net)
                  0.16    0.01   14.29 v _34002_/A (sky130_fd_sc_hd__xor2_1)
                  0.12    0.20   14.49 ^ _34002_/X (sky130_fd_sc_hd__xor2_1)
     1    0.00                           _06247_ (net)
                  0.12    0.00   14.49 ^ _34003_/B1 (sky130_fd_sc_hd__o21ai_1)
                  0.05    0.08   14.57 v _34003_/Y (sky130_fd_sc_hd__o21ai_1)
     1    0.00                           _06248_ (net)
                  0.05    0.00   14.57 v _34004_/C1 (sky130_fd_sc_hd__a221o_1)
                  0.05    0.27   14.85 v _34004_/X (sky130_fd_sc_hd__a221o_1)
     1    0.00                           _06249_ (net)
                  0.05    0.00   14.85 v _34011_/A (sky130_fd_sc_hd__or4_1)
                  0.10    0.56   15.41 v _34011_/X (sky130_fd_sc_hd__or4_1)
     1    0.01                           _06256_ (net)
                  0.10    0.00   15.41 v _34012_/D1 (sky130_fd_sc_hd__a2111o_4)
                  0.17    0.51   15.92 v _34012_/X (sky130_fd_sc_hd__a2111o_4)
     2    0.08                           _06257_ (net)
                  0.17    0.02   15.94 v _35977_/A (sky130_fd_sc_hd__buf_4)
                  0.09    0.27   16.20 v _35977_/X (sky130_fd_sc_hd__buf_4)
    10    0.07                           _08134_ (net)
                  0.09    0.00   16.21 v _43061_/A2 (sky130_fd_sc_hd__o22a_1)
                  0.16    0.33   16.54 v _43061_/X (sky130_fd_sc_hd__o22a_1)
     1    0.03                           _13266_ (net)
                  0.16    0.00   16.54 v _43062_/B1 (sky130_fd_sc_hd__o22a_1)
                  0.05    0.24   16.78 v _43062_/X (sky130_fd_sc_hd__o22a_1)
     1    0.00                           _13267_ (net)
                  0.05    0.00   16.78 v _43064_/A2 (sky130_fd_sc_hd__o21a_1)
                  0.05    0.19   16.97 v _43064_/X (sky130_fd_sc_hd__o21a_1)
     2    0.01                           _13269_ (net)
                  0.05    0.00   16.97 v _43067_/A0 (sky130_fd_sc_hd__mux2_2)
                  0.12    0.36   17.34 v _43067_/X (sky130_fd_sc_hd__mux2_2)
     2    0.03                           _13272_ (net)
                  0.12    0.00   17.34 v _43068_/B (sky130_fd_sc_hd__or2_1)
                  0.07    0.27   17.61 v _43068_/X (sky130_fd_sc_hd__or2_1)
     2    0.01                           _13273_ (net)
                  0.07    0.00   17.61 v _43500_/C1 (sky130_fd_sc_hd__o211ai_2)
                  0.18    0.09   17.71 ^ _43500_/Y (sky130_fd_sc_hd__o211ai_2)
     2    0.01                           _13697_ (net)
                  0.18    0.00   17.71 ^ _43573_/B (sky130_fd_sc_hd__nor2_1)
                  0.08    0.10   17.81 v _43573_/Y (sky130_fd_sc_hd__nor2_1)
     3    0.01                           _13769_ (net)
                  0.08    0.00   17.81 v max_cap515/A (sky130_fd_sc_hd__clkbuf_2)
                  0.09    0.18   17.99 v max_cap515/X (sky130_fd_sc_hd__clkbuf_2)
     6    0.02                           net515 (net)
                  0.09    0.00   17.99 v _57678_/B (sky130_fd_sc_hd__nor2_1)
                  0.11    0.13   18.12 ^ _57678_/Y (sky130_fd_sc_hd__nor2_1)
     2    0.00                           _24495_ (net)
                  0.11    0.00   18.12 ^ wire320/A (sky130_fd_sc_hd__dlymetal6s2s_1)
                  0.17    0.21   18.33 ^ wire320/X (sky130_fd_sc_hd__dlymetal6s2s_1)
     5    0.02                           net320 (net)
                  0.17    0.00   18.33 ^ _57721_/B1_N (sky130_fd_sc_hd__a21boi_1)
                  0.46    0.46   18.80 ^ _57721_/Y (sky130_fd_sc_hd__a21boi_1)
     1    0.02                           _24537_ (net)
                  0.46    0.00   18.80 ^ _57729_/A2_N (sky130_fd_sc_hd__a2bb2o_1)
                  0.07    0.36   19.16 v _57729_/X (sky130_fd_sc_hd__a2bb2o_1)
     1    0.01                           _24545_ (net)
                  0.07    0.00   19.16 v _57739_/B (sky130_fd_sc_hd__and3_1)
                  0.04    0.19   19.35 v _57739_/X (sky130_fd_sc_hd__and3_1)
     1    0.00                           _24555_ (net)
                  0.04    0.00   19.35 v _57740_/B1 (sky130_fd_sc_hd__a21oi_2)
                  0.20    0.19   19.55 ^ _57740_/Y (sky130_fd_sc_hd__a21oi_2)
     2    0.01                           _24556_ (net)
                  0.20    0.00   19.55 ^ _57741_/B (sky130_fd_sc_hd__nor2_1)
                  0.09    0.09   19.64 v _57741_/Y (sky130_fd_sc_hd__nor2_1)
     1    0.01                           _24557_ (net)
                  0.09    0.00   19.64 v wire116/A (sky130_fd_sc_hd__dlymetal6s2s_1)
                  0.09    0.22   19.86 v wire116/X (sky130_fd_sc_hd__dlymetal6s2s_1)
     2    0.02                           net116 (net)
                  0.09    0.00   19.86 v _57767_/B1 (sky130_fd_sc_hd__o221a_2)
                  0.12    0.36   20.22 v _57767_/X (sky130_fd_sc_hd__o221a_2)
     4    0.03                           _24583_ (net)
                  0.12    0.00   20.22 v _58856_/A1 (sky130_fd_sc_hd__a22o_1)
                  0.06    0.26   20.49 v _58856_/X (sky130_fd_sc_hd__a22o_1)
     2    0.01                           _25620_ (net)
                  0.06    0.00   20.49 v _58858_/B1 (sky130_fd_sc_hd__a211oi_1)
                  0.29    0.31   20.80 ^ _58858_/Y (sky130_fd_sc_hd__a211oi_1)
     2    0.01                           _25622_ (net)
                  0.29    0.00   20.80 ^ _58867_/B (sky130_fd_sc_hd__and4_1)
                  0.08    0.27   21.07 ^ _58867_/X (sky130_fd_sc_hd__and4_1)
     1    0.01                           _25631_ (net)
                  0.08    0.00   21.07 ^ _58868_/D (sky130_fd_sc_hd__and4_1)
                  0.05    0.20   21.26 ^ _58868_/X (sky130_fd_sc_hd__and4_1)
     1    0.00                           _25632_ (net)
                  0.05    0.00   21.26 ^ _58869_/C (sky130_fd_sc_hd__and3b_1)
                  0.07    0.18   21.44 ^ _58869_/X (sky130_fd_sc_hd__and3b_1)
     1    0.00                           _25633_ (net)
                  0.07    0.00   21.44 ^ _58872_/C_N (sky130_fd_sc_hd__or4bb_1)
                  0.12    0.56   22.00 v _58872_/X (sky130_fd_sc_hd__or4bb_1)
     2    0.01                           _25636_ (net)
                  0.12    0.00   22.00 v _58898_/A_N (sky130_fd_sc_hd__and4b_1)
                  0.06    0.29   22.29 ^ _58898_/X (sky130_fd_sc_hd__and4b_1)
     1    0.00                           _25662_ (net)
                  0.06    0.00   22.29 ^ _58899_/C (sky130_fd_sc_hd__and3_1)
                  0.06    0.17   22.46 ^ _58899_/X (sky130_fd_sc_hd__and3_1)
     1    0.00                           _25663_ (net)
                  0.06    0.00   22.46 ^ _58900_/A4 (sky130_fd_sc_hd__a41o_2)
                  0.20    0.34   22.80 ^ _58900_/X (sky130_fd_sc_hd__a41o_2)
     3    0.04                           _25664_ (net)
                  0.20    0.00   22.80 ^ _58901_/B1 (sky130_fd_sc_hd__o211a_1)
                  0.04    0.18   22.99 ^ _58901_/X (sky130_fd_sc_hd__o211a_1)
     1    0.00                           _05190_ (net)
                  0.04    0.00   22.99 ^ _72478_/D (sky130_fd_sc_hd__dfxtp_1)
                                 22.99   data arrival time

                         25.00   25.00   clock clk (rise edge)
                          0.00   25.00   clock source latency
                  1.09    0.78   25.78 ^ clk (in)
     1    0.24                           clk (net)
                  1.14    0.00   25.78 ^ clkbuf_0_clk/A (sky130_fd_sc_hd__clkbuf_16)
                  0.15    0.38   26.16 ^ clkbuf_0_clk/X (sky130_fd_sc_hd__clkbuf_16)
     2    0.13                           clknet_0_clk (net)
                  0.16    0.01   26.17 ^ clkbuf_1_0_0_clk/A (sky130_fd_sc_hd__clkbuf_8)
                  0.15    0.23   26.40 ^ clkbuf_1_0_0_clk/X (sky130_fd_sc_hd__clkbuf_8)
     2    0.08                           clknet_1_0_0_clk (net)
                  0.15    0.02   26.41 ^ clkbuf_2_1_0_clk/A (sky130_fd_sc_hd__clkbuf_8)
                  0.14    0.21   26.63 ^ clkbuf_2_1_0_clk/X (sky130_fd_sc_hd__clkbuf_8)
     1    0.07                           clknet_2_1_0_clk (net)
                  0.14    0.02   26.65 ^ clkbuf_2_1_1_clk/A (sky130_fd_sc_hd__clkbuf_8)
                  0.30    0.32   26.97 ^ clkbuf_2_1_1_clk/X (sky130_fd_sc_hd__clkbuf_8)
     6    0.18                           clknet_2_1_1_clk (net)
                  0.30    0.01   26.99 ^ clkbuf_4_6_0_clk/A (sky130_fd_sc_hd__clkbuf_8)
                  0.18    0.29   27.28 ^ clkbuf_4_6_0_clk/X (sky130_fd_sc_hd__clkbuf_8)
     2    0.10                           clknet_4_6_0_clk (net)
                  0.18    0.01   27.29 ^ clkbuf_5_13_0_clk/A (sky130_fd_sc_hd__clkbuf_8)
                  0.29    0.33   27.62 ^ clkbuf_5_13_0_clk/X (sky130_fd_sc_hd__clkbuf_8)
     8    0.17                           clknet_5_13_0_clk (net)
                  0.29    0.01   27.63 ^ clkbuf_8_109_0_clk/A (sky130_fd_sc_hd__clkbuf_8)
                  0.44    0.46   28.09 ^ clkbuf_8_109_0_clk/X (sky130_fd_sc_hd__clkbuf_8)
    20    0.26                           clknet_8_109_0_clk (net)
                  0.44    0.02   28.10 ^ clkbuf_leaf_1355_clk/A (sky130_fd_sc_hd__clkbuf_16)
                  0.05    0.22   28.32 ^ clkbuf_leaf_1355_clk/X (sky130_fd_sc_hd__clkbuf_16)
     6    0.02                           clknet_leaf_1355_clk (net)
                  0.05    0.00   28.32 ^ _72478_/CLK (sky130_fd_sc_hd__dfxtp_1)
                         -0.25   28.07   clock uncertainty
                          0.12   28.20   clock reconvergence pessimism
                         -0.05   28.14   library setup time
                                 28.14   data required time
-----------------------------------------------------------------------------
                                 28.14   data required time
                                -22.99   data arrival time
-----------------------------------------------------------------------------
                                  5.16   slack (MET)


Startpoint: _73030_ (rising edge-triggered flip-flop clocked by clk)
Endpoint: _73047_ (rising edge-triggered flip-flop clocked by clk)
Path Group: clk
Path Type: max

Fanout     Cap    Slew   Delay    Time   Description
-----------------------------------------------------------------------------
                          0.00    0.00   clock clk (rise edge)
                          0.00    0.00   clock source latency
                  1.09    0.87    0.87 ^ clk (in)
     1    0.24                           clk (net)
                  1.14    0.00    0.87 ^ clkbuf_0_clk/A (sky130_fd_sc_hd__clkbuf_16)
                  0.15    0.42    1.28 ^ clkbuf_0_clk/X (sky130_fd_sc_hd__clkbuf_16)
     2    0.13                           clknet_0_clk (net)
                  0.15    0.00    1.29 ^ clkbuf_1_1_0_clk/A (sky130_fd_sc_hd__clkbuf_8)
                  0.16    0.25    1.54 ^ clkbuf_1_1_0_clk/X (sky130_fd_sc_hd__clkbuf_8)
     2    0.09                           clknet_1_1_0_clk (net)
                  0.16    0.02    1.56 ^ clkbuf_2_3_0_clk/A (sky130_fd_sc_hd__clkbuf_8)
                  0.15    0.25    1.81 ^ clkbuf_2_3_0_clk/X (sky130_fd_sc_hd__clkbuf_8)
     2    0.08                           clknet_2_3_0_clk (net)
                  0.16    0.02    1.83 ^ clkbuf_2_3_1_clk/A (sky130_fd_sc_hd__clkbuf_8)
                  0.26    0.33    2.16 ^ clkbuf_2_3_1_clk/X (sky130_fd_sc_hd__clkbuf_8)
     4    0.15                           clknet_2_3_1_clk (net)
                  0.26    0.02    2.18 ^ clkbuf_4_12_0_clk/A (sky130_fd_sc_hd__clkbuf_8)
                  0.16    0.30    2.48 ^ clkbuf_4_12_0_clk/X (sky130_fd_sc_hd__clkbuf_8)
     2    0.09                           clknet_4_12_0_clk (net)
                  0.16    0.01    2.49 ^ clkbuf_5_24_0_clk/A (sky130_fd_sc_hd__clkbuf_8)
                  0.30    0.37    2.85 ^ clkbuf_5_24_0_clk/X (sky130_fd_sc_hd__clkbuf_8)
     8    0.17                           clknet_5_24_0_clk (net)
                  0.30    0.01    2.86 ^ clkbuf_8_199_0_clk/A (sky130_fd_sc_hd__clkbuf_8)
                  0.29    0.40    3.27 ^ clkbuf_8_199_0_clk/X (sky130_fd_sc_hd__clkbuf_8)
    13    0.17                           clknet_8_199_0_clk (net)
                  0.29    0.01    3.27 ^ clkbuf_leaf_1580_clk/A (sky130_fd_sc_hd__clkbuf_16)
                  0.05    0.21    3.49 ^ clkbuf_leaf_1580_clk/X (sky130_fd_sc_hd__clkbuf_16)
     4    0.02                           clknet_leaf_1580_clk (net)
                  0.05    0.00    3.49 ^ _73030_/CLK (sky130_fd_sc_hd__dfxtp_2)
                  0.14    0.41    3.90 ^ _73030_/Q (sky130_fd_sc_hd__dfxtp_2)
     6    0.03                           isl_blksiz.buyruk_onbellegi_denetleyici_dut.l1b_adres_i[1] (net)
                  0.14    0.00    3.90 ^ _34064_/A (sky130_fd_sc_hd__buf_4)
                  0.16    0.24    4.14 ^ _34064_/X (sky130_fd_sc_hd__buf_4)
    10    0.05                           _06303_ (net)
                  0.16    0.00    4.14 ^ _34065_/A (sky130_fd_sc_hd__buf_4)
                  0.17    0.26    4.40 ^ _34065_/X (sky130_fd_sc_hd__buf_4)
    10    0.06                           _06304_ (net)
                  0.17    0.00    4.40 ^ _34066_/A (sky130_fd_sc_hd__buf_6)
                  0.24    0.28    4.68 ^ _34066_/X (sky130_fd_sc_hd__buf_6)
    11    0.12                           _06305_ (net)
                  0.24    0.01    4.69 ^ _34067_/A (sky130_fd_sc_hd__buf_6)
                  0.20    0.27    4.97 ^ _34067_/X (sky130_fd_sc_hd__buf_6)
    10    0.10                           _06306_ (net)
                  0.20    0.00    4.97 ^ _34086_/A2 (sky130_fd_sc_hd__a21oi_1)
                  0.10    0.14    5.10 v _34086_/Y (sky130_fd_sc_hd__a21oi_1)
     2    0.01                           _06325_ (net)
                  0.10    0.00    5.10 v _34098_/B (sky130_fd_sc_hd__nor2_1)
                  0.27    0.26    5.37 ^ _34098_/Y (sky130_fd_sc_hd__nor2_1)
     3    0.01                           _06337_ (net)
                  0.27    0.00    5.37 ^ _34115_/A (sky130_fd_sc_hd__buf_6)
                  0.27    0.33    5.70 ^ _34115_/X (sky130_fd_sc_hd__buf_6)
    10    0.14                           _06354_ (net)
                  0.27    0.01    5.70 ^ _34116_/A (sky130_fd_sc_hd__clkbuf_16)
                  0.22    0.34    6.05 ^ _34116_/X (sky130_fd_sc_hd__clkbuf_16)
    16    0.21                           _06355_ (net)
                  0.22    0.02    6.07 ^ _34257_/A (sky130_fd_sc_hd__buf_4)
                  0.21    0.30    6.37 ^ _34257_/X (sky130_fd_sc_hd__buf_4)
    10    0.07                           _06496_ (net)
                  0.21    0.01    6.37 ^ _35200_/B1 (sky130_fd_sc_hd__a22o_4)
                  0.35    0.39    6.77 ^ _35200_/X (sky130_fd_sc_hd__a22o_4)
     1    0.13                           RAM512_d0.A0[1] (net)
                  0.35    0.01    6.78 ^ fanout8357/A (sky130_fd_sc_hd__buf_8)
                  0.23    0.28    7.06 ^ fanout8357/X (sky130_fd_sc_hd__buf_8)
     5    0.14                           net8357 (net)
                  0.25    0.05    7.11 ^ fanout8241/A (sky130_fd_sc_hd__buf_12)
                  0.23    0.25    7.37 ^ fanout8241/X (sky130_fd_sc_hd__buf_12)
     6    0.20                           net8241 (net)
                  0.23    0.00    7.37 ^ fanout8240/A (sky130_fd_sc_hd__buf_8)
                  0.26    0.30    7.67 ^ fanout8240/X (sky130_fd_sc_hd__buf_8)
     7    0.16                           net8240 (net)
                  0.27    0.04    7.70 ^ fanout8210/A (sky130_fd_sc_hd__clkbuf_8)
                  0.19    0.32    8.03 ^ fanout8210/X (sky130_fd_sc_hd__clkbuf_8)
     6    0.11                           net8210 (net)
                  0.19    0.00    8.03 ^ fanout8196/A (sky130_fd_sc_hd__buf_2)
                  0.26    0.32    8.35 ^ fanout8196/X (sky130_fd_sc_hd__buf_2)
     5    0.05                           net8196 (net)
                  0.26    0.00    8.35 ^ fanout8191/A (sky130_fd_sc_hd__buf_2)
                  0.23    0.32    8.67 ^ fanout8191/X (sky130_fd_sc_hd__buf_2)
     6    0.05                           net8191 (net)
                  0.23    0.00    8.67 ^ fanout8190/A (sky130_fd_sc_hd__clkbuf_4)
                  0.19    0.32    8.99 ^ fanout8190/X (sky130_fd_sc_hd__clkbuf_4)
    10    0.06                           net8190 (net)
                  0.19    0.00    8.99 ^ RAM512_d0.BANK00.REGF[5].RAM32x8_ASYNC_dut.m0.m0.m1.m0.m1/S1 (sky130_fd_sc_hd__mux4_1)
                  0.12    0.37    9.36 v RAM512_d0.BANK00.REGF[5].RAM32x8_ASYNC_dut.m0.m0.m1.m0.m1/X (sky130_fd_sc_hd__mux4_1)
     1    0.01                           RAM512_d0.BANK00.REGF[5].RAM32x8_ASYNC_dut.m0.m0.m1.m0.tmp1 (net)
                  0.12    0.00    9.36 v RAM512_d0.BANK00.REGF[5].RAM32x8_ASYNC_dut.m0.m0.m1.m0.m2/A1 (sky130_fd_sc_hd__mux2_1)
                  0.10    0.39    9.75 v RAM512_d0.BANK00.REGF[5].RAM32x8_ASYNC_dut.m0.m0.m1.m0.m2/X (sky130_fd_sc_hd__mux2_1)
     1    0.01                           RAM512_d0.BANK00.REGF[5].RAM32x8_ASYNC_dut.m0.m0.m1.m0.X (net)
                  0.10    0.00    9.75 v RAM512_d0.BANK00.REGF[5].RAM32x8_ASYNC_dut.m0.m0.m1.m2/A0 (sky130_fd_sc_hd__mux2_1)
                  0.09    0.36   10.11 v RAM512_d0.BANK00.REGF[5].RAM32x8_ASYNC_dut.m0.m0.m1.m2/X (sky130_fd_sc_hd__mux2_1)
     1    0.01                           RAM512_d0.BANK00.REGF[5].RAM32x8_ASYNC_dut.m0.m0.m1.X (net)
                  0.09    0.00   10.11 v RAM512_d0.BANK00.REGF[5].RAM32x8_ASYNC_dut.m0.m0.m2/A1 (sky130_fd_sc_hd__mux2_1)
                  0.17    0.46   10.57 v RAM512_d0.BANK00.REGF[5].RAM32x8_ASYNC_dut.m0.m0.m2/X (sky130_fd_sc_hd__mux2_1)
     1    0.03                           RAM512_d0.BANK00.REGF[5].RAM32x8_ASYNC_dut.m0.m0.X (net)
                  0.17    0.00   10.57 v RAM512_d0.BANK00.m0.m0.m1/A1 (sky130_fd_sc_hd__mux4_1)
                  0.11    0.61   11.18 v RAM512_d0.BANK00.m0.m0.m1/X (sky130_fd_sc_hd__mux4_1)
     1    0.01                           RAM512_d0.BANK00.m0.m0.tmp1 (net)
                  0.11    0.00   11.18 v RAM512_d0.BANK00.m0.m0.m2/A1 (sky130_fd_sc_hd__mux2_4)
                  0.12    0.40   11.58 v RAM512_d0.BANK00.m0.m0.m2/X (sky130_fd_sc_hd__mux2_4)
     2    0.06                           RAM512_d0.BANK00.m0.m0.X (net)
                  0.12    0.00   11.58 v RAM512_d0.m0.M[0].MUX[0]/A0 (sky130_fd_sc_hd__mux2_8)
                  0.23    0.54   12.12 v RAM512_d0.m0.M[0].MUX[0]/X (sky130_fd_sc_hd__mux2_8)
    33    0.28                           RAM512_d0.Do0[0] (net)
                  0.25    0.05   12.17 v _36790_/B (sky130_fd_sc_hd__and2b_1)
                  0.06    0.29   12.46 v _36790_/X (sky130_fd_sc_hd__and2b_1)
     2    0.01                           _08817_ (net)
                  0.06    0.00   12.46 v _36797_/B1 (sky130_fd_sc_hd__a21oi_2)
                  0.23    0.22   12.68 ^ _36797_/Y (sky130_fd_sc_hd__a21oi_2)
     5    0.02                           _08824_ (net)
                  0.23    0.00   12.69 ^ _36799_/A (sky130_fd_sc_hd__or3_2)
                  0.09    0.22   12.91 ^ _36799_/X (sky130_fd_sc_hd__or3_2)
     3    0.02                           _08826_ (net)
                  0.09    0.00   12.91 ^ _36824_/B (sky130_fd_sc_hd__nor2_1)
                  0.07    0.07   12.98 v _36824_/Y (sky130_fd_sc_hd__nor2_1)
     3    0.01                           _08851_ (net)
                  0.07    0.00   12.98 v _36825_/C (sky130_fd_sc_hd__and3_1)
                  0.10    0.26   13.24 v _36825_/X (sky130_fd_sc_hd__and3_1)
     4    0.02                           _08852_ (net)
                  0.10    0.00   13.24 v _36831_/A (sky130_fd_sc_hd__or3_1)
                  0.12    0.47   13.71 v _36831_/X (sky130_fd_sc_hd__or3_1)
     4    0.01                           _08858_ (net)
                  0.12    0.00   13.71 v _36837_/A (sky130_fd_sc_hd__nor3_1)
                  0.19    0.25   13.96 ^ _36837_/Y (sky130_fd_sc_hd__nor3_1)
     2    0.00                           _08864_ (net)
                  0.19    0.00   13.96 ^ _36838_/D_N (sky130_fd_sc_hd__or4b_1)
                  0.13    0.55   14.51 v _36838_/X (sky130_fd_sc_hd__or4b_1)
     3    0.01                           _08865_ (net)
                  0.13    0.00   14.51 v _36839_/B (sky130_fd_sc_hd__nor2_1)
                  0.15    0.18   14.68 ^ _36839_/Y (sky130_fd_sc_hd__nor2_1)
     2    0.01                           _08866_ (net)
                  0.15    0.00   14.68 ^ _36840_/A (sky130_fd_sc_hd__clkbuf_4)
                  0.14    0.26   14.94 ^ _36840_/X (sky130_fd_sc_hd__clkbuf_4)
    10    0.05                           _08867_ (net)
                  0.14    0.00   14.94 ^ _36856_/B1 (sky130_fd_sc_hd__o21a_1)
                  0.21    0.27   15.21 ^ _36856_/X (sky130_fd_sc_hd__o21a_1)
     4    0.02                           _08883_ (net)
                  0.21    0.00   15.21 ^ _36857_/B1 (sky130_fd_sc_hd__a21oi_2)
                  0.08    0.09   15.30 v _36857_/Y (sky130_fd_sc_hd__a21oi_2)
     3    0.01                           _08884_ (net)
                  0.08    0.00   15.30 v _36871_/B1 (sky130_fd_sc_hd__a22o_4)
                  0.14    0.35   15.66 v _36871_/X (sky130_fd_sc_hd__a22o_4)
     4    0.09                           _08897_ (net)
                  0.14    0.01   15.66 v _55163_/A (sky130_fd_sc_hd__or3_1)
                  0.11    0.48   16.14 v _55163_/X (sky130_fd_sc_hd__or3_1)
     3    0.01                           _22621_ (net)
                  0.11    0.00   16.14 v _55164_/A (sky130_fd_sc_hd__buf_4)
                  0.08    0.23   16.37 v _55164_/X (sky130_fd_sc_hd__buf_4)
    10    0.06                           _22622_ (net)
                  0.08    0.00   16.38 v _67056_/S (sky130_fd_sc_hd__mux2_1)
                  0.09    0.39   16.76 v _67056_/X (sky130_fd_sc_hd__mux2_1)
     3    0.01                           _33272_ (net)
                  0.09    0.00   16.76 v _67088_/A2 (sky130_fd_sc_hd__a32o_1)
                  0.07    0.31   17.07 v _67088_/X (sky130_fd_sc_hd__a32o_1)
     3    0.01                           _33302_ (net)
                  0.07    0.00   17.07 v _67107_/A1 (sky130_fd_sc_hd__a21o_1)
                  0.06    0.20   17.27 v _67107_/X (sky130_fd_sc_hd__a21o_1)
     2    0.01                           _33320_ (net)
                  0.06    0.00   17.27 v _67118_/A1 (sky130_fd_sc_hd__a21o_1)
                  0.07    0.20   17.47 v _67118_/X (sky130_fd_sc_hd__a21o_1)
     2    0.01                           _33330_ (net)
                  0.07    0.00   17.47 v _67133_/A1 (sky130_fd_sc_hd__a21boi_1)
                  0.28    0.27   17.73 ^ _67133_/Y (sky130_fd_sc_hd__a21boi_1)
     3    0.01                           _33344_ (net)
                  0.28    0.00   17.73 ^ _67144_/A1 (sky130_fd_sc_hd__o21bai_1)
                  0.11    0.17   17.90 v _67144_/Y (sky130_fd_sc_hd__o21bai_1)
     2    0.01                           _33354_ (net)
                  0.11    0.00   17.90 v _67156_/B1 (sky130_fd_sc_hd__a21o_1)
                  0.04    0.19   18.09 v _67156_/X (sky130_fd_sc_hd__a21o_1)
     1    0.00                           _33365_ (net)
                  0.04    0.00   18.09 v _67157_/B1 (sky130_fd_sc_hd__o21ai_2)
                  0.23    0.11   18.20 ^ _67157_/Y (sky130_fd_sc_hd__o21ai_2)
     2    0.02                           _33366_ (net)
                  0.23    0.00   18.20 ^ _67166_/A2 (sky130_fd_sc_hd__o21ai_2)
                  0.08    0.12   18.32 v _67166_/Y (sky130_fd_sc_hd__o21ai_2)
     3    0.01                           _33374_ (net)
                  0.08    0.00   18.32 v _67184_/A1 (sky130_fd_sc_hd__a21oi_1)
                  0.23    0.24   18.56 ^ _67184_/Y (sky130_fd_sc_hd__a21oi_1)
     2    0.01                           _33391_ (net)
                  0.23    0.00   18.56 ^ _67202_/A2 (sky130_fd_sc_hd__o21a_1)
                  0.06    0.16   18.72 ^ _67202_/X (sky130_fd_sc_hd__o21a_1)
     2    0.01                           _33408_ (net)
                  0.06    0.00   18.72 ^ _67204_/B (sky130_fd_sc_hd__or2_1)
                  0.09    0.14   18.86 ^ _67204_/X (sky130_fd_sc_hd__or2_1)
     3    0.01                           _33410_ (net)
                  0.09    0.00   18.86 ^ _67218_/A2 (sky130_fd_sc_hd__a21o_1)
                  0.09    0.16   19.03 ^ _67218_/X (sky130_fd_sc_hd__a21o_1)
     3    0.01                           _33423_ (net)
                  0.09    0.00   19.03 ^ _67231_/A2 (sky130_fd_sc_hd__a21oi_1)
                  0.07    0.10   19.12 v _67231_/Y (sky130_fd_sc_hd__a21oi_1)
     2    0.01                           _33435_ (net)
                  0.07    0.00   19.12 v _67240_/B1 (sky130_fd_sc_hd__a21oi_1)
                  0.22    0.22   19.34 ^ _67240_/Y (sky130_fd_sc_hd__a21oi_1)
     2    0.01                           _33443_ (net)
                  0.22    0.00   19.34 ^ _67244_/A (sky130_fd_sc_hd__nor2_1)
                  0.07    0.10   19.44 v _67244_/Y (sky130_fd_sc_hd__nor2_1)
     2    0.01                           _33447_ (net)
                  0.07    0.00   19.44 v _67255_/B1 (sky130_fd_sc_hd__a21oi_1)
                  0.19    0.19   19.64 ^ _67255_/Y (sky130_fd_sc_hd__a21oi_1)
     2    0.01                           _33457_ (net)
                  0.19    0.00   19.64 ^ _67256_/B (sky130_fd_sc_hd__nor2_1)
                  0.06    0.09   19.73 v _67256_/Y (sky130_fd_sc_hd__nor2_1)
     2    0.01                           _33458_ (net)
                  0.06    0.00   19.73 v _67266_/B1 (sky130_fd_sc_hd__a21oi_1)
                  0.24    0.23   19.95 ^ _67266_/Y (sky130_fd_sc_hd__a21oi_1)
     2    0.01                           _33467_ (net)
                  0.24    0.00   19.96 ^ _67270_/A (sky130_fd_sc_hd__nor2_1)
                  0.08    0.11   20.07 v _67270_/Y (sky130_fd_sc_hd__nor2_1)
     2    0.01                           _33471_ (net)
                  0.08    0.00   20.07 v _67283_/B1 (sky130_fd_sc_hd__a21oi_1)
                  0.22    0.22   20.29 ^ _67283_/Y (sky130_fd_sc_hd__a21oi_1)
     2    0.01                           _33483_ (net)
                  0.22    0.00   20.29 ^ _67292_/B (sky130_fd_sc_hd__nor2_1)
                  0.06    0.07   20.36 v _67292_/Y (sky130_fd_sc_hd__nor2_1)
     1    0.00                           _33491_ (net)
                  0.06    0.00   20.36 v _67293_/B1 (sky130_fd_sc_hd__a31o_1)
                  0.06    0.22   20.58 v _67293_/X (sky130_fd_sc_hd__a31o_1)
     2    0.01                           _33492_ (net)
                  0.06    0.00   20.58 v _67298_/A1 (sky130_fd_sc_hd__o21a_1)
                  0.04    0.20   20.77 v _67298_/X (sky130_fd_sc_hd__o21a_1)
     1    0.00                           _33497_ (net)
                  0.04    0.00   20.77 v _67299_/B2 (sky130_fd_sc_hd__a22o_1)
                  0.04    0.20   20.97 v _67299_/X (sky130_fd_sc_hd__a22o_1)
     1    0.00                           _33498_ (net)
                  0.04    0.00   20.97 v _67300_/A1 (sky130_fd_sc_hd__mux2_1)
                  0.06    0.30   21.27 v _67300_/X (sky130_fd_sc_hd__mux2_1)
     1    0.00                           _33499_ (net)
                  0.06    0.00   21.27 v _67303_/A2 (sky130_fd_sc_hd__a21o_1)
                  0.04    0.19   21.46 v _67303_/X (sky130_fd_sc_hd__a21o_1)
     1    0.00                           _33502_ (net)
                  0.04    0.00   21.46 v _67304_/B1 (sky130_fd_sc_hd__o211a_1)
                  0.04    0.13   21.59 v _67304_/X (sky130_fd_sc_hd__o211a_1)
     1    0.00                           _05759_ (net)
                  0.04    0.00   21.59 v _73047_/D (sky130_fd_sc_hd__dfxtp_1)
                                 21.59   data arrival time

                         25.00   25.00   clock clk (rise edge)
                          0.00   25.00   clock source latency
                  1.09    0.78   25.78 ^ clk (in)
     1    0.24                           clk (net)
                  1.14    0.00   25.78 ^ clkbuf_0_clk/A (sky130_fd_sc_hd__clkbuf_16)
                  0.15    0.38   26.16 ^ clkbuf_0_clk/X (sky130_fd_sc_hd__clkbuf_16)
     2    0.13                           clknet_0_clk (net)
                  0.16    0.01   26.17 ^ clkbuf_1_0_0_clk/A (sky130_fd_sc_hd__clkbuf_8)
                  0.15    0.23   26.40 ^ clkbuf_1_0_0_clk/X (sky130_fd_sc_hd__clkbuf_8)
     2    0.08                           clknet_1_0_0_clk (net)
                  0.15    0.02   26.41 ^ clkbuf_2_1_0_clk/A (sky130_fd_sc_hd__clkbuf_8)
                  0.14    0.21   26.63 ^ clkbuf_2_1_0_clk/X (sky130_fd_sc_hd__clkbuf_8)
     1    0.07                           clknet_2_1_0_clk (net)
                  0.14    0.02   26.65 ^ clkbuf_2_1_1_clk/A (sky130_fd_sc_hd__clkbuf_8)
                  0.30    0.32   26.97 ^ clkbuf_2_1_1_clk/X (sky130_fd_sc_hd__clkbuf_8)
     6    0.18                           clknet_2_1_1_clk (net)
                  0.30    0.01   26.99 ^ clkbuf_4_6_0_clk/A (sky130_fd_sc_hd__clkbuf_8)
                  0.18    0.29   27.28 ^ clkbuf_4_6_0_clk/X (sky130_fd_sc_hd__clkbuf_8)
     2    0.10                           clknet_4_6_0_clk (net)
                  0.18    0.01   27.29 ^ clkbuf_5_13_0_clk/A (sky130_fd_sc_hd__clkbuf_8)
                  0.29    0.33   27.62 ^ clkbuf_5_13_0_clk/X (sky130_fd_sc_hd__clkbuf_8)
     8    0.17                           clknet_5_13_0_clk (net)
                  0.29    0.00   27.62 ^ clkbuf_8_108_0_clk/A (sky130_fd_sc_hd__clkbuf_8)
                  0.41    0.44   28.07 ^ clkbuf_8_108_0_clk/X (sky130_fd_sc_hd__clkbuf_8)
    18    0.24                           clknet_8_108_0_clk (net)
                  0.41    0.00   28.07 ^ clkbuf_leaf_1377_clk/A (sky130_fd_sc_hd__clkbuf_16)
                  0.05    0.21   28.28 ^ clkbuf_leaf_1377_clk/X (sky130_fd_sc_hd__clkbuf_16)
     5    0.02                           clknet_leaf_1377_clk (net)
                  0.05    0.00   28.28 ^ _73047_/CLK (sky130_fd_sc_hd__dfxtp_1)
                         -0.25   28.03   clock uncertainty
                          0.12   28.16   clock reconvergence pessimism
                         -0.11   28.05   library setup time
                                 28.05   data required time
-----------------------------------------------------------------------------
                                 28.05   data required time
                                -21.59   data arrival time
-----------------------------------------------------------------------------
                                  6.46   slack (MET)


Startpoint: _72481_ (rising edge-triggered flip-flop clocked by clk)
Endpoint: _68966_ (rising edge-triggered flip-flop clocked by clk)
Path Group: clk
Path Type: max

Fanout     Cap    Slew   Delay    Time   Description
-----------------------------------------------------------------------------
                          0.00    0.00   clock clk (rise edge)
                          0.00    0.00   clock source latency
                  1.09    0.87    0.87 ^ clk (in)
     1    0.24                           clk (net)
                  1.14    0.00    0.87 ^ clkbuf_0_clk/A (sky130_fd_sc_hd__clkbuf_16)
                  0.15    0.42    1.28 ^ clkbuf_0_clk/X (sky130_fd_sc_hd__clkbuf_16)
     2    0.13                           clknet_0_clk (net)
                  0.15    0.00    1.29 ^ clkbuf_1_1_0_clk/A (sky130_fd_sc_hd__clkbuf_8)
                  0.16    0.25    1.54 ^ clkbuf_1_1_0_clk/X (sky130_fd_sc_hd__clkbuf_8)
     2    0.09                           clknet_1_1_0_clk (net)
                  0.16    0.02    1.56 ^ clkbuf_2_3_0_clk/A (sky130_fd_sc_hd__clkbuf_8)
                  0.15    0.25    1.81 ^ clkbuf_2_3_0_clk/X (sky130_fd_sc_hd__clkbuf_8)
     2    0.08                           clknet_2_3_0_clk (net)
                  0.16    0.02    1.83 ^ clkbuf_2_3_1_clk/A (sky130_fd_sc_hd__clkbuf_8)
                  0.26    0.33    2.16 ^ clkbuf_2_3_1_clk/X (sky130_fd_sc_hd__clkbuf_8)
     4    0.15                           clknet_2_3_1_clk (net)
                  0.26    0.02    2.18 ^ clkbuf_4_13_0_clk/A (sky130_fd_sc_hd__clkbuf_8)
                  0.17    0.31    2.49 ^ clkbuf_4_13_0_clk/X (sky130_fd_sc_hd__clkbuf_8)
     4    0.10                           clknet_4_13_0_clk (net)
                  0.17    0.01    2.49 ^ clkbuf_5_26_0_clk/A (sky130_fd_sc_hd__clkbuf_8)
                  0.27    0.35    2.84 ^ clkbuf_5_26_0_clk/X (sky130_fd_sc_hd__clkbuf_8)
     8    0.16                           clknet_5_26_0_clk (net)
                  0.27    0.01    2.85 ^ clkbuf_8_208_0_clk/A (sky130_fd_sc_hd__clkbuf_8)
                  0.17    0.31    3.16 ^ clkbuf_8_208_0_clk/X (sky130_fd_sc_hd__clkbuf_8)
     8    0.10                           clknet_8_208_0_clk (net)
                  0.17    0.00    3.16 ^ clkbuf_leaf_1650_clk/A (sky130_fd_sc_hd__clkbuf_16)
                  0.03    0.16    3.33 ^ clkbuf_leaf_1650_clk/X (sky130_fd_sc_hd__clkbuf_16)
     2    0.01                           clknet_leaf_1650_clk (net)
                  0.03    0.00    3.33 ^ _72481_/CLK (sky130_fd_sc_hd__dfxtp_4)
                  0.18    0.46    3.79 ^ _72481_/Q (sky130_fd_sc_hd__dfxtp_4)
    10    0.06                           isl_blksiz.cek.arka_taraf_dut.coz_yazmacoku_dut.yrt_deger2_o[0] (net)
                  0.18    0.00    3.79 ^ _33526_/A (sky130_fd_sc_hd__clkbuf_4)
                  0.16    0.28    4.07 ^ _33526_/X (sky130_fd_sc_hd__clkbuf_4)
    10    0.05                           _05780_ (net)
                  0.16    0.00    4.07 ^ _33527_/A (sky130_fd_sc_hd__clkbuf_4)
                  0.16    0.27    4.35 ^ _33527_/X (sky130_fd_sc_hd__clkbuf_4)
    10    0.05                           _05781_ (net)
                  0.16    0.00    4.35 ^ _33528_/A (sky130_fd_sc_hd__clkbuf_4)
                  0.15    0.27    4.61 ^ _33528_/X (sky130_fd_sc_hd__clkbuf_4)
    10    0.05                           _05782_ (net)
                  0.15    0.00    4.62 ^ _33529_/A (sky130_fd_sc_hd__clkbuf_4)
                  0.14    0.26    4.87 ^ _33529_/X (sky130_fd_sc_hd__clkbuf_4)
    10    0.05                           _05783_ (net)
                  0.14    0.00    4.88 ^ _33629_/A (sky130_fd_sc_hd__clkbuf_4)
                  0.15    0.26    5.14 ^ _33629_/X (sky130_fd_sc_hd__clkbuf_4)
    10    0.05                           _05882_ (net)
                  0.15    0.00    5.14 ^ _33814_/A (sky130_fd_sc_hd__clkbuf_4)
                  0.18    0.29    5.43 ^ _33814_/X (sky130_fd_sc_hd__clkbuf_4)
    10    0.06                           _06062_ (net)
                  0.18    0.00    5.43 ^ _35267_/S (sky130_fd_sc_hd__mux2_1)
                  0.08    0.39    5.83 v _35267_/X (sky130_fd_sc_hd__mux2_1)
     3    0.01                           _07457_ (net)
                  0.08    0.00    5.83 v _36148_/A1 (sky130_fd_sc_hd__mux4_1)
                  0.12    0.59    6.41 v _36148_/X (sky130_fd_sc_hd__mux4_1)
     1    0.01                           _08276_ (net)
                  0.12    0.00    6.42 v _36149_/B1 (sky130_fd_sc_hd__a22oi_1)
                  0.21    0.22    6.63 ^ _36149_/Y (sky130_fd_sc_hd__a22oi_1)
     1    0.01                           _08277_ (net)
                  0.21    0.00    6.63 ^ _36150_/A (sky130_fd_sc_hd__inv_2)
                  0.06    0.08    6.71 v _36150_/Y (sky130_fd_sc_hd__inv_2)
     2    0.01                           _08278_ (net)
                  0.06    0.00    6.71 v _36151_/B1 (sky130_fd_sc_hd__a21o_1)
                  0.04    0.17    6.88 v _36151_/X (sky130_fd_sc_hd__a21o_1)
     1    0.00                           _08279_ (net)
                  0.04    0.00    6.88 v _36153_/B1 (sky130_fd_sc_hd__a22o_1)
                  0.04    0.18    7.06 v _36153_/X (sky130_fd_sc_hd__a22o_1)
     1    0.00                           _08281_ (net)
                  0.04    0.00    7.06 v _36156_/A2 (sky130_fd_sc_hd__o211a_1)
                  0.06    0.24    7.30 v _36156_/X (sky130_fd_sc_hd__o211a_1)
     1    0.01                           _08284_ (net)
                  0.06    0.00    7.30 v _36157_/B1 (sky130_fd_sc_hd__a31o_1)
                  0.10    0.26    7.56 v _36157_/X (sky130_fd_sc_hd__a31o_1)
     2    0.02                           _08285_ (net)
                  0.10    0.00    7.56 v _36163_/A3 (sky130_fd_sc_hd__a31o_1)
                  0.05    0.26    7.82 v _36163_/X (sky130_fd_sc_hd__a31o_1)
     1    0.01                           _08291_ (net)
                  0.05    0.00    7.82 v _36164_/A2_N (sky130_fd_sc_hd__a2bb2o_4)
                  0.35    0.42    8.24 ^ _36164_/X (sky130_fd_sc_hd__a2bb2o_4)
     4    0.11                           _08292_ (net)
                  0.36    0.04    8.28 ^ max_cap7036/A (sky130_fd_sc_hd__buf_6)
                  0.16    0.26    8.54 ^ max_cap7036/X (sky130_fd_sc_hd__buf_6)
     5    0.08                           net7036 (net)
                  0.16    0.01    8.55 ^ _36505_/A0 (sky130_fd_sc_hd__mux2_1)
                  0.05    0.16    8.70 ^ _36505_/X (sky130_fd_sc_hd__mux2_1)
     1    0.00                           _08601_ (net)
                  0.05    0.00    8.70 ^ _36506_/A (sky130_fd_sc_hd__buf_4)
                  0.31    0.31    9.01 ^ _36506_/X (sky130_fd_sc_hd__buf_4)
     1    0.11                           isl_blksiz.veri_onbellegi_denetleyici_dut.yol_A0[0] (net)
                  0.31    0.01    9.03 ^ fanout5749/A (sky130_fd_sc_hd__buf_12)
                  0.57    0.44    9.46 ^ fanout5749/X (sky130_fd_sc_hd__buf_12)
     7    0.51                           net5749 (net)
                  0.57    0.01    9.47 ^ fanout5557/A (sky130_fd_sc_hd__buf_12)
                  0.22    0.32    9.79 ^ fanout5557/X (sky130_fd_sc_hd__buf_12)
     6    0.19                           net5557 (net)
                  0.22    0.02    9.81 ^ fanout5497/A (sky130_fd_sc_hd__buf_6)
                  0.22    0.28   10.09 ^ fanout5497/X (sky130_fd_sc_hd__buf_6)
     5    0.11                           net5497 (net)
                  0.23    0.03   10.12 ^ fanout5480/A (sky130_fd_sc_hd__buf_4)
                  0.24    0.32   10.43 ^ fanout5480/X (sky130_fd_sc_hd__buf_4)
     7    0.08                           net5480 (net)
                  0.24    0.00   10.43 ^ fanout5469/A (sky130_fd_sc_hd__buf_2)
                  0.20    0.29   10.73 ^ fanout5469/X (sky130_fd_sc_hd__buf_2)
     6    0.04                           net5469 (net)
                  0.20    0.00   10.73 ^ fanout5468/A (sky130_fd_sc_hd__clkbuf_4)
                  0.15    0.28   11.01 ^ fanout5468/X (sky130_fd_sc_hd__clkbuf_4)
     7    0.05                           net5468 (net)
                  0.15    0.00   11.02 ^ fanout5467/A (sky130_fd_sc_hd__buf_4)
                  0.17    0.25   11.27 ^ fanout5467/X (sky130_fd_sc_hd__buf_4)
    10    0.06                           net5467 (net)
                  0.17    0.00   11.27 ^ vffram_t1_0.REGF[0].RAM32x8_ASYNC_dut.m0.m7.m0.m1.m0/S0 (sky130_fd_sc_hd__mux4_1)
                  0.08    0.59   11.86 v vffram_t1_0.REGF[0].RAM32x8_ASYNC_dut.m0.m7.m0.m1.m0/X (sky130_fd_sc_hd__mux4_1)
     1    0.00                           vffram_t1_0.REGF[0].RAM32x8_ASYNC_dut.m0.m7.m0.m1.tmp0 (net)
                  0.08    0.00   11.86 v vffram_t1_0.REGF[0].RAM32x8_ASYNC_dut.m0.m7.m0.m1.m2/A0 (sky130_fd_sc_hd__mux2_1)
                  0.09    0.35   12.21 v vffram_t1_0.REGF[0].RAM32x8_ASYNC_dut.m0.m7.m0.m1.m2/X (sky130_fd_sc_hd__mux2_1)
     1    0.01                           vffram_t1_0.REGF[0].RAM32x8_ASYNC_dut.m0.m7.m0.m1.X (net)
                  0.09    0.00   12.21 v vffram_t1_0.REGF[0].RAM32x8_ASYNC_dut.m0.m7.m0.m2/A1 (sky130_fd_sc_hd__mux2_1)
                  0.13    0.41   12.62 v vffram_t1_0.REGF[0].RAM32x8_ASYNC_dut.m0.m7.m0.m2/X (sky130_fd_sc_hd__mux2_1)
     2    0.02                           vffram_t1_0.REGF[0].RAM32x8_ASYNC_dut.m0.m7.m0.X (net)
                  0.13    0.00   12.63 v vffram_t1_0.REGF[0].RAM32x8_ASYNC_dut.m0.m7.m2/A0 (sky130_fd_sc_hd__mux2_2)
                  0.14    0.42   13.05 v vffram_t1_0.REGF[0].RAM32x8_ASYNC_dut.m0.m7.m2/X (sky130_fd_sc_hd__mux2_2)
     1    0.04                           vffram_t1_0.REGF[0].RAM32x8_ASYNC_dut.m0.m7.X (net)
                  0.14    0.01   13.06 v vffram_t1_0.m0.m7.m0/A0 (sky130_fd_sc_hd__mux4_2)
                  0.24    0.72   13.77 v vffram_t1_0.m0.m7.m0/X (sky130_fd_sc_hd__mux4_2)
     2    0.07                           vffram_t1_0.m0.m7.tmp0 (net)
                  0.24    0.01   13.79 v vffram_t1_0.m0.m7.m2/A0 (sky130_fd_sc_hd__mux2_4)
                  0.16    0.50   14.28 v vffram_t1_0.m0.m7.m2/X (sky130_fd_sc_hd__mux2_4)
     2    0.09                           vffram_t1_0.m0.m7.X (net)
                  0.16    0.01   14.29 v _34002_/A (sky130_fd_sc_hd__xor2_1)
                  0.12    0.20   14.49 ^ _34002_/X (sky130_fd_sc_hd__xor2_1)
     1    0.00                           _06247_ (net)
                  0.12    0.00   14.49 ^ _34003_/B1 (sky130_fd_sc_hd__o21ai_1)
                  0.05    0.08   14.57 v _34003_/Y (sky130_fd_sc_hd__o21ai_1)
     1    0.00                           _06248_ (net)
                  0.05    0.00   14.57 v _34004_/C1 (sky130_fd_sc_hd__a221o_1)
                  0.05    0.27   14.85 v _34004_/X (sky130_fd_sc_hd__a221o_1)
     1    0.00                           _06249_ (net)
                  0.05    0.00   14.85 v _34011_/A (sky130_fd_sc_hd__or4_1)
                  0.10    0.56   15.41 v _34011_/X (sky130_fd_sc_hd__or4_1)
     1    0.01                           _06256_ (net)
                  0.10    0.00   15.41 v _34012_/D1 (sky130_fd_sc_hd__a2111o_4)
                  0.17    0.51   15.92 v _34012_/X (sky130_fd_sc_hd__a2111o_4)
     2    0.08                           _06257_ (net)
                  0.17    0.02   15.94 v _35977_/A (sky130_fd_sc_hd__buf_4)
                  0.09    0.27   16.20 v _35977_/X (sky130_fd_sc_hd__buf_4)
    10    0.07                           _08134_ (net)
                  0.09    0.00   16.21 v _43044_/A2 (sky130_fd_sc_hd__o22a_1)
                  0.14    0.32   16.53 v _43044_/X (sky130_fd_sc_hd__o22a_1)
     1    0.02                           _13249_ (net)
                  0.14    0.00   16.53 v _43045_/B1 (sky130_fd_sc_hd__o22a_1)
                  0.05    0.23   16.76 v _43045_/X (sky130_fd_sc_hd__o22a_1)
     1    0.00                           _13250_ (net)
                  0.05    0.00   16.76 v _43047_/A2 (sky130_fd_sc_hd__o21a_1)
                  0.05    0.19   16.94 v _43047_/X (sky130_fd_sc_hd__o21a_1)
     2    0.01                           _13252_ (net)
                  0.05    0.00   16.94 v _43051_/A0 (sky130_fd_sc_hd__mux2_2)
                  0.15    0.39   17.34 v _43051_/X (sky130_fd_sc_hd__mux2_2)
     3    0.05                           _13256_ (net)
                  0.15    0.01   17.35 v _43060_/A0 (sky130_fd_sc_hd__mux2_1)
                  0.07    0.35   17.69 v _43060_/X (sky130_fd_sc_hd__mux2_1)
     1    0.00                           _13265_ (net)
                  0.07    0.00   17.69 v _43069_/A2 (sky130_fd_sc_hd__o21ai_1)
                  0.11    0.13   17.82 ^ _43069_/Y (sky130_fd_sc_hd__o21ai_1)
     1    0.00                           _13274_ (net)
                  0.11    0.00   17.82 ^ _43079_/A0 (sky130_fd_sc_hd__mux2_2)
                  0.15    0.26   18.08 ^ _43079_/X (sky130_fd_sc_hd__mux2_2)
     3    0.03                           _13284_ (net)
                  0.15    0.00   18.09 ^ _43081_/A (sky130_fd_sc_hd__or2b_2)
                  0.13    0.21   18.30 ^ _43081_/X (sky130_fd_sc_hd__or2b_2)
     3    0.02                           _13286_ (net)
                  0.13    0.00   18.30 ^ _43082_/B (sky130_fd_sc_hd__nand2_4)
                  0.12    0.13   18.43 v _43082_/Y (sky130_fd_sc_hd__nand2_4)
     9    0.04                           _13287_ (net)
                  0.12    0.01   18.43 v _43409_/C1 (sky130_fd_sc_hd__a221o_1)
                  0.27    0.51   18.95 v _43409_/X (sky130_fd_sc_hd__a221o_1)
     1    0.05                           _13608_ (net)
                  0.27    0.01   18.96 v _43410_/A2 (sky130_fd_sc_hd__a21o_1)
                  0.04    0.27   19.23 v _43410_/X (sky130_fd_sc_hd__a21o_1)
     1    0.00                           _13609_ (net)
                  0.04    0.00   19.23 v _43422_/A2 (sky130_fd_sc_hd__a31o_1)
                  0.09    0.26   19.49 v _43422_/X (sky130_fd_sc_hd__a31o_1)
     2    0.01                           _13621_ (net)
                  0.09    0.00   19.49 v _43423_/A1 (sky130_fd_sc_hd__mux2_1)
                  0.14    0.42   19.92 v _43423_/X (sky130_fd_sc_hd__mux2_1)
     2    0.02                           _13622_ (net)
                  0.14    0.00   19.92 v _43444_/B1 (sky130_fd_sc_hd__o221a_1)
                  0.14    0.38   20.30 v _43444_/X (sky130_fd_sc_hd__o221a_1)
     3    0.02                           _13643_ (net)
                  0.14    0.00   20.30 v _43445_/A1 (sky130_fd_sc_hd__mux2_1)
                  0.15    0.46   20.76 v _43445_/X (sky130_fd_sc_hd__mux2_1)
     1    0.03                           _13644_ (net)
                  0.15    0.00   20.76 v _43446_/A1 (sky130_fd_sc_hd__mux2_1)
                  0.06    0.35   21.11 v _43446_/X (sky130_fd_sc_hd__mux2_1)
     1    0.00                           _13645_ (net)
                  0.06    0.00   21.11 v _43447_/A (sky130_fd_sc_hd__dlymetal6s2s_1)
                  0.19    0.28   21.40 v _43447_/X (sky130_fd_sc_hd__dlymetal6s2s_1)
     1    0.04                           _01755_ (net)
                  0.19    0.00   21.40 v _68966_/D (sky130_fd_sc_hd__dfxtp_2)
                                 21.40   data arrival time

                         25.00   25.00   clock clk (rise edge)
                          0.00   25.00   clock source latency
                  1.09    0.78   25.78 ^ clk (in)
     1    0.24                           clk (net)
                  1.14    0.00   25.78 ^ clkbuf_0_clk/A (sky130_fd_sc_hd__clkbuf_16)
                  0.15    0.38   26.16 ^ clkbuf_0_clk/X (sky130_fd_sc_hd__clkbuf_16)
     2    0.13                           clknet_0_clk (net)
                  0.16    0.01   26.17 ^ clkbuf_1_0_0_clk/A (sky130_fd_sc_hd__clkbuf_8)
                  0.15    0.23   26.40 ^ clkbuf_1_0_0_clk/X (sky130_fd_sc_hd__clkbuf_8)
     2    0.08                           clknet_1_0_0_clk (net)
                  0.15    0.02   26.41 ^ clkbuf_2_1_0_clk/A (sky130_fd_sc_hd__clkbuf_8)
                  0.14    0.21   26.63 ^ clkbuf_2_1_0_clk/X (sky130_fd_sc_hd__clkbuf_8)
     1    0.07                           clknet_2_1_0_clk (net)
                  0.14    0.02   26.65 ^ clkbuf_2_1_1_clk/A (sky130_fd_sc_hd__clkbuf_8)
                  0.30    0.32   26.97 ^ clkbuf_2_1_1_clk/X (sky130_fd_sc_hd__clkbuf_8)
     6    0.18                           clknet_2_1_1_clk (net)
                  0.30    0.02   26.99 ^ clkbuf_4_7_0_clk/A (sky130_fd_sc_hd__clkbuf_8)
                  0.16    0.28   27.26 ^ clkbuf_4_7_0_clk/X (sky130_fd_sc_hd__clkbuf_8)
     3    0.09                           clknet_4_7_0_clk (net)
                  0.16    0.01   27.27 ^ clkbuf_5_15_0_clk/A (sky130_fd_sc_hd__clkbuf_8)
                  0.31    0.33   27.61 ^ clkbuf_5_15_0_clk/X (sky130_fd_sc_hd__clkbuf_8)
     8    0.18                           clknet_5_15_0_clk (net)
                  0.31    0.01   27.62 ^ clkbuf_8_122_0_clk/A (sky130_fd_sc_hd__clkbuf_8)
                  0.32    0.39   28.00 ^ clkbuf_8_122_0_clk/X (sky130_fd_sc_hd__clkbuf_8)
    13    0.19                           clknet_8_122_0_clk (net)
                  0.32    0.01   28.01 ^ clkbuf_leaf_1635_clk/A (sky130_fd_sc_hd__clkbuf_16)
                  0.04    0.19   28.20 ^ clkbuf_leaf_1635_clk/X (sky130_fd_sc_hd__clkbuf_16)
     3    0.01                           clknet_leaf_1635_clk (net)
                  0.04    0.00   28.20 ^ _68966_/CLK (sky130_fd_sc_hd__dfxtp_2)
                         -0.25   27.95   clock uncertainty
                          0.12   28.07   clock reconvergence pessimism
                         -0.18   27.90   library setup time
                                 27.90   data required time
-----------------------------------------------------------------------------
                                 27.90   data required time
                                -21.40   data arrival time
-----------------------------------------------------------------------------
                                  6.50   slack (MET)


