
===========================================================================
report_checks -path_delay max (Setup)
============================================================================
Startpoint: _72481_ (rising edge-triggered flip-flop clocked by clk)
Endpoint: _72480_ (rising edge-triggered flip-flop clocked by clk)
Path Group: clk
Path Type: max

Fanout     Cap    Slew   Delay    Time   Description
-----------------------------------------------------------------------------
                  0.15    0.00    0.00   clock clk (rise edge)
                          0.00    0.00   clock network delay (ideal)
                  0.15    0.00    0.00 ^ _72481_/CLK (sky130_fd_sc_hd__dfxtp_2)
                  0.22    0.51    0.51 ^ _72481_/Q (sky130_fd_sc_hd__dfxtp_2)
    10    0.04                           isl_blksiz.cek.arka_taraf_dut.coz_yazmacoku_dut.yrt_deger2_o[0] (net)
                  0.22    0.00    0.51 ^ _33526_/A (sky130_fd_sc_hd__buf_1)
                  0.47    0.43    0.94 ^ _33526_/X (sky130_fd_sc_hd__buf_1)
    10    0.04                           _05780_ (net)
                  0.47    0.00    0.94 ^ _33527_/A (sky130_fd_sc_hd__buf_1)
                  0.49    0.47    1.40 ^ _33527_/X (sky130_fd_sc_hd__buf_1)
    10    0.04                           _05781_ (net)
                  0.49    0.00    1.40 ^ _33528_/A (sky130_fd_sc_hd__buf_1)
                  0.41    0.41    1.81 ^ _33528_/X (sky130_fd_sc_hd__buf_1)
    10    0.03                           _05782_ (net)
                  0.41    0.00    1.81 ^ _33529_/A (sky130_fd_sc_hd__buf_1)
                  0.38    0.39    2.20 ^ _33529_/X (sky130_fd_sc_hd__buf_1)
    10    0.03                           _05783_ (net)
                  0.38    0.00    2.20 ^ _33629_/A (sky130_fd_sc_hd__buf_1)
                  0.55    0.50    2.70 ^ _33629_/X (sky130_fd_sc_hd__buf_1)
    10    0.05                           _05882_ (net)
                  0.55    0.00    2.70 ^ _33814_/A (sky130_fd_sc_hd__buf_1)
                  0.35    0.37    3.08 ^ _33814_/X (sky130_fd_sc_hd__buf_1)
    10    0.03                           _06062_ (net)
                  0.35    0.00    3.08 ^ _35264_/S (sky130_fd_sc_hd__mux2_2)
                  0.06    0.41    3.48 v _35264_/X (sky130_fd_sc_hd__mux2_2)
     3    0.01                           _07454_ (net)
                  0.06    0.00    3.48 v _36148_/A0 (sky130_fd_sc_hd__mux4_2)
                  0.09    0.48    3.96 v _36148_/X (sky130_fd_sc_hd__mux4_2)
     1    0.00                           _08276_ (net)
                  0.09    0.00    3.96 v _36149_/B1 (sky130_fd_sc_hd__a22oi_2)
                  0.14    0.14    4.11 ^ _36149_/Y (sky130_fd_sc_hd__a22oi_2)
     1    0.00                           _08277_ (net)
                  0.14    0.00    4.11 ^ _36150_/A (sky130_fd_sc_hd__inv_2)
                  0.04    0.05    4.15 v _36150_/Y (sky130_fd_sc_hd__inv_2)
     2    0.00                           _08278_ (net)
                  0.04    0.00    4.15 v _36151_/B1 (sky130_fd_sc_hd__a21o_2)
                  0.03    0.18    4.34 v _36151_/X (sky130_fd_sc_hd__a21o_2)
     1    0.00                           _08279_ (net)
                  0.03    0.00    4.34 v _36153_/B1 (sky130_fd_sc_hd__a22o_2)
                  0.04    0.20    4.54 v _36153_/X (sky130_fd_sc_hd__a22o_2)
     1    0.00                           _08281_ (net)
                  0.04    0.00    4.54 v _36156_/A2 (sky130_fd_sc_hd__o211a_2)
                  0.04    0.24    4.78 v _36156_/X (sky130_fd_sc_hd__o211a_2)
     1    0.00                           _08284_ (net)
                  0.04    0.00    4.78 v _36157_/B1 (sky130_fd_sc_hd__a31o_2)
                  0.05    0.23    5.01 v _36157_/X (sky130_fd_sc_hd__a31o_2)
     2    0.01                           _08285_ (net)
                  0.05    0.00    5.01 v _36163_/A3 (sky130_fd_sc_hd__a31o_2)
                  0.03    0.24    5.25 v _36163_/X (sky130_fd_sc_hd__a31o_2)
     1    0.00                           _08291_ (net)
                  0.03    0.00    5.25 v _36164_/A2_N (sky130_fd_sc_hd__a2bb2o_2)
                  0.17    0.33    5.58 ^ _36164_/X (sky130_fd_sc_hd__a2bb2o_2)
     8    0.03                           _08292_ (net)
                  0.17    0.00    5.58 ^ _36505_/A0 (sky130_fd_sc_hd__mux2_2)
                  0.04    0.18    5.75 ^ _36505_/X (sky130_fd_sc_hd__mux2_2)
     1    0.00                           _08601_ (net)
                  0.04    0.00    5.75 ^ _36506_/A (sky130_fd_sc_hd__buf_1)
                269.95  195.78  201.53 ^ _36506_/X (sky130_fd_sc_hd__buf_1)
  5920   23.57                           isl_blksiz.veri_onbellegi_denetleyici_dut.yol_A0[0] (net)
                269.95    0.00  201.53 ^ vffram_t1_0.REGF[5].RAM32x8_ASYNC_dut.m0.m7.m1.m1.m1/S0 (sky130_fd_sc_hd__mux4_1)
                  5.40   36.02  237.55 ^ vffram_t1_0.REGF[5].RAM32x8_ASYNC_dut.m0.m7.m1.m1.m1/X (sky130_fd_sc_hd__mux4_1)
     1    0.00                           vffram_t1_0.REGF[5].RAM32x8_ASYNC_dut.m0.m7.m1.m1.tmp1 (net)
                  5.40    0.00  237.55 ^ vffram_t1_0.REGF[5].RAM32x8_ASYNC_dut.m0.m7.m1.m1.m2/A1 (sky130_fd_sc_hd__mux2_1)
                  2.10    0.41  237.96 ^ vffram_t1_0.REGF[5].RAM32x8_ASYNC_dut.m0.m7.m1.m1.m2/X (sky130_fd_sc_hd__mux2_1)
     1    0.00                           vffram_t1_0.REGF[5].RAM32x8_ASYNC_dut.m0.m7.m1.m1.X (net)
                  2.10    0.00  237.96 ^ vffram_t1_0.REGF[5].RAM32x8_ASYNC_dut.m0.m7.m1.m2/A1 (sky130_fd_sc_hd__mux2_1)
                  1.14    0.29  238.24 ^ vffram_t1_0.REGF[5].RAM32x8_ASYNC_dut.m0.m7.m1.m2/X (sky130_fd_sc_hd__mux2_1)
     1    0.00                           vffram_t1_0.REGF[5].RAM32x8_ASYNC_dut.m0.m7.m1.X (net)
                  1.14    0.00  238.24 ^ vffram_t1_0.REGF[5].RAM32x8_ASYNC_dut.m0.m7.m2/A1 (sky130_fd_sc_hd__mux2_1)
                  0.66    0.24  238.49 ^ vffram_t1_0.REGF[5].RAM32x8_ASYNC_dut.m0.m7.m2/X (sky130_fd_sc_hd__mux2_1)
     1    0.00                           vffram_t1_0.REGF[5].RAM32x8_ASYNC_dut.m0.m7.X (net)
                  0.66    0.00  238.49 ^ vffram_t1_0.m0.m7.m1/A1 (sky130_fd_sc_hd__mux4_1)
                  0.22    0.37  238.86 ^ vffram_t1_0.m0.m7.m1/X (sky130_fd_sc_hd__mux4_1)
     1    0.00                           vffram_t1_0.m0.m7.tmp1 (net)
                  0.22    0.00  238.86 ^ vffram_t1_0.m0.m7.m2/A1 (sky130_fd_sc_hd__mux2_1)
                  0.16    0.24  239.09 ^ vffram_t1_0.m0.m7.m2/X (sky130_fd_sc_hd__mux2_1)
     2    0.01                           vffram_t1_0.m0.m7.X (net)
                  0.16    0.00  239.09 ^ _34002_/A (sky130_fd_sc_hd__xor2_2)
                  0.11    0.15  239.25 ^ _34002_/X (sky130_fd_sc_hd__xor2_2)
     1    0.00                           _06247_ (net)
                  0.11    0.00  239.25 ^ _34003_/B1 (sky130_fd_sc_hd__o21ai_2)
                  0.06    0.06  239.31 v _34003_/Y (sky130_fd_sc_hd__o21ai_2)
     1    0.00                           _06248_ (net)
                  0.06    0.00  239.31 v _34004_/C1 (sky130_fd_sc_hd__a221o_2)
                  0.05    0.30  239.60 v _34004_/X (sky130_fd_sc_hd__a221o_2)
     1    0.00                           _06249_ (net)
                  0.05    0.00  239.60 v _34011_/A (sky130_fd_sc_hd__or4_2)
                  0.10    0.68  240.28 v _34011_/X (sky130_fd_sc_hd__or4_2)
     1    0.00                           _06256_ (net)
                  0.10    0.00  240.28 v _34012_/D1 (sky130_fd_sc_hd__a2111o_2)
                  0.06    0.37  240.65 v _34012_/X (sky130_fd_sc_hd__a2111o_2)
     2    0.00                           _06257_ (net)
                  0.06    0.00  240.65 v _35977_/A (sky130_fd_sc_hd__buf_1)
                  0.14    0.20  240.85 v _35977_/X (sky130_fd_sc_hd__buf_1)
    10    0.02                           _08134_ (net)
                  0.14    0.00  240.85 v _43052_/A2 (sky130_fd_sc_hd__o22a_2)
                  0.03    0.26  241.11 v _43052_/X (sky130_fd_sc_hd__o22a_2)
     1    0.00                           _13257_ (net)
                  0.03    0.00  241.11 v _43053_/B1 (sky130_fd_sc_hd__o22a_2)
                  0.03    0.19  241.30 v _43053_/X (sky130_fd_sc_hd__o22a_2)
     1    0.00                           _13258_ (net)
                  0.03    0.00  241.30 v _43055_/A2 (sky130_fd_sc_hd__o21a_2)
                  0.04    0.19  241.50 v _43055_/X (sky130_fd_sc_hd__o21a_2)
     2    0.00                           _13260_ (net)
                  0.04    0.00  241.50 v _43059_/A0 (sky130_fd_sc_hd__mux2_2)
                  0.07    0.29  241.79 v _43059_/X (sky130_fd_sc_hd__mux2_2)
     3    0.01                           _13264_ (net)
                  0.07    0.00  241.79 v _43060_/A1 (sky130_fd_sc_hd__mux2_2)
                  0.05    0.29  242.07 v _43060_/X (sky130_fd_sc_hd__mux2_2)
     1    0.00                           _13265_ (net)
                  0.05    0.00  242.07 v _43069_/A2 (sky130_fd_sc_hd__o21ai_2)
                  0.08    0.10  242.17 ^ _43069_/Y (sky130_fd_sc_hd__o21ai_2)
     1    0.00                           _13274_ (net)
                  0.08    0.00  242.17 ^ _43079_/A0 (sky130_fd_sc_hd__mux2_2)
                  0.06    0.18  242.35 ^ _43079_/X (sky130_fd_sc_hd__mux2_2)
     3    0.01                           _13284_ (net)
                  0.06    0.00  242.35 ^ _43081_/A (sky130_fd_sc_hd__or2b_2)
                  0.06    0.13  242.48 ^ _43081_/X (sky130_fd_sc_hd__or2b_2)
     3    0.01                           _13286_ (net)
                  0.06    0.00  242.48 ^ _43082_/B (sky130_fd_sc_hd__nand2_2)
                  0.09    0.09  242.57 v _43082_/Y (sky130_fd_sc_hd__nand2_2)
     9    0.02                           _13287_ (net)
                  0.09    0.00  242.57 v _43574_/A (sky130_fd_sc_hd__or2_2)
                  0.07    0.35  242.92 v _43574_/X (sky130_fd_sc_hd__or2_2)
     4    0.01                           _13770_ (net)
                  0.07    0.00  242.92 v _43649_/A1 (sky130_fd_sc_hd__o22a_2)
                  0.03    0.25  243.17 v _43649_/X (sky130_fd_sc_hd__o22a_2)
     1    0.00                           _13843_ (net)
                  0.03    0.00  243.17 v _43660_/A2 (sky130_fd_sc_hd__o211a_2)
                  0.04    0.23  243.40 v _43660_/X (sky130_fd_sc_hd__o211a_2)
     1    0.00                           _13854_ (net)
                  0.04    0.00  243.40 v _43661_/B1 (sky130_fd_sc_hd__a21o_2)
                  0.04    0.19  243.59 v _43661_/X (sky130_fd_sc_hd__a21o_2)
     2    0.00                           _13855_ (net)
                  0.04    0.00  243.59 v _43662_/A1 (sky130_fd_sc_hd__mux2_2)
                  0.05    0.28  243.87 v _43662_/X (sky130_fd_sc_hd__mux2_2)
     2    0.00                           _13856_ (net)
                  0.05    0.00  243.87 v _57667_/A1 (sky130_fd_sc_hd__o221a_2)
                  0.06    0.32  244.18 v _57667_/X (sky130_fd_sc_hd__o221a_2)
     4    0.01                           _24485_ (net)
                  0.06    0.00  244.18 v _58862_/A (sky130_fd_sc_hd__or2b_2)
                  0.06    0.32  244.50 v _58862_/X (sky130_fd_sc_hd__or2b_2)
     2    0.01                           _25626_ (net)
                  0.06    0.00  244.50 v _58866_/B (sky130_fd_sc_hd__and4_2)
                  0.04    0.21  244.71 v _58866_/X (sky130_fd_sc_hd__and4_2)
     1    0.00                           _25630_ (net)
                  0.04    0.00  244.71 v _58867_/D (sky130_fd_sc_hd__and4_2)
                  0.04    0.22  244.93 v _58867_/X (sky130_fd_sc_hd__and4_2)
     1    0.00                           _25631_ (net)
                  0.04    0.00  244.93 v _58868_/D (sky130_fd_sc_hd__and4_2)
                  0.04    0.22  245.15 v _58868_/X (sky130_fd_sc_hd__and4_2)
     1    0.00                           _25632_ (net)
                  0.04    0.00  245.15 v _58869_/C (sky130_fd_sc_hd__and3b_2)
                  0.03    0.20  245.35 v _58869_/X (sky130_fd_sc_hd__and3b_2)
     1    0.00                           _25633_ (net)
                  0.03    0.00  245.35 v _58872_/C_N (sky130_fd_sc_hd__or4bb_2)
                  0.04    0.19  245.54 ^ _58872_/X (sky130_fd_sc_hd__or4bb_2)
     2    0.00                           _25636_ (net)
                  0.04    0.00  245.54 ^ _58898_/A_N (sky130_fd_sc_hd__and4b_2)
                  0.04    0.21  245.75 v _58898_/X (sky130_fd_sc_hd__and4b_2)
     1    0.00                           _25662_ (net)
                  0.04    0.00  245.75 v _58899_/C (sky130_fd_sc_hd__and3_2)
                  0.04    0.20  245.96 v _58899_/X (sky130_fd_sc_hd__and3_2)
     1    0.00                           _25663_ (net)
                  0.04    0.00  245.96 v _58900_/A4 (sky130_fd_sc_hd__a41o_2)
                  0.05    0.29  246.25 v _58900_/X (sky130_fd_sc_hd__a41o_2)
     3    0.01                           _25664_ (net)
                  0.05    0.00  246.25 v _58930_/A (sky130_fd_sc_hd__or2b_2)
                  0.05    0.29  246.54 v _58930_/X (sky130_fd_sc_hd__or2b_2)
     1    0.00                           _25692_ (net)
                  0.05    0.00  246.54 v _58931_/B1 (sky130_fd_sc_hd__a31o_2)
                  0.04    0.23  246.77 v _58931_/X (sky130_fd_sc_hd__a31o_2)
     1    0.00                           _25693_ (net)
                  0.04    0.00  246.77 v _58932_/A2 (sky130_fd_sc_hd__a21oi_2)
                  0.08    0.12  246.88 ^ _58932_/Y (sky130_fd_sc_hd__a21oi_2)
     1    0.00                           _05192_ (net)
                  0.08    0.00  246.88 ^ _72480_/D (sky130_fd_sc_hd__dfxtp_2)
                                246.88   data arrival time

                  0.15   25.00   25.00   clock clk (rise edge)
                          0.00   25.00   clock network delay (ideal)
                         -0.25   24.75   clock uncertainty
                          0.00   24.75   clock reconvergence pessimism
                                 24.75 ^ _72480_/CLK (sky130_fd_sc_hd__dfxtp_2)
                         -0.05   24.70   library setup time
                                 24.70   data required time
-----------------------------------------------------------------------------
                                 24.70   data required time
                               -246.88   data arrival time
-----------------------------------------------------------------------------
                               -222.19   slack (VIOLATED)


Startpoint: _72481_ (rising edge-triggered flip-flop clocked by clk)
Endpoint: _72479_ (rising edge-triggered flip-flop clocked by clk)
Path Group: clk
Path Type: max

Fanout     Cap    Slew   Delay    Time   Description
-----------------------------------------------------------------------------
                  0.15    0.00    0.00   clock clk (rise edge)
                          0.00    0.00   clock network delay (ideal)
                  0.15    0.00    0.00 ^ _72481_/CLK (sky130_fd_sc_hd__dfxtp_2)
                  0.22    0.51    0.51 ^ _72481_/Q (sky130_fd_sc_hd__dfxtp_2)
    10    0.04                           isl_blksiz.cek.arka_taraf_dut.coz_yazmacoku_dut.yrt_deger2_o[0] (net)
                  0.22    0.00    0.51 ^ _33526_/A (sky130_fd_sc_hd__buf_1)
                  0.47    0.43    0.94 ^ _33526_/X (sky130_fd_sc_hd__buf_1)
    10    0.04                           _05780_ (net)
                  0.47    0.00    0.94 ^ _33527_/A (sky130_fd_sc_hd__buf_1)
                  0.49    0.47    1.40 ^ _33527_/X (sky130_fd_sc_hd__buf_1)
    10    0.04                           _05781_ (net)
                  0.49    0.00    1.40 ^ _33528_/A (sky130_fd_sc_hd__buf_1)
                  0.41    0.41    1.81 ^ _33528_/X (sky130_fd_sc_hd__buf_1)
    10    0.03                           _05782_ (net)
                  0.41    0.00    1.81 ^ _33529_/A (sky130_fd_sc_hd__buf_1)
                  0.38    0.39    2.20 ^ _33529_/X (sky130_fd_sc_hd__buf_1)
    10    0.03                           _05783_ (net)
                  0.38    0.00    2.20 ^ _33629_/A (sky130_fd_sc_hd__buf_1)
                  0.55    0.50    2.70 ^ _33629_/X (sky130_fd_sc_hd__buf_1)
    10    0.05                           _05882_ (net)
                  0.55    0.00    2.70 ^ _33814_/A (sky130_fd_sc_hd__buf_1)
                  0.35    0.37    3.08 ^ _33814_/X (sky130_fd_sc_hd__buf_1)
    10    0.03                           _06062_ (net)
                  0.35    0.00    3.08 ^ _35264_/S (sky130_fd_sc_hd__mux2_2)
                  0.06    0.41    3.48 v _35264_/X (sky130_fd_sc_hd__mux2_2)
     3    0.01                           _07454_ (net)
                  0.06    0.00    3.48 v _36148_/A0 (sky130_fd_sc_hd__mux4_2)
                  0.09    0.48    3.96 v _36148_/X (sky130_fd_sc_hd__mux4_2)
     1    0.00                           _08276_ (net)
                  0.09    0.00    3.96 v _36149_/B1 (sky130_fd_sc_hd__a22oi_2)
                  0.14    0.14    4.11 ^ _36149_/Y (sky130_fd_sc_hd__a22oi_2)
     1    0.00                           _08277_ (net)
                  0.14    0.00    4.11 ^ _36150_/A (sky130_fd_sc_hd__inv_2)
                  0.04    0.05    4.15 v _36150_/Y (sky130_fd_sc_hd__inv_2)
     2    0.00                           _08278_ (net)
                  0.04    0.00    4.15 v _36151_/B1 (sky130_fd_sc_hd__a21o_2)
                  0.03    0.18    4.34 v _36151_/X (sky130_fd_sc_hd__a21o_2)
     1    0.00                           _08279_ (net)
                  0.03    0.00    4.34 v _36153_/B1 (sky130_fd_sc_hd__a22o_2)
                  0.04    0.20    4.54 v _36153_/X (sky130_fd_sc_hd__a22o_2)
     1    0.00                           _08281_ (net)
                  0.04    0.00    4.54 v _36156_/A2 (sky130_fd_sc_hd__o211a_2)
                  0.04    0.24    4.78 v _36156_/X (sky130_fd_sc_hd__o211a_2)
     1    0.00                           _08284_ (net)
                  0.04    0.00    4.78 v _36157_/B1 (sky130_fd_sc_hd__a31o_2)
                  0.05    0.23    5.01 v _36157_/X (sky130_fd_sc_hd__a31o_2)
     2    0.01                           _08285_ (net)
                  0.05    0.00    5.01 v _36163_/A3 (sky130_fd_sc_hd__a31o_2)
                  0.03    0.24    5.25 v _36163_/X (sky130_fd_sc_hd__a31o_2)
     1    0.00                           _08291_ (net)
                  0.03    0.00    5.25 v _36164_/A2_N (sky130_fd_sc_hd__a2bb2o_2)
                  0.17    0.33    5.58 ^ _36164_/X (sky130_fd_sc_hd__a2bb2o_2)
     8    0.03                           _08292_ (net)
                  0.17    0.00    5.58 ^ _36505_/A0 (sky130_fd_sc_hd__mux2_2)
                  0.04    0.18    5.75 ^ _36505_/X (sky130_fd_sc_hd__mux2_2)
     1    0.00                           _08601_ (net)
                  0.04    0.00    5.75 ^ _36506_/A (sky130_fd_sc_hd__buf_1)
                269.95  195.78  201.53 ^ _36506_/X (sky130_fd_sc_hd__buf_1)
  5920   23.57                           isl_blksiz.veri_onbellegi_denetleyici_dut.yol_A0[0] (net)
                269.95    0.00  201.53 ^ vffram_t1_0.REGF[5].RAM32x8_ASYNC_dut.m0.m7.m1.m1.m1/S0 (sky130_fd_sc_hd__mux4_1)
                  5.40   36.02  237.55 ^ vffram_t1_0.REGF[5].RAM32x8_ASYNC_dut.m0.m7.m1.m1.m1/X (sky130_fd_sc_hd__mux4_1)
     1    0.00                           vffram_t1_0.REGF[5].RAM32x8_ASYNC_dut.m0.m7.m1.m1.tmp1 (net)
                  5.40    0.00  237.55 ^ vffram_t1_0.REGF[5].RAM32x8_ASYNC_dut.m0.m7.m1.m1.m2/A1 (sky130_fd_sc_hd__mux2_1)
                  2.10    0.41  237.96 ^ vffram_t1_0.REGF[5].RAM32x8_ASYNC_dut.m0.m7.m1.m1.m2/X (sky130_fd_sc_hd__mux2_1)
     1    0.00                           vffram_t1_0.REGF[5].RAM32x8_ASYNC_dut.m0.m7.m1.m1.X (net)
                  2.10    0.00  237.96 ^ vffram_t1_0.REGF[5].RAM32x8_ASYNC_dut.m0.m7.m1.m2/A1 (sky130_fd_sc_hd__mux2_1)
                  1.14    0.29  238.24 ^ vffram_t1_0.REGF[5].RAM32x8_ASYNC_dut.m0.m7.m1.m2/X (sky130_fd_sc_hd__mux2_1)
     1    0.00                           vffram_t1_0.REGF[5].RAM32x8_ASYNC_dut.m0.m7.m1.X (net)
                  1.14    0.00  238.24 ^ vffram_t1_0.REGF[5].RAM32x8_ASYNC_dut.m0.m7.m2/A1 (sky130_fd_sc_hd__mux2_1)
                  0.66    0.24  238.49 ^ vffram_t1_0.REGF[5].RAM32x8_ASYNC_dut.m0.m7.m2/X (sky130_fd_sc_hd__mux2_1)
     1    0.00                           vffram_t1_0.REGF[5].RAM32x8_ASYNC_dut.m0.m7.X (net)
                  0.66    0.00  238.49 ^ vffram_t1_0.m0.m7.m1/A1 (sky130_fd_sc_hd__mux4_1)
                  0.22    0.37  238.86 ^ vffram_t1_0.m0.m7.m1/X (sky130_fd_sc_hd__mux4_1)
     1    0.00                           vffram_t1_0.m0.m7.tmp1 (net)
                  0.22    0.00  238.86 ^ vffram_t1_0.m0.m7.m2/A1 (sky130_fd_sc_hd__mux2_1)
                  0.16    0.24  239.09 ^ vffram_t1_0.m0.m7.m2/X (sky130_fd_sc_hd__mux2_1)
     2    0.01                           vffram_t1_0.m0.m7.X (net)
                  0.16    0.00  239.09 ^ _34002_/A (sky130_fd_sc_hd__xor2_2)
                  0.11    0.15  239.25 ^ _34002_/X (sky130_fd_sc_hd__xor2_2)
     1    0.00                           _06247_ (net)
                  0.11    0.00  239.25 ^ _34003_/B1 (sky130_fd_sc_hd__o21ai_2)
                  0.06    0.06  239.31 v _34003_/Y (sky130_fd_sc_hd__o21ai_2)
     1    0.00                           _06248_ (net)
                  0.06    0.00  239.31 v _34004_/C1 (sky130_fd_sc_hd__a221o_2)
                  0.05    0.30  239.60 v _34004_/X (sky130_fd_sc_hd__a221o_2)
     1    0.00                           _06249_ (net)
                  0.05    0.00  239.60 v _34011_/A (sky130_fd_sc_hd__or4_2)
                  0.10    0.68  240.28 v _34011_/X (sky130_fd_sc_hd__or4_2)
     1    0.00                           _06256_ (net)
                  0.10    0.00  240.28 v _34012_/D1 (sky130_fd_sc_hd__a2111o_2)
                  0.06    0.37  240.65 v _34012_/X (sky130_fd_sc_hd__a2111o_2)
     2    0.00                           _06257_ (net)
                  0.06    0.00  240.65 v _35977_/A (sky130_fd_sc_hd__buf_1)
                  0.14    0.20  240.85 v _35977_/X (sky130_fd_sc_hd__buf_1)
    10    0.02                           _08134_ (net)
                  0.14    0.00  240.85 v _43052_/A2 (sky130_fd_sc_hd__o22a_2)
                  0.03    0.26  241.11 v _43052_/X (sky130_fd_sc_hd__o22a_2)
     1    0.00                           _13257_ (net)
                  0.03    0.00  241.11 v _43053_/B1 (sky130_fd_sc_hd__o22a_2)
                  0.03    0.19  241.30 v _43053_/X (sky130_fd_sc_hd__o22a_2)
     1    0.00                           _13258_ (net)
                  0.03    0.00  241.30 v _43055_/A2 (sky130_fd_sc_hd__o21a_2)
                  0.04    0.19  241.50 v _43055_/X (sky130_fd_sc_hd__o21a_2)
     2    0.00                           _13260_ (net)
                  0.04    0.00  241.50 v _43059_/A0 (sky130_fd_sc_hd__mux2_2)
                  0.07    0.29  241.79 v _43059_/X (sky130_fd_sc_hd__mux2_2)
     3    0.01                           _13264_ (net)
                  0.07    0.00  241.79 v _43060_/A1 (sky130_fd_sc_hd__mux2_2)
                  0.05    0.29  242.07 v _43060_/X (sky130_fd_sc_hd__mux2_2)
     1    0.00                           _13265_ (net)
                  0.05    0.00  242.07 v _43069_/A2 (sky130_fd_sc_hd__o21ai_2)
                  0.08    0.10  242.17 ^ _43069_/Y (sky130_fd_sc_hd__o21ai_2)
     1    0.00                           _13274_ (net)
                  0.08    0.00  242.17 ^ _43079_/A0 (sky130_fd_sc_hd__mux2_2)
                  0.06    0.18  242.35 ^ _43079_/X (sky130_fd_sc_hd__mux2_2)
     3    0.01                           _13284_ (net)
                  0.06    0.00  242.35 ^ _43081_/A (sky130_fd_sc_hd__or2b_2)
                  0.06    0.13  242.48 ^ _43081_/X (sky130_fd_sc_hd__or2b_2)
     3    0.01                           _13286_ (net)
                  0.06    0.00  242.48 ^ _43082_/B (sky130_fd_sc_hd__nand2_2)
                  0.09    0.09  242.57 v _43082_/Y (sky130_fd_sc_hd__nand2_2)
     9    0.02                           _13287_ (net)
                  0.09    0.00  242.57 v _43574_/A (sky130_fd_sc_hd__or2_2)
                  0.07    0.35  242.92 v _43574_/X (sky130_fd_sc_hd__or2_2)
     4    0.01                           _13770_ (net)
                  0.07    0.00  242.92 v _43595_/B1 (sky130_fd_sc_hd__a21o_2)
                  0.03    0.20  243.12 v _43595_/X (sky130_fd_sc_hd__a21o_2)
     1    0.00                           _13790_ (net)
                  0.03    0.00  243.12 v _43615_/A2 (sky130_fd_sc_hd__a31o_2)
                  0.03    0.22  243.34 v _43615_/X (sky130_fd_sc_hd__a31o_2)
     1    0.00                           _13810_ (net)
                  0.03    0.00  243.34 v _43616_/A1 (sky130_fd_sc_hd__mux2_2)
                  0.08    0.27  243.61 v _43616_/X (sky130_fd_sc_hd__mux2_2)
     2    0.00                           _13811_ (net)
                  0.08    0.00  243.61 v _43617_/A1 (sky130_fd_sc_hd__mux2_2)
                  0.05    0.29  243.90 v _43617_/X (sky130_fd_sc_hd__mux2_2)
     2    0.00                           _13812_ (net)
                  0.05    0.00  243.90 v _57646_/A1 (sky130_fd_sc_hd__o221a_2)
                  0.06    0.32  244.22 v _57646_/X (sky130_fd_sc_hd__o221a_2)
     3    0.01                           _24465_ (net)
                  0.06    0.00  244.22 v _58860_/A (sky130_fd_sc_hd__inv_2)
                  0.04    0.06  244.29 ^ _58860_/Y (sky130_fd_sc_hd__inv_2)
     2    0.01                           _25624_ (net)
                  0.04    0.00  244.29 ^ _58864_/B1 (sky130_fd_sc_hd__o22a_2)
                  0.05    0.15  244.43 ^ _58864_/X (sky130_fd_sc_hd__o22a_2)
     2    0.01                           _25628_ (net)
                  0.05    0.00  244.43 ^ _58866_/C (sky130_fd_sc_hd__and4_2)
                  0.04    0.20  244.64 ^ _58866_/X (sky130_fd_sc_hd__and4_2)
     1    0.00                           _25630_ (net)
                  0.04    0.00  244.64 ^ _58867_/D (sky130_fd_sc_hd__and4_2)
                  0.04    0.21  244.85 ^ _58867_/X (sky130_fd_sc_hd__and4_2)
     1    0.00                           _25631_ (net)
                  0.04    0.00  244.85 ^ _58868_/D (sky130_fd_sc_hd__and4_2)
                  0.04    0.21  245.06 ^ _58868_/X (sky130_fd_sc_hd__and4_2)
     1    0.00                           _25632_ (net)
                  0.04    0.00  245.06 ^ _58869_/C (sky130_fd_sc_hd__and3b_2)
                  0.04    0.17  245.22 ^ _58869_/X (sky130_fd_sc_hd__and3b_2)
     1    0.00                           _25633_ (net)
                  0.04    0.00  245.22 ^ _58872_/C_N (sky130_fd_sc_hd__or4bb_2)
                  0.10    0.63  245.85 v _58872_/X (sky130_fd_sc_hd__or4bb_2)
     2    0.00                           _25636_ (net)
                  0.10    0.00  245.85 v _58898_/A_N (sky130_fd_sc_hd__and4b_2)
                  0.04    0.29  246.14 ^ _58898_/X (sky130_fd_sc_hd__and4b_2)
     1    0.00                           _25662_ (net)
                  0.04    0.00  246.14 ^ _58899_/C (sky130_fd_sc_hd__and3_2)
                  0.04    0.17  246.31 ^ _58899_/X (sky130_fd_sc_hd__and3_2)
     1    0.00                           _25663_ (net)
                  0.04    0.00  246.31 ^ _58900_/A4 (sky130_fd_sc_hd__a41o_2)
                  0.07    0.22  246.53 ^ _58900_/X (sky130_fd_sc_hd__a41o_2)
     3    0.01                           _25664_ (net)
                  0.07    0.00  246.53 ^ _58926_/B1 (sky130_fd_sc_hd__a21oi_2)
                  0.03    0.03  246.57 v _58926_/Y (sky130_fd_sc_hd__a21oi_2)
     1    0.00                           _25689_ (net)
                  0.03    0.00  246.57 v _58927_/A2 (sky130_fd_sc_hd__o21a_2)
                  0.03    0.18  246.75 v _58927_/X (sky130_fd_sc_hd__o21a_2)
     1    0.00                           _05191_ (net)
                  0.03    0.00  246.75 v _72479_/D (sky130_fd_sc_hd__dfxtp_2)
                                246.75   data arrival time

                  0.15   25.00   25.00   clock clk (rise edge)
                          0.00   25.00   clock network delay (ideal)
                         -0.25   24.75   clock uncertainty
                          0.00   24.75   clock reconvergence pessimism
                                 24.75 ^ _72479_/CLK (sky130_fd_sc_hd__dfxtp_2)
                         -0.08   24.67   library setup time
                                 24.67   data required time
-----------------------------------------------------------------------------
                                 24.67   data required time
                               -246.75   data arrival time
-----------------------------------------------------------------------------
                               -222.08   slack (VIOLATED)


Startpoint: _72481_ (rising edge-triggered flip-flop clocked by clk)
Endpoint: _72478_ (rising edge-triggered flip-flop clocked by clk)
Path Group: clk
Path Type: max

Fanout     Cap    Slew   Delay    Time   Description
-----------------------------------------------------------------------------
                  0.15    0.00    0.00   clock clk (rise edge)
                          0.00    0.00   clock network delay (ideal)
                  0.15    0.00    0.00 ^ _72481_/CLK (sky130_fd_sc_hd__dfxtp_2)
                  0.22    0.51    0.51 ^ _72481_/Q (sky130_fd_sc_hd__dfxtp_2)
    10    0.04                           isl_blksiz.cek.arka_taraf_dut.coz_yazmacoku_dut.yrt_deger2_o[0] (net)
                  0.22    0.00    0.51 ^ _33526_/A (sky130_fd_sc_hd__buf_1)
                  0.47    0.43    0.94 ^ _33526_/X (sky130_fd_sc_hd__buf_1)
    10    0.04                           _05780_ (net)
                  0.47    0.00    0.94 ^ _33527_/A (sky130_fd_sc_hd__buf_1)
                  0.49    0.47    1.40 ^ _33527_/X (sky130_fd_sc_hd__buf_1)
    10    0.04                           _05781_ (net)
                  0.49    0.00    1.40 ^ _33528_/A (sky130_fd_sc_hd__buf_1)
                  0.41    0.41    1.81 ^ _33528_/X (sky130_fd_sc_hd__buf_1)
    10    0.03                           _05782_ (net)
                  0.41    0.00    1.81 ^ _33529_/A (sky130_fd_sc_hd__buf_1)
                  0.38    0.39    2.20 ^ _33529_/X (sky130_fd_sc_hd__buf_1)
    10    0.03                           _05783_ (net)
                  0.38    0.00    2.20 ^ _33629_/A (sky130_fd_sc_hd__buf_1)
                  0.55    0.50    2.70 ^ _33629_/X (sky130_fd_sc_hd__buf_1)
    10    0.05                           _05882_ (net)
                  0.55    0.00    2.70 ^ _33814_/A (sky130_fd_sc_hd__buf_1)
                  0.35    0.37    3.08 ^ _33814_/X (sky130_fd_sc_hd__buf_1)
    10    0.03                           _06062_ (net)
                  0.35    0.00    3.08 ^ _35264_/S (sky130_fd_sc_hd__mux2_2)
                  0.06    0.41    3.48 v _35264_/X (sky130_fd_sc_hd__mux2_2)
     3    0.01                           _07454_ (net)
                  0.06    0.00    3.48 v _36148_/A0 (sky130_fd_sc_hd__mux4_2)
                  0.09    0.48    3.96 v _36148_/X (sky130_fd_sc_hd__mux4_2)
     1    0.00                           _08276_ (net)
                  0.09    0.00    3.96 v _36149_/B1 (sky130_fd_sc_hd__a22oi_2)
                  0.14    0.14    4.11 ^ _36149_/Y (sky130_fd_sc_hd__a22oi_2)
     1    0.00                           _08277_ (net)
                  0.14    0.00    4.11 ^ _36150_/A (sky130_fd_sc_hd__inv_2)
                  0.04    0.05    4.15 v _36150_/Y (sky130_fd_sc_hd__inv_2)
     2    0.00                           _08278_ (net)
                  0.04    0.00    4.15 v _36151_/B1 (sky130_fd_sc_hd__a21o_2)
                  0.03    0.18    4.34 v _36151_/X (sky130_fd_sc_hd__a21o_2)
     1    0.00                           _08279_ (net)
                  0.03    0.00    4.34 v _36153_/B1 (sky130_fd_sc_hd__a22o_2)
                  0.04    0.20    4.54 v _36153_/X (sky130_fd_sc_hd__a22o_2)
     1    0.00                           _08281_ (net)
                  0.04    0.00    4.54 v _36156_/A2 (sky130_fd_sc_hd__o211a_2)
                  0.04    0.24    4.78 v _36156_/X (sky130_fd_sc_hd__o211a_2)
     1    0.00                           _08284_ (net)
                  0.04    0.00    4.78 v _36157_/B1 (sky130_fd_sc_hd__a31o_2)
                  0.05    0.23    5.01 v _36157_/X (sky130_fd_sc_hd__a31o_2)
     2    0.01                           _08285_ (net)
                  0.05    0.00    5.01 v _36163_/A3 (sky130_fd_sc_hd__a31o_2)
                  0.03    0.24    5.25 v _36163_/X (sky130_fd_sc_hd__a31o_2)
     1    0.00                           _08291_ (net)
                  0.03    0.00    5.25 v _36164_/A2_N (sky130_fd_sc_hd__a2bb2o_2)
                  0.17    0.33    5.58 ^ _36164_/X (sky130_fd_sc_hd__a2bb2o_2)
     8    0.03                           _08292_ (net)
                  0.17    0.00    5.58 ^ _36505_/A0 (sky130_fd_sc_hd__mux2_2)
                  0.04    0.18    5.75 ^ _36505_/X (sky130_fd_sc_hd__mux2_2)
     1    0.00                           _08601_ (net)
                  0.04    0.00    5.75 ^ _36506_/A (sky130_fd_sc_hd__buf_1)
                269.95  195.78  201.53 ^ _36506_/X (sky130_fd_sc_hd__buf_1)
  5920   23.57                           isl_blksiz.veri_onbellegi_denetleyici_dut.yol_A0[0] (net)
                269.95    0.00  201.53 ^ vffram_t1_0.REGF[5].RAM32x8_ASYNC_dut.m0.m7.m1.m1.m1/S0 (sky130_fd_sc_hd__mux4_1)
                  5.40   36.02  237.55 ^ vffram_t1_0.REGF[5].RAM32x8_ASYNC_dut.m0.m7.m1.m1.m1/X (sky130_fd_sc_hd__mux4_1)
     1    0.00                           vffram_t1_0.REGF[5].RAM32x8_ASYNC_dut.m0.m7.m1.m1.tmp1 (net)
                  5.40    0.00  237.55 ^ vffram_t1_0.REGF[5].RAM32x8_ASYNC_dut.m0.m7.m1.m1.m2/A1 (sky130_fd_sc_hd__mux2_1)
                  2.10    0.41  237.96 ^ vffram_t1_0.REGF[5].RAM32x8_ASYNC_dut.m0.m7.m1.m1.m2/X (sky130_fd_sc_hd__mux2_1)
     1    0.00                           vffram_t1_0.REGF[5].RAM32x8_ASYNC_dut.m0.m7.m1.m1.X (net)
                  2.10    0.00  237.96 ^ vffram_t1_0.REGF[5].RAM32x8_ASYNC_dut.m0.m7.m1.m2/A1 (sky130_fd_sc_hd__mux2_1)
                  1.14    0.29  238.24 ^ vffram_t1_0.REGF[5].RAM32x8_ASYNC_dut.m0.m7.m1.m2/X (sky130_fd_sc_hd__mux2_1)
     1    0.00                           vffram_t1_0.REGF[5].RAM32x8_ASYNC_dut.m0.m7.m1.X (net)
                  1.14    0.00  238.24 ^ vffram_t1_0.REGF[5].RAM32x8_ASYNC_dut.m0.m7.m2/A1 (sky130_fd_sc_hd__mux2_1)
                  0.66    0.24  238.49 ^ vffram_t1_0.REGF[5].RAM32x8_ASYNC_dut.m0.m7.m2/X (sky130_fd_sc_hd__mux2_1)
     1    0.00                           vffram_t1_0.REGF[5].RAM32x8_ASYNC_dut.m0.m7.X (net)
                  0.66    0.00  238.49 ^ vffram_t1_0.m0.m7.m1/A1 (sky130_fd_sc_hd__mux4_1)
                  0.22    0.37  238.86 ^ vffram_t1_0.m0.m7.m1/X (sky130_fd_sc_hd__mux4_1)
     1    0.00                           vffram_t1_0.m0.m7.tmp1 (net)
                  0.22    0.00  238.86 ^ vffram_t1_0.m0.m7.m2/A1 (sky130_fd_sc_hd__mux2_1)
                  0.16    0.24  239.09 ^ vffram_t1_0.m0.m7.m2/X (sky130_fd_sc_hd__mux2_1)
     2    0.01                           vffram_t1_0.m0.m7.X (net)
                  0.16    0.00  239.09 ^ _34002_/A (sky130_fd_sc_hd__xor2_2)
                  0.11    0.15  239.25 ^ _34002_/X (sky130_fd_sc_hd__xor2_2)
     1    0.00                           _06247_ (net)
                  0.11    0.00  239.25 ^ _34003_/B1 (sky130_fd_sc_hd__o21ai_2)
                  0.06    0.06  239.31 v _34003_/Y (sky130_fd_sc_hd__o21ai_2)
     1    0.00                           _06248_ (net)
                  0.06    0.00  239.31 v _34004_/C1 (sky130_fd_sc_hd__a221o_2)
                  0.05    0.30  239.60 v _34004_/X (sky130_fd_sc_hd__a221o_2)
     1    0.00                           _06249_ (net)
                  0.05    0.00  239.60 v _34011_/A (sky130_fd_sc_hd__or4_2)
                  0.10    0.68  240.28 v _34011_/X (sky130_fd_sc_hd__or4_2)
     1    0.00                           _06256_ (net)
                  0.10    0.00  240.28 v _34012_/D1 (sky130_fd_sc_hd__a2111o_2)
                  0.06    0.37  240.65 v _34012_/X (sky130_fd_sc_hd__a2111o_2)
     2    0.00                           _06257_ (net)
                  0.06    0.00  240.65 v _35977_/A (sky130_fd_sc_hd__buf_1)
                  0.14    0.20  240.85 v _35977_/X (sky130_fd_sc_hd__buf_1)
    10    0.02                           _08134_ (net)
                  0.14    0.00  240.85 v _43052_/A2 (sky130_fd_sc_hd__o22a_2)
                  0.03    0.26  241.11 v _43052_/X (sky130_fd_sc_hd__o22a_2)
     1    0.00                           _13257_ (net)
                  0.03    0.00  241.11 v _43053_/B1 (sky130_fd_sc_hd__o22a_2)
                  0.03    0.19  241.30 v _43053_/X (sky130_fd_sc_hd__o22a_2)
     1    0.00                           _13258_ (net)
                  0.03    0.00  241.30 v _43055_/A2 (sky130_fd_sc_hd__o21a_2)
                  0.04    0.19  241.50 v _43055_/X (sky130_fd_sc_hd__o21a_2)
     2    0.00                           _13260_ (net)
                  0.04    0.00  241.50 v _43059_/A0 (sky130_fd_sc_hd__mux2_2)
                  0.07    0.29  241.79 v _43059_/X (sky130_fd_sc_hd__mux2_2)
     3    0.01                           _13264_ (net)
                  0.07    0.00  241.79 v _43060_/A1 (sky130_fd_sc_hd__mux2_2)
                  0.05    0.29  242.07 v _43060_/X (sky130_fd_sc_hd__mux2_2)
     1    0.00                           _13265_ (net)
                  0.05    0.00  242.07 v _43069_/A2 (sky130_fd_sc_hd__o21ai_2)
                  0.08    0.10  242.17 ^ _43069_/Y (sky130_fd_sc_hd__o21ai_2)
     1    0.00                           _13274_ (net)
                  0.08    0.00  242.17 ^ _43079_/A0 (sky130_fd_sc_hd__mux2_2)
                  0.06    0.18  242.35 ^ _43079_/X (sky130_fd_sc_hd__mux2_2)
     3    0.01                           _13284_ (net)
                  0.06    0.00  242.35 ^ _43081_/A (sky130_fd_sc_hd__or2b_2)
                  0.06    0.13  242.48 ^ _43081_/X (sky130_fd_sc_hd__or2b_2)
     3    0.01                           _13286_ (net)
                  0.06    0.00  242.48 ^ _43082_/B (sky130_fd_sc_hd__nand2_2)
                  0.09    0.09  242.57 v _43082_/Y (sky130_fd_sc_hd__nand2_2)
     9    0.02                           _13287_ (net)
                  0.09    0.00  242.57 v _43574_/A (sky130_fd_sc_hd__or2_2)
                  0.07    0.35  242.92 v _43574_/X (sky130_fd_sc_hd__or2_2)
     4    0.01                           _13770_ (net)
                  0.07    0.00  242.92 v _43595_/B1 (sky130_fd_sc_hd__a21o_2)
                  0.03    0.20  243.12 v _43595_/X (sky130_fd_sc_hd__a21o_2)
     1    0.00                           _13790_ (net)
                  0.03    0.00  243.12 v _43615_/A2 (sky130_fd_sc_hd__a31o_2)
                  0.03    0.22  243.34 v _43615_/X (sky130_fd_sc_hd__a31o_2)
     1    0.00                           _13810_ (net)
                  0.03    0.00  243.34 v _43616_/A1 (sky130_fd_sc_hd__mux2_2)
                  0.08    0.27  243.61 v _43616_/X (sky130_fd_sc_hd__mux2_2)
     2    0.00                           _13811_ (net)
                  0.08    0.00  243.61 v _43617_/A1 (sky130_fd_sc_hd__mux2_2)
                  0.05    0.29  243.90 v _43617_/X (sky130_fd_sc_hd__mux2_2)
     2    0.00                           _13812_ (net)
                  0.05    0.00  243.90 v _57646_/A1 (sky130_fd_sc_hd__o221a_2)
                  0.06    0.32  244.22 v _57646_/X (sky130_fd_sc_hd__o221a_2)
     3    0.01                           _24465_ (net)
                  0.06    0.00  244.22 v _58860_/A (sky130_fd_sc_hd__inv_2)
                  0.04    0.06  244.29 ^ _58860_/Y (sky130_fd_sc_hd__inv_2)
     2    0.01                           _25624_ (net)
                  0.04    0.00  244.29 ^ _58864_/B1 (sky130_fd_sc_hd__o22a_2)
                  0.05    0.15  244.43 ^ _58864_/X (sky130_fd_sc_hd__o22a_2)
     2    0.01                           _25628_ (net)
                  0.05    0.00  244.43 ^ _58866_/C (sky130_fd_sc_hd__and4_2)
                  0.04    0.20  244.64 ^ _58866_/X (sky130_fd_sc_hd__and4_2)
     1    0.00                           _25630_ (net)
                  0.04    0.00  244.64 ^ _58867_/D (sky130_fd_sc_hd__and4_2)
                  0.04    0.21  244.85 ^ _58867_/X (sky130_fd_sc_hd__and4_2)
     1    0.00                           _25631_ (net)
                  0.04    0.00  244.85 ^ _58868_/D (sky130_fd_sc_hd__and4_2)
                  0.04    0.21  245.06 ^ _58868_/X (sky130_fd_sc_hd__and4_2)
     1    0.00                           _25632_ (net)
                  0.04    0.00  245.06 ^ _58869_/C (sky130_fd_sc_hd__and3b_2)
                  0.04    0.17  245.22 ^ _58869_/X (sky130_fd_sc_hd__and3b_2)
     1    0.00                           _25633_ (net)
                  0.04    0.00  245.22 ^ _58872_/C_N (sky130_fd_sc_hd__or4bb_2)
                  0.10    0.63  245.85 v _58872_/X (sky130_fd_sc_hd__or4bb_2)
     2    0.00                           _25636_ (net)
                  0.10    0.00  245.85 v _58898_/A_N (sky130_fd_sc_hd__and4b_2)
                  0.04    0.29  246.14 ^ _58898_/X (sky130_fd_sc_hd__and4b_2)
     1    0.00                           _25662_ (net)
                  0.04    0.00  246.14 ^ _58899_/C (sky130_fd_sc_hd__and3_2)
                  0.04    0.17  246.31 ^ _58899_/X (sky130_fd_sc_hd__and3_2)
     1    0.00                           _25663_ (net)
                  0.04    0.00  246.31 ^ _58900_/A4 (sky130_fd_sc_hd__a41o_2)
                  0.07    0.22  246.53 ^ _58900_/X (sky130_fd_sc_hd__a41o_2)
     3    0.01                           _25664_ (net)
                  0.07    0.00  246.53 ^ _58901_/B1 (sky130_fd_sc_hd__o211a_2)
                  0.04    0.17  246.70 ^ _58901_/X (sky130_fd_sc_hd__o211a_2)
     1    0.00                           _05190_ (net)
                  0.04    0.00  246.70 ^ _72478_/D (sky130_fd_sc_hd__dfxtp_2)
                                246.70   data arrival time

                  0.15   25.00   25.00   clock clk (rise edge)
                          0.00   25.00   clock network delay (ideal)
                         -0.25   24.75   clock uncertainty
                          0.00   24.75   clock reconvergence pessimism
                                 24.75 ^ _72478_/CLK (sky130_fd_sc_hd__dfxtp_2)
                         -0.04   24.71   library setup time
                                 24.71   data required time
-----------------------------------------------------------------------------
                                 24.71   data required time
                               -246.70   data arrival time
-----------------------------------------------------------------------------
                               -221.99   slack (VIOLATED)


Startpoint: _72481_ (rising edge-triggered flip-flop clocked by clk)
Endpoint: vffram_combined.REGF[0].RAM32x8_ASYNC_dut.REGF[0].RFW.BIT[3].FF
          (rising edge-triggered flip-flop clocked by clk)
Path Group: clk
Path Type: max

Fanout     Cap    Slew   Delay    Time   Description
-----------------------------------------------------------------------------
                  0.15    0.00    0.00   clock clk (rise edge)
                          0.00    0.00   clock network delay (ideal)
                  0.15    0.00    0.00 ^ _72481_/CLK (sky130_fd_sc_hd__dfxtp_2)
                  0.22    0.51    0.51 ^ _72481_/Q (sky130_fd_sc_hd__dfxtp_2)
    10    0.04                           isl_blksiz.cek.arka_taraf_dut.coz_yazmacoku_dut.yrt_deger2_o[0] (net)
                  0.22    0.00    0.51 ^ _33526_/A (sky130_fd_sc_hd__buf_1)
                  0.47    0.43    0.94 ^ _33526_/X (sky130_fd_sc_hd__buf_1)
    10    0.04                           _05780_ (net)
                  0.47    0.00    0.94 ^ _33527_/A (sky130_fd_sc_hd__buf_1)
                  0.49    0.47    1.40 ^ _33527_/X (sky130_fd_sc_hd__buf_1)
    10    0.04                           _05781_ (net)
                  0.49    0.00    1.40 ^ _33528_/A (sky130_fd_sc_hd__buf_1)
                  0.41    0.41    1.81 ^ _33528_/X (sky130_fd_sc_hd__buf_1)
    10    0.03                           _05782_ (net)
                  0.41    0.00    1.81 ^ _33529_/A (sky130_fd_sc_hd__buf_1)
                  0.38    0.39    2.20 ^ _33529_/X (sky130_fd_sc_hd__buf_1)
    10    0.03                           _05783_ (net)
                  0.38    0.00    2.20 ^ _33629_/A (sky130_fd_sc_hd__buf_1)
                  0.55    0.50    2.70 ^ _33629_/X (sky130_fd_sc_hd__buf_1)
    10    0.05                           _05882_ (net)
                  0.55    0.00    2.70 ^ _33814_/A (sky130_fd_sc_hd__buf_1)
                  0.35    0.37    3.08 ^ _33814_/X (sky130_fd_sc_hd__buf_1)
    10    0.03                           _06062_ (net)
                  0.35    0.00    3.08 ^ _35264_/S (sky130_fd_sc_hd__mux2_2)
                  0.06    0.41    3.48 v _35264_/X (sky130_fd_sc_hd__mux2_2)
     3    0.01                           _07454_ (net)
                  0.06    0.00    3.48 v _36148_/A0 (sky130_fd_sc_hd__mux4_2)
                  0.09    0.48    3.96 v _36148_/X (sky130_fd_sc_hd__mux4_2)
     1    0.00                           _08276_ (net)
                  0.09    0.00    3.96 v _36149_/B1 (sky130_fd_sc_hd__a22oi_2)
                  0.14    0.14    4.11 ^ _36149_/Y (sky130_fd_sc_hd__a22oi_2)
     1    0.00                           _08277_ (net)
                  0.14    0.00    4.11 ^ _36150_/A (sky130_fd_sc_hd__inv_2)
                  0.04    0.05    4.15 v _36150_/Y (sky130_fd_sc_hd__inv_2)
     2    0.00                           _08278_ (net)
                  0.04    0.00    4.15 v _36151_/B1 (sky130_fd_sc_hd__a21o_2)
                  0.03    0.18    4.34 v _36151_/X (sky130_fd_sc_hd__a21o_2)
     1    0.00                           _08279_ (net)
                  0.03    0.00    4.34 v _36153_/B1 (sky130_fd_sc_hd__a22o_2)
                  0.04    0.20    4.54 v _36153_/X (sky130_fd_sc_hd__a22o_2)
     1    0.00                           _08281_ (net)
                  0.04    0.00    4.54 v _36156_/A2 (sky130_fd_sc_hd__o211a_2)
                  0.04    0.24    4.78 v _36156_/X (sky130_fd_sc_hd__o211a_2)
     1    0.00                           _08284_ (net)
                  0.04    0.00    4.78 v _36157_/B1 (sky130_fd_sc_hd__a31o_2)
                  0.05    0.23    5.01 v _36157_/X (sky130_fd_sc_hd__a31o_2)
     2    0.01                           _08285_ (net)
                  0.05    0.00    5.01 v _36163_/A3 (sky130_fd_sc_hd__a31o_2)
                  0.03    0.24    5.25 v _36163_/X (sky130_fd_sc_hd__a31o_2)
     1    0.00                           _08291_ (net)
                  0.03    0.00    5.25 v _36164_/A2_N (sky130_fd_sc_hd__a2bb2o_2)
                  0.17    0.33    5.58 ^ _36164_/X (sky130_fd_sc_hd__a2bb2o_2)
     8    0.03                           _08292_ (net)
                  0.17    0.00    5.58 ^ _36505_/A0 (sky130_fd_sc_hd__mux2_2)
                  0.04    0.18    5.75 ^ _36505_/X (sky130_fd_sc_hd__mux2_2)
     1    0.00                           _08601_ (net)
                  0.04    0.00    5.75 ^ _36506_/A (sky130_fd_sc_hd__buf_1)
                269.95  195.78  201.53 ^ _36506_/X (sky130_fd_sc_hd__buf_1)
  5920   23.57                           isl_blksiz.veri_onbellegi_denetleyici_dut.yol_A0[0] (net)
                269.95    0.00  201.53 ^ vffram_t1_0.REGF[5].RAM32x8_ASYNC_dut.m0.m7.m1.m1.m1/S0 (sky130_fd_sc_hd__mux4_1)
                  5.40   36.02  237.55 ^ vffram_t1_0.REGF[5].RAM32x8_ASYNC_dut.m0.m7.m1.m1.m1/X (sky130_fd_sc_hd__mux4_1)
     1    0.00                           vffram_t1_0.REGF[5].RAM32x8_ASYNC_dut.m0.m7.m1.m1.tmp1 (net)
                  5.40    0.00  237.55 ^ vffram_t1_0.REGF[5].RAM32x8_ASYNC_dut.m0.m7.m1.m1.m2/A1 (sky130_fd_sc_hd__mux2_1)
                  2.10    0.41  237.96 ^ vffram_t1_0.REGF[5].RAM32x8_ASYNC_dut.m0.m7.m1.m1.m2/X (sky130_fd_sc_hd__mux2_1)
     1    0.00                           vffram_t1_0.REGF[5].RAM32x8_ASYNC_dut.m0.m7.m1.m1.X (net)
                  2.10    0.00  237.96 ^ vffram_t1_0.REGF[5].RAM32x8_ASYNC_dut.m0.m7.m1.m2/A1 (sky130_fd_sc_hd__mux2_1)
                  1.14    0.29  238.24 ^ vffram_t1_0.REGF[5].RAM32x8_ASYNC_dut.m0.m7.m1.m2/X (sky130_fd_sc_hd__mux2_1)
     1    0.00                           vffram_t1_0.REGF[5].RAM32x8_ASYNC_dut.m0.m7.m1.X (net)
                  1.14    0.00  238.24 ^ vffram_t1_0.REGF[5].RAM32x8_ASYNC_dut.m0.m7.m2/A1 (sky130_fd_sc_hd__mux2_1)
                  0.66    0.24  238.49 ^ vffram_t1_0.REGF[5].RAM32x8_ASYNC_dut.m0.m7.m2/X (sky130_fd_sc_hd__mux2_1)
     1    0.00                           vffram_t1_0.REGF[5].RAM32x8_ASYNC_dut.m0.m7.X (net)
                  0.66    0.00  238.49 ^ vffram_t1_0.m0.m7.m1/A1 (sky130_fd_sc_hd__mux4_1)
                  0.22    0.37  238.86 ^ vffram_t1_0.m0.m7.m1/X (sky130_fd_sc_hd__mux4_1)
     1    0.00                           vffram_t1_0.m0.m7.tmp1 (net)
                  0.22    0.00  238.86 ^ vffram_t1_0.m0.m7.m2/A1 (sky130_fd_sc_hd__mux2_1)
                  0.16    0.24  239.09 ^ vffram_t1_0.m0.m7.m2/X (sky130_fd_sc_hd__mux2_1)
     2    0.01                           vffram_t1_0.m0.m7.X (net)
                  0.16    0.00  239.09 ^ _34002_/A (sky130_fd_sc_hd__xor2_2)
                  0.11    0.15  239.25 ^ _34002_/X (sky130_fd_sc_hd__xor2_2)
     1    0.00                           _06247_ (net)
                  0.11    0.00  239.25 ^ _34003_/B1 (sky130_fd_sc_hd__o21ai_2)
                  0.06    0.06  239.31 v _34003_/Y (sky130_fd_sc_hd__o21ai_2)
     1    0.00                           _06248_ (net)
                  0.06    0.00  239.31 v _34004_/C1 (sky130_fd_sc_hd__a221o_2)
                  0.05    0.30  239.60 v _34004_/X (sky130_fd_sc_hd__a221o_2)
     1    0.00                           _06249_ (net)
                  0.05    0.00  239.60 v _34011_/A (sky130_fd_sc_hd__or4_2)
                  0.10    0.68  240.28 v _34011_/X (sky130_fd_sc_hd__or4_2)
     1    0.00                           _06256_ (net)
                  0.10    0.00  240.28 v _34012_/D1 (sky130_fd_sc_hd__a2111o_2)
                  0.06    0.37  240.65 v _34012_/X (sky130_fd_sc_hd__a2111o_2)
     2    0.00                           _06257_ (net)
                  0.06    0.00  240.65 v _35977_/A (sky130_fd_sc_hd__buf_1)
                  0.14    0.20  240.85 v _35977_/X (sky130_fd_sc_hd__buf_1)
    10    0.02                           _08134_ (net)
                  0.14    0.00  240.85 v _35978_/A (sky130_fd_sc_hd__buf_1)
                  0.13    0.22  241.07 v _35978_/X (sky130_fd_sc_hd__buf_1)
    10    0.02                           _08135_ (net)
                  0.13    0.00  241.07 v _35979_/A (sky130_fd_sc_hd__buf_1)
                  0.13    0.22  241.29 v _35979_/X (sky130_fd_sc_hd__buf_1)
    10    0.02                           _08136_ (net)
                  0.13    0.00  241.29 v _35980_/A (sky130_fd_sc_hd__buf_1)
                  0.14    0.22  241.51 v _35980_/X (sky130_fd_sc_hd__buf_1)
    10    0.02                           _08137_ (net)
                  0.14    0.00  241.51 v _35981_/C (sky130_fd_sc_hd__and4b_2)
                  0.05    0.27  241.79 v _35981_/X (sky130_fd_sc_hd__and4b_2)
     1    0.00                           _08138_ (net)
                  0.05    0.00  241.79 v _35982_/B (sky130_fd_sc_hd__nor2_2)
                  0.05    0.06  241.85 ^ _35982_/Y (sky130_fd_sc_hd__nor2_2)
     1    0.00                           _08139_ (net)
                  0.05    0.00  241.85 ^ _35985_/A1_N (sky130_fd_sc_hd__a2bb2o_2)
                  0.06    0.30  242.16 v _35985_/X (sky130_fd_sc_hd__a2bb2o_2)
     4    0.01                           _08142_ (net)
                  0.06    0.00  242.16 v _35987_/B (sky130_fd_sc_hd__nor2_2)
                  0.29    0.26  242.41 ^ _35987_/Y (sky130_fd_sc_hd__nor2_2)
     6    0.03                           _08143_ (net)
                  0.29    0.00  242.41 ^ _36004_/A (sky130_fd_sc_hd__nand2_2)
                  0.11    0.14  242.55 v _36004_/Y (sky130_fd_sc_hd__nand2_2)
     9    0.01                           _08158_ (net)
                  0.11    0.00  242.55 v _36005_/S (sky130_fd_sc_hd__mux2_2)
                  0.04    0.25  242.80 ^ _36005_/X (sky130_fd_sc_hd__mux2_2)
     1    0.00                           _08159_ (net)
                  0.04    0.00  242.80 ^ _36006_/A (sky130_fd_sc_hd__buf_1)
                  4.70    3.45  246.25 ^ _36006_/X (sky130_fd_sc_hd__buf_1)
   256    0.41                           vffram_combined.Di0[3] (net)
                  4.70    0.00  246.25 ^ vffram_combined.REGF[0].RAM32x8_ASYNC_dut.REGF[0].RFW.BIT[3].FF/D (sky130_fd_sc_hd__dfxtp_4)
                                246.25   data arrival time

                  0.15   25.00   25.00   clock clk (rise edge)
                          0.00   25.00   clock network delay (ideal)
                         -0.25   24.75   clock uncertainty
                          0.00   24.75   clock reconvergence pessimism
                                 24.75 ^ vffram_combined.REGF[0].RAM32x8_ASYNC_dut.REGF[0].RFW.BIT[3].FF/CLK (sky130_fd_sc_hd__dfxtp_4)
                         -0.48   24.27   library setup time
                                 24.27   data required time
-----------------------------------------------------------------------------
                                 24.27   data required time
                               -246.25   data arrival time
-----------------------------------------------------------------------------
                               -221.98   slack (VIOLATED)


Startpoint: _72481_ (rising edge-triggered flip-flop clocked by clk)
Endpoint: vffram_combined.REGF[0].RAM32x8_ASYNC_dut.REGF[10].RFW.BIT[3].FF
          (rising edge-triggered flip-flop clocked by clk)
Path Group: clk
Path Type: max

Fanout     Cap    Slew   Delay    Time   Description
-----------------------------------------------------------------------------
                  0.15    0.00    0.00   clock clk (rise edge)
                          0.00    0.00   clock network delay (ideal)
                  0.15    0.00    0.00 ^ _72481_/CLK (sky130_fd_sc_hd__dfxtp_2)
                  0.22    0.51    0.51 ^ _72481_/Q (sky130_fd_sc_hd__dfxtp_2)
    10    0.04                           isl_blksiz.cek.arka_taraf_dut.coz_yazmacoku_dut.yrt_deger2_o[0] (net)
                  0.22    0.00    0.51 ^ _33526_/A (sky130_fd_sc_hd__buf_1)
                  0.47    0.43    0.94 ^ _33526_/X (sky130_fd_sc_hd__buf_1)
    10    0.04                           _05780_ (net)
                  0.47    0.00    0.94 ^ _33527_/A (sky130_fd_sc_hd__buf_1)
                  0.49    0.47    1.40 ^ _33527_/X (sky130_fd_sc_hd__buf_1)
    10    0.04                           _05781_ (net)
                  0.49    0.00    1.40 ^ _33528_/A (sky130_fd_sc_hd__buf_1)
                  0.41    0.41    1.81 ^ _33528_/X (sky130_fd_sc_hd__buf_1)
    10    0.03                           _05782_ (net)
                  0.41    0.00    1.81 ^ _33529_/A (sky130_fd_sc_hd__buf_1)
                  0.38    0.39    2.20 ^ _33529_/X (sky130_fd_sc_hd__buf_1)
    10    0.03                           _05783_ (net)
                  0.38    0.00    2.20 ^ _33629_/A (sky130_fd_sc_hd__buf_1)
                  0.55    0.50    2.70 ^ _33629_/X (sky130_fd_sc_hd__buf_1)
    10    0.05                           _05882_ (net)
                  0.55    0.00    2.70 ^ _33814_/A (sky130_fd_sc_hd__buf_1)
                  0.35    0.37    3.08 ^ _33814_/X (sky130_fd_sc_hd__buf_1)
    10    0.03                           _06062_ (net)
                  0.35    0.00    3.08 ^ _35264_/S (sky130_fd_sc_hd__mux2_2)
                  0.06    0.41    3.48 v _35264_/X (sky130_fd_sc_hd__mux2_2)
     3    0.01                           _07454_ (net)
                  0.06    0.00    3.48 v _36148_/A0 (sky130_fd_sc_hd__mux4_2)
                  0.09    0.48    3.96 v _36148_/X (sky130_fd_sc_hd__mux4_2)
     1    0.00                           _08276_ (net)
                  0.09    0.00    3.96 v _36149_/B1 (sky130_fd_sc_hd__a22oi_2)
                  0.14    0.14    4.11 ^ _36149_/Y (sky130_fd_sc_hd__a22oi_2)
     1    0.00                           _08277_ (net)
                  0.14    0.00    4.11 ^ _36150_/A (sky130_fd_sc_hd__inv_2)
                  0.04    0.05    4.15 v _36150_/Y (sky130_fd_sc_hd__inv_2)
     2    0.00                           _08278_ (net)
                  0.04    0.00    4.15 v _36151_/B1 (sky130_fd_sc_hd__a21o_2)
                  0.03    0.18    4.34 v _36151_/X (sky130_fd_sc_hd__a21o_2)
     1    0.00                           _08279_ (net)
                  0.03    0.00    4.34 v _36153_/B1 (sky130_fd_sc_hd__a22o_2)
                  0.04    0.20    4.54 v _36153_/X (sky130_fd_sc_hd__a22o_2)
     1    0.00                           _08281_ (net)
                  0.04    0.00    4.54 v _36156_/A2 (sky130_fd_sc_hd__o211a_2)
                  0.04    0.24    4.78 v _36156_/X (sky130_fd_sc_hd__o211a_2)
     1    0.00                           _08284_ (net)
                  0.04    0.00    4.78 v _36157_/B1 (sky130_fd_sc_hd__a31o_2)
                  0.05    0.23    5.01 v _36157_/X (sky130_fd_sc_hd__a31o_2)
     2    0.01                           _08285_ (net)
                  0.05    0.00    5.01 v _36163_/A3 (sky130_fd_sc_hd__a31o_2)
                  0.03    0.24    5.25 v _36163_/X (sky130_fd_sc_hd__a31o_2)
     1    0.00                           _08291_ (net)
                  0.03    0.00    5.25 v _36164_/A2_N (sky130_fd_sc_hd__a2bb2o_2)
                  0.17    0.33    5.58 ^ _36164_/X (sky130_fd_sc_hd__a2bb2o_2)
     8    0.03                           _08292_ (net)
                  0.17    0.00    5.58 ^ _36505_/A0 (sky130_fd_sc_hd__mux2_2)
                  0.04    0.18    5.75 ^ _36505_/X (sky130_fd_sc_hd__mux2_2)
     1    0.00                           _08601_ (net)
                  0.04    0.00    5.75 ^ _36506_/A (sky130_fd_sc_hd__buf_1)
                269.95  195.78  201.53 ^ _36506_/X (sky130_fd_sc_hd__buf_1)
  5920   23.57                           isl_blksiz.veri_onbellegi_denetleyici_dut.yol_A0[0] (net)
                269.95    0.00  201.53 ^ vffram_t1_0.REGF[5].RAM32x8_ASYNC_dut.m0.m7.m1.m1.m1/S0 (sky130_fd_sc_hd__mux4_1)
                  5.40   36.02  237.55 ^ vffram_t1_0.REGF[5].RAM32x8_ASYNC_dut.m0.m7.m1.m1.m1/X (sky130_fd_sc_hd__mux4_1)
     1    0.00                           vffram_t1_0.REGF[5].RAM32x8_ASYNC_dut.m0.m7.m1.m1.tmp1 (net)
                  5.40    0.00  237.55 ^ vffram_t1_0.REGF[5].RAM32x8_ASYNC_dut.m0.m7.m1.m1.m2/A1 (sky130_fd_sc_hd__mux2_1)
                  2.10    0.41  237.96 ^ vffram_t1_0.REGF[5].RAM32x8_ASYNC_dut.m0.m7.m1.m1.m2/X (sky130_fd_sc_hd__mux2_1)
     1    0.00                           vffram_t1_0.REGF[5].RAM32x8_ASYNC_dut.m0.m7.m1.m1.X (net)
                  2.10    0.00  237.96 ^ vffram_t1_0.REGF[5].RAM32x8_ASYNC_dut.m0.m7.m1.m2/A1 (sky130_fd_sc_hd__mux2_1)
                  1.14    0.29  238.24 ^ vffram_t1_0.REGF[5].RAM32x8_ASYNC_dut.m0.m7.m1.m2/X (sky130_fd_sc_hd__mux2_1)
     1    0.00                           vffram_t1_0.REGF[5].RAM32x8_ASYNC_dut.m0.m7.m1.X (net)
                  1.14    0.00  238.24 ^ vffram_t1_0.REGF[5].RAM32x8_ASYNC_dut.m0.m7.m2/A1 (sky130_fd_sc_hd__mux2_1)
                  0.66    0.24  238.49 ^ vffram_t1_0.REGF[5].RAM32x8_ASYNC_dut.m0.m7.m2/X (sky130_fd_sc_hd__mux2_1)
     1    0.00                           vffram_t1_0.REGF[5].RAM32x8_ASYNC_dut.m0.m7.X (net)
                  0.66    0.00  238.49 ^ vffram_t1_0.m0.m7.m1/A1 (sky130_fd_sc_hd__mux4_1)
                  0.22    0.37  238.86 ^ vffram_t1_0.m0.m7.m1/X (sky130_fd_sc_hd__mux4_1)
     1    0.00                           vffram_t1_0.m0.m7.tmp1 (net)
                  0.22    0.00  238.86 ^ vffram_t1_0.m0.m7.m2/A1 (sky130_fd_sc_hd__mux2_1)
                  0.16    0.24  239.09 ^ vffram_t1_0.m0.m7.m2/X (sky130_fd_sc_hd__mux2_1)
     2    0.01                           vffram_t1_0.m0.m7.X (net)
                  0.16    0.00  239.09 ^ _34002_/A (sky130_fd_sc_hd__xor2_2)
                  0.11    0.15  239.25 ^ _34002_/X (sky130_fd_sc_hd__xor2_2)
     1    0.00                           _06247_ (net)
                  0.11    0.00  239.25 ^ _34003_/B1 (sky130_fd_sc_hd__o21ai_2)
                  0.06    0.06  239.31 v _34003_/Y (sky130_fd_sc_hd__o21ai_2)
     1    0.00                           _06248_ (net)
                  0.06    0.00  239.31 v _34004_/C1 (sky130_fd_sc_hd__a221o_2)
                  0.05    0.30  239.60 v _34004_/X (sky130_fd_sc_hd__a221o_2)
     1    0.00                           _06249_ (net)
                  0.05    0.00  239.60 v _34011_/A (sky130_fd_sc_hd__or4_2)
                  0.10    0.68  240.28 v _34011_/X (sky130_fd_sc_hd__or4_2)
     1    0.00                           _06256_ (net)
                  0.10    0.00  240.28 v _34012_/D1 (sky130_fd_sc_hd__a2111o_2)
                  0.06    0.37  240.65 v _34012_/X (sky130_fd_sc_hd__a2111o_2)
     2    0.00                           _06257_ (net)
                  0.06    0.00  240.65 v _35977_/A (sky130_fd_sc_hd__buf_1)
                  0.14    0.20  240.85 v _35977_/X (sky130_fd_sc_hd__buf_1)
    10    0.02                           _08134_ (net)
                  0.14    0.00  240.85 v _35978_/A (sky130_fd_sc_hd__buf_1)
                  0.13    0.22  241.07 v _35978_/X (sky130_fd_sc_hd__buf_1)
    10    0.02                           _08135_ (net)
                  0.13    0.00  241.07 v _35979_/A (sky130_fd_sc_hd__buf_1)
                  0.13    0.22  241.29 v _35979_/X (sky130_fd_sc_hd__buf_1)
    10    0.02                           _08136_ (net)
                  0.13    0.00  241.29 v _35980_/A (sky130_fd_sc_hd__buf_1)
                  0.14    0.22  241.51 v _35980_/X (sky130_fd_sc_hd__buf_1)
    10    0.02                           _08137_ (net)
                  0.14    0.00  241.51 v _35981_/C (sky130_fd_sc_hd__and4b_2)
                  0.05    0.27  241.79 v _35981_/X (sky130_fd_sc_hd__and4b_2)
     1    0.00                           _08138_ (net)
                  0.05    0.00  241.79 v _35982_/B (sky130_fd_sc_hd__nor2_2)
                  0.05    0.06  241.85 ^ _35982_/Y (sky130_fd_sc_hd__nor2_2)
     1    0.00                           _08139_ (net)
                  0.05    0.00  241.85 ^ _35985_/A1_N (sky130_fd_sc_hd__a2bb2o_2)
                  0.06    0.30  242.16 v _35985_/X (sky130_fd_sc_hd__a2bb2o_2)
     4    0.01                           _08142_ (net)
                  0.06    0.00  242.16 v _35987_/B (sky130_fd_sc_hd__nor2_2)
                  0.29    0.26  242.41 ^ _35987_/Y (sky130_fd_sc_hd__nor2_2)
     6    0.03                           _08143_ (net)
                  0.29    0.00  242.41 ^ _36004_/A (sky130_fd_sc_hd__nand2_2)
                  0.11    0.14  242.55 v _36004_/Y (sky130_fd_sc_hd__nand2_2)
     9    0.01                           _08158_ (net)
                  0.11    0.00  242.55 v _36005_/S (sky130_fd_sc_hd__mux2_2)
                  0.04    0.25  242.80 ^ _36005_/X (sky130_fd_sc_hd__mux2_2)
     1    0.00                           _08159_ (net)
                  0.04    0.00  242.80 ^ _36006_/A (sky130_fd_sc_hd__buf_1)
                  4.70    3.45  246.25 ^ _36006_/X (sky130_fd_sc_hd__buf_1)
   256    0.41                           vffram_combined.Di0[3] (net)
                  4.70    0.00  246.25 ^ vffram_combined.REGF[0].RAM32x8_ASYNC_dut.REGF[10].RFW.BIT[3].FF/D (sky130_fd_sc_hd__dfxtp_4)
                                246.25   data arrival time

                  0.15   25.00   25.00   clock clk (rise edge)
                          0.00   25.00   clock network delay (ideal)
                         -0.25   24.75   clock uncertainty
                          0.00   24.75   clock reconvergence pessimism
                                 24.75 ^ vffram_combined.REGF[0].RAM32x8_ASYNC_dut.REGF[10].RFW.BIT[3].FF/CLK (sky130_fd_sc_hd__dfxtp_4)
                         -0.48   24.27   library setup time
                                 24.27   data required time
-----------------------------------------------------------------------------
                                 24.27   data required time
                               -246.25   data arrival time
-----------------------------------------------------------------------------
                               -221.98   slack (VIOLATED)


