
===========================================================================
 report_check_types -max_slew -max_cap -max_fanout -violators
============================================================================
max fanout

Pin                                   Limit Fanout  Slack
---------------------------------------------------------
clkbuf_8_0_0_clk/X                       10     26    -16 (VIOLATED)
clkbuf_8_124_0_clk/X                     10     26    -16 (VIOLATED)
clkbuf_8_127_0_clk/X                     10     24    -14 (VIOLATED)
clkbuf_8_31_0_clk/X                      10     24    -14 (VIOLATED)
clkbuf_8_42_0_clk/X                      10     24    -14 (VIOLATED)
clkbuf_8_98_0_clk/X                      10     24    -14 (VIOLATED)
clkbuf_8_100_0_clk/X                     10     23    -13 (VIOLATED)
clkbuf_8_126_0_clk/X                     10     23    -13 (VIOLATED)
clkbuf_8_102_0_clk/X                     10     22    -12 (VIOLATED)
clkbuf_8_103_0_clk/X                     10     22    -12 (VIOLATED)
clkbuf_8_105_0_clk/X                     10     22    -12 (VIOLATED)
clkbuf_8_107_0_clk/X                     10     21    -11 (VIOLATED)
clkbuf_8_10_0_clk/X                      10     21    -11 (VIOLATED)
clkbuf_8_110_0_clk/X                     10     21    -11 (VIOLATED)
clkbuf_8_63_0_clk/X                      10     21    -11 (VIOLATED)
clkbuf_8_73_0_clk/X                      10     21    -11 (VIOLATED)
clkbuf_8_76_0_clk/X                      10     21    -11 (VIOLATED)
clkbuf_8_101_0_clk/X                     10     20    -10 (VIOLATED)
clkbuf_8_109_0_clk/X                     10     20    -10 (VIOLATED)
clkbuf_8_125_0_clk/X                     10     20    -10 (VIOLATED)
clkbuf_8_104_0_clk/X                     10     19     -9 (VIOLATED)
clkbuf_8_115_0_clk/X                     10     19     -9 (VIOLATED)
clkbuf_8_32_0_clk/X                      10     19     -9 (VIOLATED)
clkbuf_8_90_0_clk/X                      10     19     -9 (VIOLATED)
clkbuf_8_96_0_clk/X                      10     19     -9 (VIOLATED)
clkbuf_8_108_0_clk/X                     10     18     -8 (VIOLATED)
clkbuf_8_120_0_clk/X                     10     18     -8 (VIOLATED)
clkbuf_8_121_0_clk/X                     10     18     -8 (VIOLATED)
clkbuf_8_123_0_clk/X                     10     18     -8 (VIOLATED)
clkbuf_8_1_0_clk/X                       10     18     -8 (VIOLATED)
clkbuf_8_213_0_clk/X                     10     18     -8 (VIOLATED)
clkbuf_8_21_0_clk/X                      10     18     -8 (VIOLATED)
clkbuf_8_2_0_clk/X                       10     18     -8 (VIOLATED)
clkbuf_8_53_0_clk/X                      10     18     -8 (VIOLATED)
clkbuf_8_91_0_clk/X                      10     18     -8 (VIOLATED)
clkbuf_8_97_0_clk/X                      10     18     -8 (VIOLATED)
clkbuf_8_111_0_clk/X                     10     17     -7 (VIOLATED)
clkbuf_8_112_0_clk/X                     10     17     -7 (VIOLATED)
clkbuf_8_198_0_clk/X                     10     17     -7 (VIOLATED)
clkbuf_8_29_0_clk/X                      10     17     -7 (VIOLATED)
clkbuf_8_30_0_clk/X                      10     17     -7 (VIOLATED)
clkbuf_8_47_0_clk/X                      10     17     -7 (VIOLATED)
clkbuf_8_75_0_clk/X                      10     17     -7 (VIOLATED)
clkbuf_8_80_0_clk/X                      10     17     -7 (VIOLATED)
clkbuf_8_106_0_clk/X                     10     16     -6 (VIOLATED)
clkbuf_8_116_0_clk/X                     10     16     -6 (VIOLATED)
clkbuf_8_117_0_clk/X                     10     16     -6 (VIOLATED)
clkbuf_8_118_0_clk/X                     10     16     -6 (VIOLATED)
clkbuf_8_26_0_clk/X                      10     16     -6 (VIOLATED)
clkbuf_8_78_0_clk/X                      10     16     -6 (VIOLATED)
clkbuf_8_84_0_clk/X                      10     16     -6 (VIOLATED)
clkbuf_8_87_0_clk/X                      10     16     -6 (VIOLATED)
clkbuf_8_99_0_clk/X                      10     16     -6 (VIOLATED)
clkbuf_8_113_0_clk/X                     10     15     -5 (VIOLATED)
clkbuf_8_11_0_clk/X                      10     15     -5 (VIOLATED)
clkbuf_8_16_0_clk/X                      10     15     -5 (VIOLATED)
clkbuf_8_27_0_clk/X                      10     15     -5 (VIOLATED)
clkbuf_8_33_0_clk/X                      10     15     -5 (VIOLATED)
clkbuf_8_40_0_clk/X                      10     15     -5 (VIOLATED)
clkbuf_8_43_0_clk/X                      10     15     -5 (VIOLATED)
clkbuf_8_5_0_clk/X                       10     15     -5 (VIOLATED)
clkbuf_8_60_0_clk/X                      10     15     -5 (VIOLATED)
clkbuf_8_62_0_clk/X                      10     15     -5 (VIOLATED)
clkbuf_8_77_0_clk/X                      10     15     -5 (VIOLATED)
clkbuf_8_85_0_clk/X                      10     15     -5 (VIOLATED)
clkbuf_8_88_0_clk/X                      10     15     -5 (VIOLATED)
clkbuf_leaf_1181_clk/X                   10     15     -5 (VIOLATED)
clkbuf_8_114_0_clk/X                     10     14     -4 (VIOLATED)
clkbuf_8_146_0_clk/X                     10     14     -4 (VIOLATED)
clkbuf_8_193_0_clk/X                     10     14     -4 (VIOLATED)
clkbuf_8_197_0_clk/X                     10     14     -4 (VIOLATED)
clkbuf_8_212_0_clk/X                     10     14     -4 (VIOLATED)
clkbuf_8_226_0_clk/X                     10     14     -4 (VIOLATED)
clkbuf_8_34_0_clk/X                      10     14     -4 (VIOLATED)
clkbuf_8_45_0_clk/X                      10     14     -4 (VIOLATED)
clkbuf_8_46_0_clk/X                      10     14     -4 (VIOLATED)
clkbuf_8_64_0_clk/X                      10     14     -4 (VIOLATED)
clkbuf_8_70_0_clk/X                      10     14     -4 (VIOLATED)
clkbuf_8_72_0_clk/X                      10     14     -4 (VIOLATED)
clkbuf_8_81_0_clk/X                      10     14     -4 (VIOLATED)
clkbuf_8_8_0_clk/X                       10     14     -4 (VIOLATED)
clkbuf_8_122_0_clk/X                     10     13     -3 (VIOLATED)
clkbuf_8_138_0_clk/X                     10     13     -3 (VIOLATED)
clkbuf_8_139_0_clk/X                     10     13     -3 (VIOLATED)
clkbuf_8_143_0_clk/X                     10     13     -3 (VIOLATED)
clkbuf_8_196_0_clk/X                     10     13     -3 (VIOLATED)
clkbuf_8_199_0_clk/X                     10     13     -3 (VIOLATED)
clkbuf_8_20_0_clk/X                      10     13     -3 (VIOLATED)
clkbuf_8_225_0_clk/X                     10     13     -3 (VIOLATED)
clkbuf_8_22_0_clk/X                      10     13     -3 (VIOLATED)
clkbuf_8_232_0_clk/X                     10     13     -3 (VIOLATED)
clkbuf_8_246_0_clk/X                     10     13     -3 (VIOLATED)
clkbuf_8_49_0_clk/X                      10     13     -3 (VIOLATED)
clkbuf_8_4_0_clk/X                       10     13     -3 (VIOLATED)
clkbuf_8_50_0_clk/X                      10     13     -3 (VIOLATED)
clkbuf_8_52_0_clk/X                      10     13     -3 (VIOLATED)
clkbuf_8_55_0_clk/X                      10     13     -3 (VIOLATED)
clkbuf_8_58_0_clk/X                      10     13     -3 (VIOLATED)
clkbuf_8_68_0_clk/X                      10     13     -3 (VIOLATED)
clkbuf_8_69_0_clk/X                      10     13     -3 (VIOLATED)
clkbuf_8_79_0_clk/X                      10     13     -3 (VIOLATED)
clkbuf_8_82_0_clk/X                      10     13     -3 (VIOLATED)
clkbuf_8_86_0_clk/X                      10     13     -3 (VIOLATED)
clkbuf_8_93_0_clk/X                      10     13     -3 (VIOLATED)
clkbuf_8_95_0_clk/X                      10     13     -3 (VIOLATED)
clkbuf_leaf_1206_clk/X                   10     13     -3 (VIOLATED)
clkbuf_leaf_1662_clk/X                   10     13     -3 (VIOLATED)
clkbuf_8_119_0_clk/X                     10     12     -2 (VIOLATED)
clkbuf_8_130_0_clk/X                     10     12     -2 (VIOLATED)
clkbuf_8_135_0_clk/X                     10     12     -2 (VIOLATED)
clkbuf_8_144_0_clk/X                     10     12     -2 (VIOLATED)
clkbuf_8_14_0_clk/X                      10     12     -2 (VIOLATED)
clkbuf_8_150_0_clk/X                     10     12     -2 (VIOLATED)
clkbuf_8_151_0_clk/X                     10     12     -2 (VIOLATED)
clkbuf_8_154_0_clk/X                     10     12     -2 (VIOLATED)
clkbuf_8_155_0_clk/X                     10     12     -2 (VIOLATED)
clkbuf_8_157_0_clk/X                     10     12     -2 (VIOLATED)
clkbuf_8_164_0_clk/X                     10     12     -2 (VIOLATED)
clkbuf_8_165_0_clk/X                     10     12     -2 (VIOLATED)
clkbuf_8_167_0_clk/X                     10     12     -2 (VIOLATED)
clkbuf_8_169_0_clk/X                     10     12     -2 (VIOLATED)
clkbuf_8_174_0_clk/X                     10     12     -2 (VIOLATED)
clkbuf_8_17_0_clk/X                      10     12     -2 (VIOLATED)
clkbuf_8_182_0_clk/X                     10     12     -2 (VIOLATED)
clkbuf_8_185_0_clk/X                     10     12     -2 (VIOLATED)
clkbuf_8_188_0_clk/X                     10     12     -2 (VIOLATED)
clkbuf_8_191_0_clk/X                     10     12     -2 (VIOLATED)
clkbuf_8_214_0_clk/X                     10     12     -2 (VIOLATED)
clkbuf_8_223_0_clk/X                     10     12     -2 (VIOLATED)
clkbuf_8_227_0_clk/X                     10     12     -2 (VIOLATED)
clkbuf_8_231_0_clk/X                     10     12     -2 (VIOLATED)
clkbuf_8_235_0_clk/X                     10     12     -2 (VIOLATED)
clkbuf_8_240_0_clk/X                     10     12     -2 (VIOLATED)
clkbuf_8_242_0_clk/X                     10     12     -2 (VIOLATED)
clkbuf_8_245_0_clk/X                     10     12     -2 (VIOLATED)
clkbuf_8_24_0_clk/X                      10     12     -2 (VIOLATED)
clkbuf_8_28_0_clk/X                      10     12     -2 (VIOLATED)
clkbuf_8_39_0_clk/X                      10     12     -2 (VIOLATED)
clkbuf_8_48_0_clk/X                      10     12     -2 (VIOLATED)
clkbuf_8_54_0_clk/X                      10     12     -2 (VIOLATED)
clkbuf_8_74_0_clk/X                      10     12     -2 (VIOLATED)
clkbuf_8_7_0_clk/X                       10     12     -2 (VIOLATED)
clkbuf_8_92_0_clk/X                      10     12     -2 (VIOLATED)
clkbuf_8_94_0_clk/X                      10     12     -2 (VIOLATED)
clkbuf_leaf_1316_clk/X                   10     12     -2 (VIOLATED)
clkbuf_leaf_1636_clk/X                   10     12     -2 (VIOLATED)
clkbuf_leaf_1694_clk/X                   10     12     -2 (VIOLATED)
clkbuf_8_132_0_clk/X                     10     11        (VIOLATED)
clkbuf_8_134_0_clk/X                     10     11        (VIOLATED)
clkbuf_8_137_0_clk/X                     10     11        (VIOLATED)
clkbuf_8_13_0_clk/X                      10     11        (VIOLATED)
clkbuf_8_147_0_clk/X                     10     11        (VIOLATED)
clkbuf_8_149_0_clk/X                     10     11        (VIOLATED)
clkbuf_8_152_0_clk/X                     10     11        (VIOLATED)
clkbuf_8_153_0_clk/X                     10     11        (VIOLATED)
clkbuf_8_159_0_clk/X                     10     11        (VIOLATED)
clkbuf_8_163_0_clk/X                     10     11        (VIOLATED)
clkbuf_8_177_0_clk/X                     10     11        (VIOLATED)
clkbuf_8_181_0_clk/X                     10     11        (VIOLATED)
clkbuf_8_183_0_clk/X                     10     11        (VIOLATED)
clkbuf_8_187_0_clk/X                     10     11        (VIOLATED)
clkbuf_8_189_0_clk/X                     10     11        (VIOLATED)
clkbuf_8_192_0_clk/X                     10     11        (VIOLATED)
clkbuf_8_195_0_clk/X                     10     11        (VIOLATED)
clkbuf_8_202_0_clk/X                     10     11        (VIOLATED)
clkbuf_8_205_0_clk/X                     10     11        (VIOLATED)
clkbuf_8_209_0_clk/X                     10     11        (VIOLATED)
clkbuf_8_215_0_clk/X                     10     11        (VIOLATED)
clkbuf_8_224_0_clk/X                     10     11        (VIOLATED)
clkbuf_8_228_0_clk/X                     10     11        (VIOLATED)
clkbuf_8_229_0_clk/X                     10     11        (VIOLATED)
clkbuf_8_237_0_clk/X                     10     11        (VIOLATED)
clkbuf_8_238_0_clk/X                     10     11        (VIOLATED)
clkbuf_8_239_0_clk/X                     10     11        (VIOLATED)
clkbuf_8_244_0_clk/X                     10     11        (VIOLATED)
clkbuf_8_248_0_clk/X                     10     11        (VIOLATED)
clkbuf_8_249_0_clk/X                     10     11        (VIOLATED)
clkbuf_8_250_0_clk/X                     10     11        (VIOLATED)
clkbuf_8_252_0_clk/X                     10     11        (VIOLATED)
clkbuf_8_254_0_clk/X                     10     11        (VIOLATED)
clkbuf_8_36_0_clk/X                      10     11        (VIOLATED)
clkbuf_8_37_0_clk/X                      10     11        (VIOLATED)
clkbuf_8_3_0_clk/X                       10     11        (VIOLATED)
clkbuf_8_41_0_clk/X                      10     11        (VIOLATED)
clkbuf_8_51_0_clk/X                      10     11        (VIOLATED)
clkbuf_8_56_0_clk/X                      10     11        (VIOLATED)
clkbuf_8_65_0_clk/X                      10     11        (VIOLATED)
clkbuf_8_66_0_clk/X                      10     11        (VIOLATED)
clkbuf_8_67_0_clk/X                      10     11        (VIOLATED)
clkbuf_8_83_0_clk/X                      10     11        (VIOLATED)
clkbuf_8_89_0_clk/X                      10     11        (VIOLATED)
clkbuf_8_9_0_clk/X                       10     11        (VIOLATED)
clkbuf_leaf_1176_clk/X                   10     11        (VIOLATED)
clkbuf_leaf_1272_clk/X                   10     11        (VIOLATED)
clkbuf_leaf_1282_clk/X                   10     11        (VIOLATED)
clkbuf_leaf_1344_clk/X                   10     11        (VIOLATED)
clkbuf_leaf_1362_clk/X                   10     11        (VIOLATED)
clkbuf_leaf_1536_clk/X                   10     11        (VIOLATED)
clkbuf_leaf_1697_clk/X                   10     11        (VIOLATED)
clkbuf_leaf_1739_clk/X                   10     11        (VIOLATED)
clkbuf_leaf_386_clk/X                    10     11        (VIOLATED)
clkbuf_leaf_462_clk/X                    10     11        (VIOLATED)
clkbuf_leaf_539_clk/X                    10     11        (VIOLATED)
clkbuf_leaf_605_clk/X                    10     11        (VIOLATED)


===========================================================================
max slew violation count 0
max fanout violation count 204
max cap violation count 0
============================================================================
